Component: ARM Compiler 5.06 update 1 (build 61) Tool: armlink [4d35a8]

==============================================================================

Section Cross References

    main.o(i.main) refers to stm32f1xx_hal.o(i.HAL_Init) for HAL_Init
    main.o(i.main) refers to rcc.o(i.SystemClock_Config) for SystemClock_Config
    main.o(i.main) refers to gpio.o(i.MX_GPIO_Init) for MX_GPIO_Init
    main.o(i.main) refers to gpio.o(i.MX_ADC1_Init) for MX_ADC1_Init
    main.o(i.main) refers to rcc.o(i.MX_RTC_Init) for MX_RTC_Init
    main.o(i.main) refers to gpio.o(i.Fan) for Fan
    main.o(i.main) refers to gpio.o(i.Ignition) for Ignition
    main.o(i.main) refers to gpio.o(i.Valve) for Valve
    main.o(i.main) refers to regulator.o(i.Regulator_Init) for Regulator_Init
    main.o(i.main) refers to interface.o(i.Display_Init) for Display_Init
    main.o(i.main) refers to stm32f1xx_hal.o(i.HAL_Delay) for HAL_Delay
    main.o(i.main) refers to regulator.o(i.Average_temp) for Average_temp
    main.o(i.main) refers to regulator.o(i.Set_pwr) for Set_pwr
    main.o(i.main) refers to interface.o(i.Gauge_display) for Gauge_display
    main.o(i.main) refers to gpio.o(i.Opt_sensor) for Opt_sensor
    stm32f1xx_it.o(i.ADC1_IRQHandler) refers to stm32f1xx_hal_adc.o(i.HAL_ADC_IRQHandler) for HAL_ADC_IRQHandler
    stm32f1xx_it.o(i.ADC1_IRQHandler) refers to gpio.o(.bss) for hadc1
    stm32f1xx_it.o(i.EXTI15_10_IRQHandler) refers to stm32f1xx_hal_gpio.o(i.HAL_GPIO_EXTI_IRQHandler) for HAL_GPIO_EXTI_IRQHandler
    stm32f1xx_it.o(i.RTC_Alarm_IRQHandler) refers to stm32f1xx_hal_rtc.o(i.HAL_RTC_AlarmIRQHandler) for HAL_RTC_AlarmIRQHandler
    stm32f1xx_it.o(i.RTC_Alarm_IRQHandler) refers to rcc.o(.bss) for hrtc
    stm32f1xx_it.o(i.RTC_IRQHandler) refers to stm32f1xx_hal_rtc_ex.o(i.HAL_RTCEx_RTCIRQHandler) for HAL_RTCEx_RTCIRQHandler
    stm32f1xx_it.o(i.RTC_IRQHandler) refers to rcc.o(.bss) for hrtc
    stm32f1xx_it.o(i.SysTick_Handler) refers to stm32f1xx_hal.o(i.HAL_IncTick) for HAL_IncTick
    stm32f1xx_it.o(i.SysTick_Handler) refers to stm32f1xx_hal_cortex.o(i.HAL_SYSTICK_IRQHandler) for HAL_SYSTICK_IRQHandler
    stm32f1xx_hal_msp.o(i.HAL_ADC_MspDeInit) refers to stm32f1xx_hal_gpio.o(i.HAL_GPIO_DeInit) for HAL_GPIO_DeInit
    stm32f1xx_hal_msp.o(i.HAL_ADC_MspDeInit) refers to stm32f1xx_hal_cortex.o(i.HAL_NVIC_DisableIRQ) for HAL_NVIC_DisableIRQ
    stm32f1xx_hal_msp.o(i.HAL_ADC_MspInit) refers to stm32f1xx_hal_gpio.o(i.HAL_GPIO_Init) for HAL_GPIO_Init
    stm32f1xx_hal_msp.o(i.HAL_ADC_MspInit) refers to stm32f1xx_hal_cortex.o(i.HAL_NVIC_SetPriority) for HAL_NVIC_SetPriority
    stm32f1xx_hal_msp.o(i.HAL_ADC_MspInit) refers to stm32f1xx_hal_cortex.o(i.HAL_NVIC_EnableIRQ) for HAL_NVIC_EnableIRQ
    stm32f1xx_hal_msp.o(i.HAL_MspInit) refers to stm32f1xx_hal_cortex.o(i.HAL_NVIC_SetPriorityGrouping) for HAL_NVIC_SetPriorityGrouping
    stm32f1xx_hal_msp.o(i.HAL_MspInit) refers to stm32f1xx_hal_cortex.o(i.HAL_NVIC_SetPriority) for HAL_NVIC_SetPriority
    stm32f1xx_hal_msp.o(i.HAL_RTC_MspDeInit) refers to stm32f1xx_hal_cortex.o(i.HAL_NVIC_DisableIRQ) for HAL_NVIC_DisableIRQ
    stm32f1xx_hal_msp.o(i.HAL_RTC_MspInit) refers to stm32f1xx_hal_pwr.o(i.HAL_PWR_EnableBkUpAccess) for HAL_PWR_EnableBkUpAccess
    stm32f1xx_hal_msp.o(i.HAL_RTC_MspInit) refers to stm32f1xx_hal_cortex.o(i.HAL_NVIC_SetPriority) for HAL_NVIC_SetPriority
    stm32f1xx_hal_msp.o(i.HAL_RTC_MspInit) refers to stm32f1xx_hal_cortex.o(i.HAL_NVIC_EnableIRQ) for HAL_NVIC_EnableIRQ
    display.o(i.Lcd_Init) refers to display.o(i.Lcd_set_write) for Lcd_set_write
    display.o(i.Lcd_Init) refers to display.o(i.Lcd_reset) for Lcd_reset
    display.o(i.Lcd_Init) refers to display.o(i.Lcd_status_check) for Lcd_status_check
    display.o(i.Lcd_Init) refers to display.o(i.Lcd_send_data) for Lcd_send_data
    display.o(i.Lcd_Init) refers to display.o(i.Lcd_send_command) for Lcd_send_command
    display.o(i.Lcd_Pixel) refers to display.o(.bss) for .bss
    display.o(i.Lcd_print_screen) refers to display.o(i.Lcd_send_command) for Lcd_send_command
    display.o(i.Lcd_print_screen) refers to display.o(i.Lcd_send_data) for Lcd_send_data
    display.o(i.Lcd_print_screen) refers to display.o(i.Lcd_status_check) for Lcd_status_check
    display.o(i.Lcd_print_screen) refers to display.o(.bss) for .bss
    display.o(i.Lcd_reset) refers to display.o(i.lcdRS) for lcdRS
    display.o(i.Lcd_reset) refers to stm32f1xx_hal.o(i.HAL_Delay) for HAL_Delay
    display.o(i.Lcd_send_command) refers to display.o(i.lcdRS) for lcdRS
    display.o(i.Lcd_send_command) refers to display.o(i.lcdRD) for lcdRD
    display.o(i.Lcd_send_command) refers to display.o(i.lcdWR) for lcdWR
    display.o(i.Lcd_send_command) refers to display.o(i.lcdCD) for lcdCD
    display.o(i.Lcd_send_command) refers to display.o(i.lcdCE) for lcdCE
    display.o(i.Lcd_send_command) refers to display.o(i.lcdDB) for lcdDB
    display.o(i.Lcd_send_data) refers to display.o(i.lcdRS) for lcdRS
[...]
    Removing ugui.o(i.UG_DriverEnable), (36 bytes).
    Removing ugui.o(i.UG_DriverRegister), (28 bytes).
    Removing ugui.o(i.UG_FillCircle), (174 bytes).
    Removing ugui.o(i.UG_FillRoundFrame), (212 bytes).
    Removing ugui.o(i.UG_FontSetHSpace), (16 bytes).
    Removing ugui.o(i.UG_FontSetVSpace), (16 bytes).
    Removing ugui.o(i.UG_GetXDim), (12 bytes).
    Removing ugui.o(i.UG_GetYDim), (12 bytes).
    Removing ugui.o(i.UG_ImageCreate), (100 bytes).
    Removing ugui.o(i.UG_ImageDelete), (8 bytes).
    Removing ugui.o(i.UG_ImageHide), (34 bytes).
    Removing ugui.o(i.UG_ImageSetBMP), (40 bytes).
    Removing ugui.o(i.UG_ImageShow), (30 bytes).
    Removing ugui.o(i.UG_SelectGUI), (12 bytes).
    Removing ugui.o(i.UG_TextboxCreate), (116 bytes).
    Removing ugui.o(i.UG_TextboxDelete), (8 bytes).
    Removing ugui.o(i.UG_TextboxGetAlignment), (22 bytes).
    Removing ugui.o(i.UG_TextboxGetBackColor), (22 bytes).
    Removing ugui.o(i.UG_TextboxGetFont), (22 bytes).
    Removing ugui.o(i.UG_TextboxGetForeColor), (22 bytes).
    Removing ugui.o(i.UG_TextboxGetHSpace), (24 bytes).
    Removing ugui.o(i.UG_TextboxGetText), (22 bytes).
    Removing ugui.o(i.UG_TextboxGetVSpace), (24 bytes).
    Removing ugui.o(i.UG_TextboxHide), (34 bytes).
    Removing ugui.o(i.UG_TextboxSetAlignment), (36 bytes).
    Removing ugui.o(i.UG_TextboxSetBackColor), (36 bytes).
    Removing ugui.o(i.UG_TextboxSetFont), (36 bytes).
    Removing ugui.o(i.UG_TextboxSetForeColor), (36 bytes).
    Removing ugui.o(i.UG_TextboxSetHSpace), (36 bytes).
    Removing ugui.o(i.UG_TextboxSetText), (36 bytes).
    Removing ugui.o(i.UG_TextboxSetVSpace), (36 bytes).
    Removing ugui.o(i.UG_TextboxShow), (30 bytes).
    Removing ugui.o(i.UG_TouchUpdate), (16 bytes).
    Removing ugui.o(i.UG_Update), (160 bytes).
    Removing ugui.o(i.UG_WaitForUpdate), (28 bytes).
    Removing ugui.o(i.UG_WindowAlert), (52 bytes).
    Removing ugui.o(i.UG_WindowCreate), (136 bytes).
    Removing ugui.o(i.UG_WindowDelete), (56 bytes).
    Removing ugui.o(i.UG_WindowGetArea), (78 bytes).
    Removing ugui.o(i.UG_WindowGetBackColor), (16 bytes).
    Removing ugui.o(i.UG_WindowGetForeColor), (16 bytes).
    Removing ugui.o(i.UG_WindowGetInnerHeight), (48 bytes).
    Removing ugui.o(i.UG_WindowGetInnerWidth), (38 bytes).
    Removing ugui.o(i.UG_WindowGetOuterHeight), (26 bytes).
    Removing ugui.o(i.UG_WindowGetOuterWidth), (26 bytes).
    Removing ugui.o(i.UG_WindowGetStyle), (18 bytes).
    Removing ugui.o(i.UG_WindowGetTitleColor), (16 bytes).
    Removing ugui.o(i.UG_WindowGetTitleHeight), (18 bytes).
    Removing ugui.o(i.UG_WindowGetTitleInactiveColor), (16 bytes).
    Removing ugui.o(i.UG_WindowGetTitleInactiveTextColor), (16 bytes).
    Removing ugui.o(i.UG_WindowGetTitleText), (16 bytes).
    Removing ugui.o(i.UG_WindowGetTitleTextAlignment), (18 bytes).
    Removing ugui.o(i.UG_WindowGetTitleTextColor), (16 bytes).
    Removing ugui.o(i.UG_WindowGetTitleTextFont), (16 bytes).
    Removing ugui.o(i.UG_WindowGetTitleTextHSpace), (18 bytes).
    Removing ugui.o(i.UG_WindowGetTitleTextVSpace), (18 bytes).
    Removing ugui.o(i.UG_WindowGetXEnd), (18 bytes).
    Removing ugui.o(i.UG_WindowGetXStart), (18 bytes).
    Removing ugui.o(i.UG_WindowGetYEnd), (18 bytes).
    Removing ugui.o(i.UG_WindowGetYStart), (18 bytes).
    Removing ugui.o(i.UG_WindowHide), (104 bytes).
    Removing ugui.o(i.UG_WindowResize), (220 bytes).
    Removing ugui.o(i.UG_WindowSetBackColor), (26 bytes).
    Removing ugui.o(i.UG_WindowSetForeColor), (26 bytes).
    Removing ugui.o(i.UG_WindowSetStyle), (66 bytes).
    Removing ugui.o(i.UG_WindowSetTitleColor), (26 bytes).
    Removing ugui.o(i.UG_WindowSetTitleHeight), (32 bytes).
    Removing ugui.o(i.UG_WindowSetTitleInactiveColor), (26 bytes).
    Removing ugui.o(i.UG_WindowSetTitleInactiveTextColor), (26 bytes).
    Removing ugui.o(i.UG_WindowSetTitleText), (26 bytes).
    Removing ugui.o(i.UG_WindowSetTitleTextAlignment), (28 bytes).
    Removing ugui.o(i.UG_WindowSetTitleTextColor), (26 bytes).
    Removing ugui.o(i.UG_WindowSetTitleTextFont), (52 bytes).
    Removing ugui.o(i.UG_WindowSetTitleTextHSpace), (28 bytes).
    Removing ugui.o(i.UG_WindowSetTitleTextVSpace), (28 bytes).
    Removing ugui.o(i.UG_WindowSetXEnd), (42 bytes).
    Removing ugui.o(i.UG_WindowSetXStart), (40 bytes).
    Removing ugui.o(i.UG_WindowSetYEnd), (40 bytes).
    Removing ugui.o(i.UG_WindowSetYStart), (42 bytes).
    Removing ugui.o(i.UG_WindowShow), (36 bytes).
    Removing ugui.o(i._UG_ButtonUpdate), (372 bytes).
    Removing ugui.o(i._UG_DeleteObject), (52 bytes).
    Removing ugui.o(i._UG_DrawObjectFrame), (234 bytes).
    Removing ugui.o(i._UG_GetFreeObject), (42 bytes).
    Removing ugui.o(i._UG_HandleEvents), (96 bytes).
    Removing ugui.o(i._UG_ImageUpdate), (134 bytes).
    Removing ugui.o(i._UG_ProcessTouchData), (180 bytes).
    Removing ugui.o(i._UG_PutText), (456 bytes).
    Removing ugui.o(i._UG_SearchObject), (58 bytes).
    Removing ugui.o(i._UG_TextboxUpdate), (182 bytes).
    Removing ugui.o(i._UG_UpdateObjects), (82 bytes).
    Removing ugui.o(i._UG_WindowClear), (80 bytes).
    Removing ugui.o(i._UG_WindowDrawTitle), (180 bytes).
    Removing ugui.o(i._UG_WindowUpdate), (196 bytes).
    Removing ugui.o(.constdata), (13312 bytes).
    Removing ugui.o(.constdata), (12 bytes).
    Removing ugui.o(.constdata), (144 bytes).
    Removing regulator.o(.rev16_text), (4 bytes).
    Removing regulator.o(.revsh_text), (4 bytes).
    Removing regulator.o(.rrx_text), (6 bytes).
    Removing regulator.o(.data), (1 bytes).
    Removing system_stm32f1xx.o(.rev16_text), (4 bytes).
    Removing system_stm32f1xx.o(.revsh_text), (4 bytes).
    Removing system_stm32f1xx.o(.rrx_text), (6 bytes).
    Removing system_stm32f1xx.o(i.SystemCoreClockUpdate), (120 bytes).
    Removing startup_stm32f100xb.o(HEAP), (512 bytes).
    Removing stm32f1xx_hal_rcc.o(.rev16_text), (4 bytes).
    Removing stm32f1xx_hal_rcc.o(.revsh_text), (4 bytes).
    Removing stm32f1xx_hal_rcc.o(.rrx_text), (6 bytes).
    Removing stm32f1xx_hal_rcc.o(i.HAL_RCC_CSSCallback), (2 bytes).
    Removing stm32f1xx_hal_rcc.o(i.HAL_RCC_DeInit), (84 bytes).
    Removing stm32f1xx_hal_rcc.o(i.HAL_RCC_DisableCSS), (28 bytes).
    Removing stm32f1xx_hal_rcc.o(i.HAL_RCC_EnableCSS), (24 bytes).
    Removing stm32f1xx_hal_rcc.o(i.HAL_RCC_GetClockConfig), (52 bytes).
    Removing stm32f1xx_hal_rcc.o(i.HAL_RCC_GetOscConfig), (156 bytes).
    Removing stm32f1xx_hal_rcc.o(i.HAL_RCC_GetPCLK1Freq), (48 bytes).
    Removing stm32f1xx_hal_rcc.o(i.HAL_RCC_MCOConfig), (72 bytes).
    Removing stm32f1xx_hal_rcc.o(i.HAL_RCC_NMI_IRQHandler), (24 bytes).
    Removing stm32f1xx_hal_rtc.o(.rev16_text), (4 bytes).
    Removing stm32f1xx_hal_rtc.o(.revsh_text), (4 bytes).
    Removing stm32f1xx_hal_rtc.o(.rrx_text), (6 bytes).
    Removing stm32f1xx_hal_rtc.o(i.HAL_RTC_DeInit), (100 bytes).
    Removing stm32f1xx_hal_rtc.o(i.HAL_RTC_DeactivateAlarm), (112 bytes).
    Removing stm32f1xx_hal_rtc.o(i.HAL_RTC_GetAlarm), (102 bytes).
    Removing stm32f1xx_hal_rtc.o(i.HAL_RTC_GetDate), (78 bytes).
    Removing stm32f1xx_hal_rtc.o(i.HAL_RTC_GetState), (4 bytes).
    Removing stm32f1xx_hal_rtc.o(i.HAL_RTC_GetTime), (216 bytes).
    Removing stm32f1xx_hal_rtc.o(i.HAL_RTC_MspDeInit), (2 bytes).
    Removing stm32f1xx_hal_rtc.o(i.HAL_RTC_MspInit), (2 bytes).
    Removing stm32f1xx_hal_rtc.o(i.HAL_RTC_PollForAlarmAEvent), (64 bytes).
    Removing stm32f1xx_hal_rtc.o(i.HAL_RTC_SetAlarm), (188 bytes).
    Removing stm32f1xx_hal_rtc.o(i.HAL_RTC_SetAlarm_IT), (232 bytes).
    Removing stm32f1xx_hal_rtc.o(i.RTC_ByteToBcd2), (22 bytes).
    Removing stm32f1xx_hal_rtc.o(i.RTC_DateUpdate), (174 bytes).
    Removing stm32f1xx_hal_flash.o(.rev16_text), (4 bytes).
    Removing stm32f1xx_hal_flash.o(.revsh_text), (4 bytes).
    Removing stm32f1xx_hal_flash.o(.rrx_text), (6 bytes).
    Removing stm32f1xx_hal_flash.o(i.FLASH_Program_HalfWord), (28 bytes).
    Removing stm32f1xx_hal_flash.o(i.FLASH_SetErrorCode), (68 bytes).
    Removing stm32f1xx_hal_flash.o(i.FLASH_WaitForLastOperation), (84 bytes).
    Removing stm32f1xx_hal_flash.o(i.HAL_FLASH_EndOfOperationCallback), (2 bytes).
    Removing stm32f1xx_hal_flash.o(i.HAL_FLASH_GetError), (12 bytes).
    Removing stm32f1xx_hal_flash.o(i.HAL_FLASH_IRQHandler), (264 bytes).
    Removing stm32f1xx_hal_flash.o(i.HAL_FLASH_Lock), (20 bytes).
    Removing stm32f1xx_hal_flash.o(i.HAL_FLASH_OB_Launch), (10 bytes).
    Removing stm32f1xx_hal_flash.o(i.HAL_FLASH_OB_Lock), (20 bytes).
    Removing stm32f1xx_hal_flash.o(i.HAL_FLASH_OB_Unlock), (36 bytes).
    Removing stm32f1xx_hal_flash.o(i.HAL_FLASH_OperationErrorCallback), (2 bytes).
    Removing stm32f1xx_hal_flash.o(i.HAL_FLASH_Program), (128 bytes).
    Removing stm32f1xx_hal_flash.o(i.HAL_FLASH_Program_IT), (100 bytes).
    Removing stm32f1xx_hal_flash.o(i.HAL_FLASH_Unlock), (36 bytes).
    Removing stm32f1xx_hal_flash.o(.bss), (32 bytes).
    Removing stm32f1xx_hal_adc_ex.o(.rev16_text), (4 bytes).
    Removing stm32f1xx_hal_adc_ex.o(.revsh_text), (4 bytes).
    Removing stm32f1xx_hal_adc_ex.o(.rrx_text), (6 bytes).
    Removing stm32f1xx_hal_adc_ex.o(i.HAL_ADCEx_Calibration_Start), (200 bytes).
    Removing stm32f1xx_hal_adc_ex.o(i.HAL_ADCEx_InjectedConfigChannel), (568 bytes).
    Removing stm32f1xx_hal_adc_ex.o(i.HAL_ADCEx_InjectedGetValue), (30 bytes).
    Removing stm32f1xx_hal_adc_ex.o(i.HAL_ADCEx_InjectedPollForConversion), (292 bytes).
    Removing stm32f1xx_hal_adc_ex.o(i.HAL_ADCEx_InjectedStart), (120 bytes).
    Removing stm32f1xx_hal_adc_ex.o(i.HAL_ADCEx_InjectedStart_IT), (130 bytes).
    Removing stm32f1xx_hal_adc_ex.o(i.HAL_ADCEx_InjectedStop), (78 bytes).
    Removing stm32f1xx_hal_adc_ex.o(i.HAL_ADCEx_InjectedStop_IT), (88 bytes).
    Removing stm32f1xx_hal_adc.o(.rev16_text), (4 bytes).
    Removing stm32f1xx_hal_adc.o(.revsh_text), (4 bytes).
    Removing stm32f1xx_hal_adc.o(.rrx_text), (6 bytes).
    Removing stm32f1xx_hal_adc.o(i.ADC_DMAConvCplt), (78 bytes).
    Removing stm32f1xx_hal_adc.o(i.ADC_DMAError), (26 bytes).
    Removing stm32f1xx_hal_adc.o(i.ADC_DMAHalfConvCplt), (10 bytes).
    Removing stm32f1xx_hal_adc.o(i.HAL_ADC_AnalogWDGConfig), (88 bytes).
    Removing stm32f1xx_hal_adc.o(i.HAL_ADC_ConvHalfCpltCallback), (2 bytes).
    Removing stm32f1xx_hal_adc.o(i.HAL_ADC_DeInit), (228 bytes).
    Removing stm32f1xx_hal_adc.o(i.HAL_ADC_ErrorCallback), (2 bytes).
    Removing stm32f1xx_hal_adc.o(i.HAL_ADC_GetError), (4 bytes).
    Removing stm32f1xx_hal_adc.o(i.HAL_ADC_GetState), (4 bytes).
    Removing stm32f1xx_hal_adc.o(i.HAL_ADC_MspDeInit), (2 bytes).
    Removing stm32f1xx_hal_adc.o(i.HAL_ADC_MspInit), (2 bytes).
    Removing stm32f1xx_hal_adc.o(i.HAL_ADC_PollForEvent), (84 bytes).
    Removing stm32f1xx_hal_adc.o(i.HAL_ADC_Start_DMA), (208 bytes).
    Removing stm32f1xx_hal_adc.o(i.HAL_ADC_Start_IT), (152 bytes).
    Removing stm32f1xx_hal_adc.o(i.HAL_ADC_Stop_DMA), (76 bytes).
    Removing stm32f1xx_hal_adc.o(i.HAL_ADC_Stop_IT), (62 bytes).
    Removing stm32f1xx_hal.o(.rev16_text), (4 bytes).
    Removing stm32f1xx_hal.o(.revsh_text), (4 bytes).
    Removing stm32f1xx_hal.o(.rrx_text), (6 bytes).
    Removing stm32f1xx_hal.o(i.HAL_DBGMCU_DisableDBGSleepMode), (16 bytes).
    Removing stm32f1xx_hal.o(i.HAL_DBGMCU_DisableDBGStandbyMode), (16 bytes).
    Removing stm32f1xx_hal.o(i.HAL_DBGMCU_DisableDBGStopMode), (16 bytes).
    Removing stm32f1xx_hal.o(i.HAL_DBGMCU_EnableDBGSleepMode), (16 bytes).
    Removing stm32f1xx_hal.o(i.HAL_DBGMCU_EnableDBGStandbyMode), (16 bytes).
    Removing stm32f1xx_hal.o(i.HAL_DBGMCU_EnableDBGStopMode), (16 bytes).
    Removing stm32f1xx_hal.o(i.HAL_DeInit), (32 bytes).
    Removing stm32f1xx_hal.o(i.HAL_GetDEVID), (16 bytes).
    Removing stm32f1xx_hal.o(i.HAL_GetHalVersion), (8 bytes).
    Removing stm32f1xx_hal.o(i.HAL_GetREVID), (28 bytes).
    Removing stm32f1xx_hal.o(i.HAL_MspDeInit), (2 bytes).
    Removing stm32f1xx_hal.o(i.HAL_MspInit), (2 bytes).
    Removing stm32f1xx_hal.o(i.HAL_ResumeTick), (14 bytes).
    Removing stm32f1xx_hal.o(i.HAL_SuspendTick), (14 bytes).
    Removing stm32f1xx_hal_tim.o(.rev16_text), (4 bytes).
    Removing stm32f1xx_hal_tim.o(.revsh_text), (4 bytes).
    Removing stm32f1xx_hal_tim.o(.rrx_text), (6 bytes).
    Removing stm32f1xx_hal_pwr.o(.rev16_text), (4 bytes).
    Removing stm32f1xx_hal_pwr.o(.revsh_text), (4 bytes).
    Removing stm32f1xx_hal_pwr.o(.rrx_text), (6 bytes).
    Removing stm32f1xx_hal_pwr.o(i.HAL_PWR_ConfigPVD), (124 bytes).
    Removing stm32f1xx_hal_pwr.o(i.HAL_PWR_DeInit), (24 bytes).
    Removing stm32f1xx_hal_pwr.o(i.HAL_PWR_DisableBkUpAccess), (28 bytes).
    Removing stm32f1xx_hal_pwr.o(i.HAL_PWR_DisablePVD), (24 bytes).
    Removing stm32f1xx_hal_pwr.o(i.HAL_PWR_DisableSEVOnPend), (16 bytes).
    Removing stm32f1xx_hal_pwr.o(i.HAL_PWR_DisableSleepOnExit), (16 bytes).
    Removing stm32f1xx_hal_pwr.o(i.HAL_PWR_DisableWakeUpPin), (28 bytes).
    Removing stm32f1xx_hal_pwr.o(i.HAL_PWR_EnablePVD), (24 bytes).
    Removing stm32f1xx_hal_pwr.o(i.HAL_PWR_EnableSEVOnPend), (16 bytes).
    Removing stm32f1xx_hal_pwr.o(i.HAL_PWR_EnableSleepOnExit), (16 bytes).
    Removing stm32f1xx_hal_pwr.o(i.HAL_PWR_EnableWakeUpPin), (28 bytes).
    Removing stm32f1xx_hal_pwr.o(i.HAL_PWR_EnterSLEEPMode), (32 bytes).
    Removing stm32f1xx_hal_pwr.o(i.HAL_PWR_EnterSTANDBYMode), (32 bytes).
    Removing stm32f1xx_hal_pwr.o(i.HAL_PWR_EnterSTOPMode), (68 bytes).
    Removing stm32f1xx_hal_pwr.o(i.HAL_PWR_PVDCallback), (2 bytes).
    Removing stm32f1xx_hal_pwr.o(i.HAL_PWR_PVD_IRQHandler), (28 bytes).
    Removing stm32f1xx_hal_pwr.o(i.PWR_OverloadWfe), (6 bytes).
    Removing stm32f1xx_hal_gpio_ex.o(.rev16_text), (4 bytes).
    Removing stm32f1xx_hal_gpio_ex.o(.revsh_text), (4 bytes).
    Removing stm32f1xx_hal_gpio_ex.o(.rrx_text), (6 bytes).
    Removing stm32f1xx_hal_gpio_ex.o(i.HAL_GPIOEx_ConfigEventout), (20 bytes).
    Removing stm32f1xx_hal_gpio_ex.o(i.HAL_GPIOEx_DisableEventout), (16 bytes).
    Removing stm32f1xx_hal_gpio_ex.o(i.HAL_GPIOEx_EnableEventout), (16 bytes).
    Removing stm32f1xx_hal_tim_ex.o(.rev16_text), (4 bytes).
    Removing stm32f1xx_hal_tim_ex.o(.revsh_text), (4 bytes).
    Removing stm32f1xx_hal_tim_ex.o(.rrx_text), (6 bytes).
    Removing stm32f1xx_hal_gpio.o(.rev16_text), (4 bytes).
    Removing stm32f1xx_hal_gpio.o(.revsh_text), (4 bytes).
    Removing stm32f1xx_hal_gpio.o(.rrx_text), (6 bytes).
    Removing stm32f1xx_hal_gpio.o(i.HAL_GPIO_DeInit), (228 bytes).
    Removing stm32f1xx_hal_gpio.o(i.HAL_GPIO_LockPin), (34 bytes).
    Removing stm32f1xx_hal_gpio.o(i.HAL_GPIO_TogglePin), (8 bytes).
    Removing stm32f1xx_hal_cortex.o(.rev16_text), (4 bytes).
    Removing stm32f1xx_hal_cortex.o(.revsh_text), (4 bytes).
    Removing stm32f1xx_hal_cortex.o(.rrx_text), (6 bytes).
    Removing stm32f1xx_hal_cortex.o(i.HAL_NVIC_ClearPendingIRQ), (22 bytes).
    Removing stm32f1xx_hal_cortex.o(i.HAL_NVIC_DisableIRQ), (22 bytes).
    Removing stm32f1xx_hal_cortex.o(i.HAL_NVIC_GetActive), (32 bytes).
    Removing stm32f1xx_hal_cortex.o(i.HAL_NVIC_GetPendingIRQ), (32 bytes).
    Removing stm32f1xx_hal_cortex.o(i.HAL_NVIC_GetPriority), (82 bytes).
    Removing stm32f1xx_hal_cortex.o(i.HAL_NVIC_GetPriorityGrouping), (16 bytes).
    Removing stm32f1xx_hal_cortex.o(i.HAL_NVIC_SetPendingIRQ), (22 bytes).
    Removing stm32f1xx_hal_cortex.o(i.HAL_NVIC_SystemReset), (36 bytes).
    Removing stm32f1xx_hal_flash_ex.o(.rev16_text), (4 bytes).
    Removing stm32f1xx_hal_flash_ex.o(.revsh_text), (4 bytes).
    Removing stm32f1xx_hal_flash_ex.o(.rrx_text), (6 bytes).
    Removing stm32f1xx_hal_flash_ex.o(i.FLASH_MassErase), (36 bytes).
    Removing stm32f1xx_hal_flash_ex.o(i.FLASH_OB_DisableWRP), (176 bytes).
    Removing stm32f1xx_hal_flash_ex.o(i.FLASH_OB_EnableWRP), (176 bytes).
    Removing stm32f1xx_hal_flash_ex.o(i.FLASH_OB_GetRDP), (24 bytes).
    Removing stm32f1xx_hal_flash_ex.o(i.FLASH_OB_RDP_LevelConfig), (100 bytes).
    Removing stm32f1xx_hal_flash_ex.o(i.FLASH_PageErase), (36 bytes).
    Removing stm32f1xx_hal_flash_ex.o(i.HAL_FLASHEx_Erase), (168 bytes).
    Removing stm32f1xx_hal_flash_ex.o(i.HAL_FLASHEx_Erase_IT), (84 bytes).
    Removing stm32f1xx_hal_flash_ex.o(i.HAL_FLASHEx_OBErase), (84 bytes).
    Removing stm32f1xx_hal_flash_ex.o(i.HAL_FLASHEx_OBGetConfig), (48 bytes).
    Removing stm32f1xx_hal_flash_ex.o(i.HAL_FLASHEx_OBGetUserData), (48 bytes).
    Removing stm32f1xx_hal_flash_ex.o(i.HAL_FLASHEx_OBProgram), (200 bytes).
    Removing stm32f1xx_hal_rtc_ex.o(.rev16_text), (4 bytes).
    Removing stm32f1xx_hal_rtc_ex.o(.revsh_text), (4 bytes).
    Removing stm32f1xx_hal_rtc_ex.o(.rrx_text), (6 bytes).
    Removing stm32f1xx_hal_rtc_ex.o(i.HAL_RTCEx_BKUPRead), (16 bytes).
    Removing stm32f1xx_hal_rtc_ex.o(i.HAL_RTCEx_BKUPWrite), (16 bytes).
    Removing stm32f1xx_hal_rtc_ex.o(i.HAL_RTCEx_DeactivateSecond), (44 bytes).
    Removing stm32f1xx_hal_rtc_ex.o(i.HAL_RTCEx_DeactivateTamper), (76 bytes).
    Removing stm32f1xx_hal_rtc_ex.o(i.HAL_RTCEx_PollForTamper1Event), (72 bytes).
    Removing stm32f1xx_hal_rtc_ex.o(i.HAL_RTCEx_SetSecond_IT), (44 bytes).
    Removing stm32f1xx_hal_rtc_ex.o(i.HAL_RTCEx_SetSmoothCalib), (52 bytes).
    Removing stm32f1xx_hal_rtc_ex.o(i.HAL_RTCEx_SetTamper), (80 bytes).
    Removing stm32f1xx_hal_rtc_ex.o(i.HAL_RTCEx_SetTamper_IT), (92 bytes).
    Removing stm32f1xx_hal_rtc_ex.o(i.HAL_RTCEx_Tamper1EventCallback), (2 bytes).
    Removing stm32f1xx_hal_rtc_ex.o(i.HAL_RTCEx_TamperIRQHandler), (44 bytes).
    Removing stm32f1xx_hal_rcc_ex.o(.rev16_text), (4 bytes).
    Removing stm32f1xx_hal_rcc_ex.o(.revsh_text), (4 bytes).
    Removing stm32f1xx_hal_rcc_ex.o(.rrx_text), (6 bytes).
    Removing stm32f1xx_hal_rcc_ex.o(i.HAL_RCCEx_GetPeriphCLKConfig), (32 bytes).
    Removing stm32f1xx_hal_dma.o(.rev16_text), (4 bytes).
    Removing stm32f1xx_hal_dma.o(.revsh_text), (4 bytes).
    Removing stm32f1xx_hal_dma.o(.rrx_text), (6 bytes).
    Removing stm32f1xx_hal_dma.o(i.DMA_SetConfig), (30 bytes).
    Removing stm32f1xx_hal_dma.o(i.HAL_DMA_Abort), (86 bytes).
    Removing stm32f1xx_hal_dma.o(i.HAL_DMA_DeInit), (296 bytes).
    Removing stm32f1xx_hal_dma.o(i.HAL_DMA_GetError), (4 bytes).
    Removing stm32f1xx_hal_dma.o(i.HAL_DMA_GetState), (6 bytes).
    Removing stm32f1xx_hal_dma.o(i.HAL_DMA_IRQHandler), (620 bytes).
    Removing stm32f1xx_hal_dma.o(i.HAL_DMA_Init), (80 bytes).
    Removing stm32f1xx_hal_dma.o(i.HAL_DMA_PollForTransfer), (572 bytes).
    Removing stm32f1xx_hal_dma.o(i.HAL_DMA_Start), (58 bytes).
    Removing stm32f1xx_hal_dma.o(i.HAL_DMA_Start_IT), (88 bytes).
    Removing dfixui.o(.text), (50 bytes).
    Removing cdcmple.o(.text), (48 bytes).
    Removing dscalb.o(.text), (46 bytes).
    Removing dflti.o(.text), (34 bytes).

353 unused section(s) (total 32355 bytes) removed from the image.

==============================================================================

Image Symbol Table

    Local Symbols

    Symbol Name                              Value     Ov Type        Size  Object(Section)

    ../Drivers/CMSIS//Device/ST/STM32F1xx/Source/Templates/system_stm32f1xx.c 0x00000000   Number         0  system_stm32f1xx.o ABSOLUTE
    ../Drivers/STM32F1xx_HAL_Driver/Src/stm32f1xx_hal.c 0x00000000   Number         0  stm32f1xx_hal.o ABSOLUTE
    ../Drivers/STM32F1xx_HAL_Driver/Src/stm32f1xx_hal_adc.c 0x00000000   Number         0  stm32f1xx_hal_adc.o ABSOLUTE
    ../Drivers/STM32F1xx_HAL_Driver/Src/stm32f1xx_hal_adc_ex.c 0x00000000   Number         0  stm32f1xx_hal_adc_ex.o ABSOLUTE
    ../Drivers/STM32F1xx_HAL_Driver/Src/stm32f1xx_hal_cortex.c 0x00000000   Number         0  stm32f1xx_hal_cortex.o ABSOLUTE
    ../Drivers/STM32F1xx_HAL_Driver/Src/stm32f1xx_hal_dma.c 0x00000000   Number         0  stm32f1xx_hal_dma.o ABSOLUTE
    ../Drivers/STM32F1xx_HAL_Driver/Src/stm32f1xx_hal_flash.c 0x00000000   Number         0  stm32f1xx_hal_flash.o ABSOLUTE
    ../Drivers/STM32F1xx_HAL_Driver/Src/stm32f1xx_hal_flash_ex.c 0x00000000   Number         0  stm32f1xx_hal_flash_ex.o ABSOLUTE
    ../Drivers/STM32F1xx_HAL_Driver/Src/stm32f1xx_hal_gpio.c 0x00000000   Number         0  stm32f1xx_hal_gpio.o ABSOLUTE
    ../Drivers/STM32F1xx_HAL_Driver/Src/stm32f1xx_hal_gpio_ex.c 0x00000000   Number         0  stm32f1xx_hal_gpio_ex.o ABSOLUTE
    ../Drivers/STM32F1xx_HAL_Driver/Src/stm32f1xx_hal_pwr.c 0x00000000   Number         0  stm32f1xx_hal_pwr.o ABSOLUTE
    ../Drivers/STM32F1xx_HAL_Driver/Src/stm32f1xx_hal_rcc.c 0x00000000   Number         0  stm32f1xx_hal_rcc.o ABSOLUTE
    ../Drivers/STM32F1xx_HAL_Driver/Src/stm32f1xx_hal_rcc_ex.c 0x00000000   Number         0  stm32f1xx_hal_rcc_ex.o ABSOLUTE
    ../Drivers/STM32F1xx_HAL_Driver/Src/stm32f1xx_hal_rtc.c 0x00000000   Number         0  stm32f1xx_hal_rtc.o ABSOLUTE
    ../Drivers/STM32F1xx_HAL_Driver/Src/stm32f1xx_hal_rtc_ex.c 0x00000000   Number         0  stm32f1xx_hal_rtc_ex.o ABSOLUTE
    ../Drivers/STM32F1xx_HAL_Driver/Src/stm32f1xx_hal_tim.c 0x00000000   Number         0  stm32f1xx_hal_tim.o ABSOLUTE
    ../Drivers/STM32F1xx_HAL_Driver/Src/stm32f1xx_hal_tim_ex.c 0x00000000   Number         0  stm32f1xx_hal_tim_ex.o ABSOLUTE
    ../Src/main.c                            0x00000000   Number         0  main.o ABSOLUTE
    ../Src/stm32f1xx_hal_msp.c               0x00000000   Number         0  stm32f1xx_hal_msp.o ABSOLUTE
    ../Src/stm32f1xx_it.c                    0x00000000   Number         0  stm32f1xx_it.o ABSOLUTE
    ../clib/microlib/errno.c                 0x00000000   Number         0  errno.o ABSOLUTE
    ../clib/microlib/init/entry.s            0x00000000   Number         0  entry11a.o ABSOLUTE
    ../clib/microlib/init/entry.s            0x00000000   Number         0  entry5.o ABSOLUTE
    ../clib/microlib/init/entry.s            0x00000000   Number         0  entry2.o ABSOLUTE
    ../clib/microlib/init/entry.s            0x00000000   Number         0  entry7a.o ABSOLUTE
    ../clib/microlib/init/entry.s            0x00000000   Number         0  entry7b.o ABSOLUTE
    ../clib/microlib/init/entry.s            0x00000000   Number         0  entry.o ABSOLUTE
    ../clib/microlib/init/entry.s            0x00000000   Number         0  entry8a.o ABSOLUTE
    ../clib/microlib/init/entry.s            0x00000000   Number         0  entry9a.o ABSOLUTE
    ../clib/microlib/init/entry.s            0x00000000   Number         0  entry8b.o ABSOLUTE
    ../clib/microlib/init/entry.s            0x00000000   Number         0  entry10b.o ABSOLUTE
    ../clib/microlib/init/entry.s            0x00000000   Number         0  entry11b.o ABSOLUTE
    ../clib/microlib/init/entry.s            0x00000000   Number         0  entry9b.o ABSOLUTE
    ../clib/microlib/init/entry.s            0x00000000   Number         0  entry10a.o ABSOLUTE
    ../clib/microlib/longlong.c              0x00000000   Number         0  llushr.o ABSOLUTE
    ../clib/microlib/longlong.c              0x00000000   Number         0  llsshr.o ABSOLUTE
    ../clib/microlib/longlong.c              0x00000000   Number         0  llshl.o ABSOLUTE
    ../clib/microlib/stubs.s                 0x00000000   Number         0  iusefp.o ABSOLUTE
    ../fplib/microlib/d2f.c                  0x00000000   Number         0  d2f.o ABSOLUTE
    ../fplib/microlib/f2d.c                  0x00000000   Number         0  f2d.o ABSOLUTE
    ../fplib/microlib/fpadd.c                0x00000000   Number         0  dadd.o ABSOLUTE
    ../fplib/microlib/fpdiv.c                0x00000000   Number         0  ddiv.o ABSOLUTE
    ../fplib/microlib/fpepilogue.c           0x00000000   Number         0  fepilogue.o ABSOLUTE
    ../fplib/microlib/fpepilogue.c           0x00000000   Number         0  depilogue.o ABSOLUTE
    ../fplib/microlib/fpfix.c                0x00000000   Number         0  dfixui.o ABSOLUTE
    ../fplib/microlib/fpfix.c                0x00000000   Number         0  ffixi.o ABSOLUTE
    ../fplib/microlib/fpfix.c                0x00000000   Number         0  dfixi.o ABSOLUTE
    ../fplib/microlib/fpflt.c                0x00000000   Number         0  dfltui.o ABSOLUTE
    ../fplib/microlib/fpflt.c                0x00000000   Number         0  dflti.o ABSOLUTE
    ../fplib/microlib/fpmul.c                0x00000000   Number         0  dmul.o ABSOLUTE
    ../fplib/microlib/fpscalb.c              0x00000000   Number         0  dscalb.o ABSOLUTE
    ../fplib/microlib/fpsqrt.c               0x00000000   Number         0  dsqrt.o ABSOLUTE
    ../mathlib/cos.c                         0x00000000   Number         0  cos.o ABSOLUTE
    ../mathlib/cos.c                         0x00000000   Number         0  cos_x.o ABSOLUTE
    ../mathlib/cos_i.c                       0x00000000   Number         0  cos_i.o ABSOLUTE
    ../mathlib/dunder.c                      0x00000000   Number         0  dunder.o ABSOLUTE
    ../mathlib/fpclassify.c                  0x00000000   Number         0  fpclassify.o ABSOLUTE
    ../mathlib/poly.c                        0x00000000   Number         0  poly.o ABSOLUTE
    ../mathlib/rred.c                        0x00000000   Number         0  rred.o ABSOLUTE
    ../mathlib/sin.c                         0x00000000   Number         0  sin_x.o ABSOLUTE
    ../mathlib/sin.c                         0x00000000   Number         0  sin.o ABSOLUTE
    ../mathlib/sin_i.c                       0x00000000   Number         0  sin_i_x.o ABSOLUTE
    ../mathlib/sin_i.c                       0x00000000   Number         0  sin_i.o ABSOLUTE
    ../mathlib/sqrt.c                        0x00000000   Number         0  sqrt.o ABSOLUTE
    ../mathlib/sqrt.c                        0x00000000   Number         0  sqrt_x.o ABSOLUTE
    ..\Drivers\CMSIS\\Device\ST\STM32F1xx\Source\Templates\system_stm32f1xx.c 0x00000000   Number         0  system_stm32f1xx.o ABSOLUTE
    ..\Drivers\STM32F1xx_HAL_Driver\Src\stm32f1xx_hal.c 0x00000000   Number         0  stm32f1xx_hal.o ABSOLUTE
    ..\Drivers\STM32F1xx_HAL_Driver\Src\stm32f1xx_hal_adc.c 0x00000000   Number         0  stm32f1xx_hal_adc.o ABSOLUTE
    ..\Drivers\STM32F1xx_HAL_Driver\Src\stm32f1xx_hal_adc_ex.c 0x00000000   Number         0  stm32f1xx_hal_adc_ex.o ABSOLUTE
    ..\Drivers\STM32F1xx_HAL_Driver\Src\stm32f1xx_hal_cortex.c 0x00000000   Number         0  stm32f1xx_hal_cortex.o ABSOLUTE
    ..\Drivers\STM32F1xx_HAL_Driver\Src\stm32f1xx_hal_dma.c 0x00000000   Number         0  stm32f1xx_hal_dma.o ABSOLUTE
    ..\Drivers\STM32F1xx_HAL_Driver\Src\stm32f1xx_hal_flash.c 0x00000000   Number         0  stm32f1xx_hal_flash.o ABSOLUTE
    ..\Drivers\STM32F1xx_HAL_Driver\Src\stm32f1xx_hal_flash_ex.c 0x00000000   Number         0  stm32f1xx_hal_flash_ex.o ABSOLUTE
    ..\Drivers\STM32F1xx_HAL_Driver\Src\stm32f1xx_hal_gpio.c 0x00000000   Number         0  stm32f1xx_hal_gpio.o ABSOLUTE
    ..\Drivers\STM32F1xx_HAL_Driver\Src\stm32f1xx_hal_gpio_ex.c 0x00000000   Number         0  stm32f1xx_hal_gpio_ex.o ABSOLUTE
    ..\Drivers\STM32F1xx_HAL_Driver\Src\stm32f1xx_hal_pwr.c 0x00000000   Number         0  stm32f1xx_hal_pwr.o ABSOLUTE
    ..\Drivers\STM32F1xx_HAL_Driver\Src\stm32f1xx_hal_rcc.c 0x00000000   Number         0  stm32f1xx_hal_rcc.o ABSOLUTE
    ..\Drivers\STM32F1xx_HAL_Driver\Src\stm32f1xx_hal_rcc_ex.c 0x00000000   Number         0  stm32f1xx_hal_rcc_ex.o ABSOLUTE
    ..\Drivers\STM32F1xx_HAL_Driver\Src\stm32f1xx_hal_rtc.c 0x00000000   Number         0  stm32f1xx_hal_rtc.o ABSOLUTE
    ..\Drivers\STM32F1xx_HAL_Driver\Src\stm32f1xx_hal_rtc_ex.c 0x00000000   Number         0  stm32f1xx_hal_rtc_ex.o ABSOLUTE
    ..\Drivers\STM32F1xx_HAL_Driver\Src\stm32f1xx_hal_tim.c 0x00000000   Number         0  stm32f1xx_hal_tim.o ABSOLUTE
    ..\Drivers\STM32F1xx_HAL_Driver\Src\stm32f1xx_hal_tim_ex.c 0x00000000   Number         0  stm32f1xx_hal_tim_ex.o ABSOLUTE
    ..\Src\display.cpp                       0x00000000   Number         0  display.o ABSOLUTE
    ..\Src\gpio.cpp                          0x00000000   Number         0  gpio.o ABSOLUTE
    ..\Src\interface.cpp                     0x00000000   Number         0  interface.o ABSOLUTE
    ..\Src\main.c                            0x00000000   Number         0  main.o ABSOLUTE
    ..\Src\rcc.cpp                           0x00000000   Number         0  rcc.o ABSOLUTE
    ..\Src\regulator.c                       0x00000000   Number         0  regulator.o ABSOLUTE
    ..\Src\stm32f1xx_hal_msp.c               0x00000000   Number         0  stm32f1xx_hal_msp.o ABSOLUTE
    ..\Src\stm32f1xx_it.c                    0x00000000   Number         0  stm32f1xx_it.o ABSOLUTE
    ..\Src\ugui.c                            0x00000000   Number         0  ugui.o ABSOLUTE
    ..\\Src\\display.cpp                     0x00000000   Number         0  display.o ABSOLUTE
    ..\\Src\\gpio.cpp                        0x00000000   Number         0  gpio.o ABSOLUTE
    ..\\Src\\interface.cpp                   0x00000000   Number         0  interface.o ABSOLUTE
    ..\\Src\\rcc.cpp                         0x00000000   Number         0  rcc.o ABSOLUTE
    ..\\Src\\regulator.c                     0x00000000   Number         0  regulator.o ABSOLUTE
    cdcmple.s                                0x00000000   Number         0  cdcmple.o ABSOLUTE
    dc.s                                     0x00000000   Number         0  dc.o ABSOLUTE
    handlers.s                               0x00000000   Number         0  handlers.o ABSOLUTE
    init.s                                   0x00000000   Number         0  init.o ABSOLUTE
    startup_stm32f100xb.s                    0x00000000   Number         0  startup_stm32f100xb.o ABSOLUTE
    RESET                                    0x08000000   Section      288  startup_stm32f100xb.o(RESET)
    .ARM.Collect$$$$00000000                 0x08000120   Section        0  entry.o(.ARM.Collect$$$$00000000)
    .ARM.Collect$$$$00000001                 0x08000120   Section        4  entry2.o(.ARM.Collect$$$$00000001)
    .ARM.Collect$$$$00000004                 0x08000124   Section        4  entry5.o(.ARM.Collect$$$$00000004)
    .ARM.Collect$$$$00000008                 0x08000128   Section        0  entry7b.o(.ARM.Collect$$$$00000008)
    .ARM.Collect$$$$0000000A                 0x08000128   Section        0  entry8b.o(.ARM.Collect$$$$0000000A)
    .ARM.Collect$$$$0000000B                 0x08000128   Section        8  entry9a.o(.ARM.Collect$$$$0000000B)
    .ARM.Collect$$$$0000000D                 0x08000130   Section        0  entry10a.o(.ARM.Collect$$$$0000000D)
    .ARM.Collect$$$$0000000F                 0x08000130   Section        0  entry11a.o(.ARM.Collect$$$$0000000F)
    .ARM.Collect$$$$00002712                 0x08000130   Section        4  entry2.o(.ARM.Collect$$$$00002712)
    __lit__00000000                          0x08000130   Data           4  entry2.o(.ARM.Collect$$$$00002712)
    .text                                    0x08000134   Section       36  startup_stm32f100xb.o(.text)
    .text                                    0x08000158   Section        0  llushr.o(.text)
    .text                                    0x08000178   Section        0  dadd.o(.text)
    .text                                    0x080002c6   Section        0  dmul.o(.text)
    .text                                    0x080003aa   Section        0  ddiv.o(.text)
    .text                                    0x08000488   Section        0  dfltui.o(.text)
    .text                                    0x080004a2   Section        0  ffixi.o(.text)
    .text                                    0x080004d4   Section        0  dfixi.o(.text)
    .text                                    0x08000512   Section        0  f2d.o(.text)
    .text                                    0x08000538   Section        0  d2f.o(.text)
    .text                                    0x08000570   Section        0  llshl.o(.text)
    .text                                    0x0800058e   Section        0  llsshr.o(.text)
    .text                                    0x080005b2   Section        0  fepilogue.o(.text)
    .text                                    0x080005b2   Section        0  iusefp.o(.text)
    .text                                    0x08000620   Section        0  depilogue.o(.text)
    .text                                    0x080006da   Section        0  dsqrt.o(.text)
    .text                                    0x0800077c   Section       36  init.o(.text)
    i.ADC1_IRQHandler                        0x080007a0   Section        0  stm32f1xx_it.o(i.ADC1_IRQHandler)
    i.ADC_ConversionStop_Disable             0x080007ac   Section        0  stm32f1xx_hal_adc.o(i.ADC_ConversionStop_Disable)
    i.ADC_Enable                             0x080007f8   Section        0  stm32f1xx_hal_adc.o(i.ADC_Enable)
    i.Average_temp                           0x08000868   Section        0  regulator.o(i.Average_temp)
    i.Bar_chart                              0x080008a4   Section        0  interface.o(i.Bar_chart)
    i.BusFault_Handler                       0x080008c4   Section        0  stm32f1xx_it.o(i.BusFault_Handler)
    i.DebugMon_Handler                       0x080008c6   Section        0  stm32f1xx_it.o(i.DebugMon_Handler)
    i.Display_Init                           0x080008c8   Section        0  interface.o(i.Display_Init)
    i.EXTI15_10_IRQHandler                   0x08000948   Section        0  stm32f1xx_it.o(i.EXTI15_10_IRQHandler)
    i.Error_Handler                          0x0800096e   Section        0  gpio.o(i.Error_Handler)
    i.Fan                                    0x08000970   Section        0  gpio.o(i.Fan)
    i.Gauge_display                          0x08000988   Section        0  interface.o(i.Gauge_display)
    i.Get_Set_temp                           0x08000b50   Section        0  regulator.o(i.Get_Set_temp)
    i.Get_Temp                               0x08000b5c   Section        0  regulator.o(i.Get_Temp)
    i.Get_pwr                                0x08000b9c   Section        0  regulator.o(i.Get_pwr)
    i.HAL_ADCEx_InjectedConvCpltCallback     0x08000ba8   Section        0  stm32f1xx_hal_adc_ex.o(i.HAL_ADCEx_InjectedConvCpltCallback)
    i.HAL_ADC_ConfigChannel                  0x08000bac   Section        0  stm32f1xx_hal_adc.o(i.HAL_ADC_ConfigChannel)
    i.HAL_ADC_ConvCpltCallback               0x08000d14   Section        0  stm32f1xx_hal_adc.o(i.HAL_ADC_ConvCpltCallback)
    i.HAL_ADC_GetValue                       0x08000d16   Section        0  stm32f1xx_hal_adc.o(i.HAL_ADC_GetValue)
    i.HAL_ADC_IRQHandler                     0x08000d1c   Section        0  stm32f1xx_hal_adc.o(i.HAL_ADC_IRQHandler)
    i.HAL_ADC_Init                           0x08000e04   Section        0  stm32f1xx_hal_adc.o(i.HAL_ADC_Init)
    i.HAL_ADC_LevelOutOfWindowCallback       0x08000f38   Section        0  stm32f1xx_hal_adc.o(i.HAL_ADC_LevelOutOfWindowCallback)
    i.HAL_ADC_MspInit                        0x08000f3c   Section        0  stm32f1xx_hal_msp.o(i.HAL_ADC_MspInit)
    i.HAL_ADC_PollForConversion              0x08000f8c   Section        0  stm32f1xx_hal_adc.o(i.HAL_ADC_PollForConversion)
    i.HAL_ADC_Start                          0x080010bc   Section        0  stm32f1xx_hal_adc.o(i.HAL_ADC_Start)
    i.HAL_ADC_Stop                           0x0800114a   Section        0  stm32f1xx_hal_adc.o(i.HAL_ADC_Stop)
    i.HAL_Delay                              0x0800117e   Section        0  stm32f1xx_hal.o(i.HAL_Delay)
    i.HAL_GPIO_EXTI_Callback                 0x08001194   Section        0  stm32f1xx_hal_gpio.o(i.HAL_GPIO_EXTI_Callback)
    i.HAL_GPIO_EXTI_IRQHandler               0x08001198   Section        0  stm32f1xx_hal_gpio.o(i.HAL_GPIO_EXTI_IRQHandler)
    i.HAL_GPIO_Init                          0x080011b0   Section        0  stm32f1xx_hal_gpio.o(i.HAL_GPIO_Init)
    i.HAL_GPIO_ReadPin                       0x0800136c   Section        0  stm32f1xx_hal_gpio.o(i.HAL_GPIO_ReadPin)
    i.HAL_GPIO_WritePin                      0x08001376   Section        0  stm32f1xx_hal_gpio.o(i.HAL_GPIO_WritePin)
    i.HAL_GetTick                            0x08001380   Section        0  stm32f1xx_hal.o(i.HAL_GetTick)
    i.HAL_IncTick                            0x0800138c   Section        0  stm32f1xx_hal.o(i.HAL_IncTick)
    i.HAL_Init                               0x0800139c   Section        0  stm32f1xx_hal.o(i.HAL_Init)
    i.HAL_InitTick                           0x080013b2   Section        0  stm32f1xx_hal.o(i.HAL_InitTick)
    i.HAL_MspInit                            0x080013d4   Section        0  stm32f1xx_hal_msp.o(i.HAL_MspInit)
    i.HAL_NVIC_EnableIRQ                     0x08001454   Section        0  stm32f1xx_hal_cortex.o(i.HAL_NVIC_EnableIRQ)
    i.HAL_NVIC_SetPriority                   0x0800146c   Section        0  stm32f1xx_hal_cortex.o(i.HAL_NVIC_SetPriority)
    i.HAL_NVIC_SetPriorityGrouping           0x080014ac   Section        0  stm32f1xx_hal_cortex.o(i.HAL_NVIC_SetPriorityGrouping)
    i.HAL_PWR_EnableBkUpAccess               0x080014d0   Section        0  stm32f1xx_hal_pwr.o(i.HAL_PWR_EnableBkUpAccess)
    i.HAL_RCCEx_GetPeriphCLKFreq             0x080014e8   Section        0  stm32f1xx_hal_rcc_ex.o(i.HAL_RCCEx_GetPeriphCLKFreq)
    i.HAL_RCCEx_PeriphCLKConfig              0x08001554   Section        0  stm32f1xx_hal_rcc_ex.o(i.HAL_RCCEx_PeriphCLKConfig)
    i.HAL_RCC_ClockConfig                    0x08001670   Section        0  stm32f1xx_hal_rcc.o(i.HAL_RCC_ClockConfig)
    i.HAL_RCC_GetHCLKFreq                    0x080017a0   Section        0  stm32f1xx_hal_rcc.o(i.HAL_RCC_GetHCLKFreq)
    i.HAL_RCC_GetPCLK2Freq                   0x080017ac   Section        0  stm32f1xx_hal_rcc.o(i.HAL_RCC_GetPCLK2Freq)
    i.HAL_RCC_GetSysClockFreq                0x080017dc   Section        0  stm32f1xx_hal_rcc.o(i.HAL_RCC_GetSysClockFreq)
    i.HAL_RCC_OscConfig                      0x08001878   Section        0  stm32f1xx_hal_rcc.o(i.HAL_RCC_OscConfig)
    i.HAL_RTCEx_RTCEventCallback             0x08001df6   Section        0  stm32f1xx_hal_rtc_ex.o(i.HAL_RTCEx_RTCEventCallback)
    i.HAL_RTCEx_RTCEventErrorCallback        0x08001df8   Section        0  stm32f1xx_hal_rtc_ex.o(i.HAL_RTCEx_RTCEventErrorCallback)
    i.HAL_RTCEx_RTCIRQHandler                0x08001dfa   Section        0  stm32f1xx_hal_rtc_ex.o(i.HAL_RTCEx_RTCIRQHandler)
    i.HAL_RTC_AlarmAEventCallback            0x08001e36   Section        0  stm32f1xx_hal_rtc.o(i.HAL_RTC_AlarmAEventCallback)
    i.HAL_RTC_AlarmIRQHandler                0x08001e38   Section        0  stm32f1xx_hal_rtc.o(i.HAL_RTC_AlarmIRQHandler)
    i.HAL_RTC_Init                           0x08001e6c   Section        0  stm32f1xx_hal_rtc.o(i.HAL_RTC_Init)
    i.HAL_RTC_MspInit                        0x08001f0c   Section        0  stm32f1xx_hal_msp.o(i.HAL_RTC_MspInit)
    i.HAL_RTC_SetDate                        0x08001f74   Section        0  stm32f1xx_hal_rtc.o(i.HAL_RTC_SetDate)
    i.HAL_RTC_SetTime                        0x08002038   Section        0  stm32f1xx_hal_rtc.o(i.HAL_RTC_SetTime)
    i.HAL_RTC_WaitForSynchro                 0x080020e4   Section        0  stm32f1xx_hal_rtc.o(i.HAL_RTC_WaitForSynchro)
    i.HAL_SYSTICK_CLKSourceConfig            0x0800211e   Section        0  stm32f1xx_hal_cortex.o(i.HAL_SYSTICK_CLKSourceConfig)
    i.HAL_SYSTICK_Callback                   0x08002136   Section        0  stm32f1xx_hal_cortex.o(i.HAL_SYSTICK_Callback)
    i.HAL_SYSTICK_Config                     0x08002138   Section        0  stm32f1xx_hal_cortex.o(i.HAL_SYSTICK_Config)
    i.HAL_SYSTICK_IRQHandler                 0x08002160   Section        0  stm32f1xx_hal_cortex.o(i.HAL_SYSTICK_IRQHandler)
    i.HardFault_Handler                      0x08002168   Section        0  stm32f1xx_it.o(i.HardFault_Handler)
    i.Ignition                               0x0800216c   Section        0  gpio.o(i.Ignition)
    i.Itoa                                   0x08002184   Section        0  interface.o(i.Itoa)
    i.Lcd_Init                               0x080021d8   Section        0  display.o(i.Lcd_Init)
    i.Lcd_Pixel                              0x080022b0   Section        0  display.o(i.Lcd_Pixel)
    i.Lcd_print_screen                       0x080022e4   Section        0  display.o(i.Lcd_print_screen)
    i.Lcd_reset                              0x08002374   Section        0  display.o(i.Lcd_reset)
    i.Lcd_send_command                       0x0800238c   Section        0  display.o(i.Lcd_send_command)
    i.Lcd_send_data                          0x080023be   Section        0  display.o(i.Lcd_send_data)
    i.Lcd_set_read                           0x080023f0   Section        0  display.o(i.Lcd_set_read)
    i.Lcd_set_write                          0x08002410   Section        0  display.o(i.Lcd_set_write)
    i.Lcd_status_check                       0x08002430   Section        0  display.o(i.Lcd_status_check)
    i.MX_ADC1_Init                           0x080024b4   Section        0  gpio.o(i.MX_ADC1_Init)
    i.MX_GPIO_Init                           0x0800251c   Section        0  gpio.o(i.MX_GPIO_Init)
    i.MX_RTC_Init                            0x080025f0   Section        0  rcc.o(i.MX_RTC_Init)
    i.MemManage_Handler                      0x08002658   Section        0  stm32f1xx_it.o(i.MemManage_Handler)
    i.NMI_Handler                            0x0800265a   Section        0  stm32f1xx_it.o(i.NMI_Handler)
    i.NVIC_SetPriority                       0x0800265c   Section        0  stm32f1xx_hal_cortex.o(i.NVIC_SetPriority)
    NVIC_SetPriority                         0x0800265d   Thumb Code    32  stm32f1xx_hal_cortex.o(i.NVIC_SetPriority)
    i.Opt_sensor                             0x0800267c   Section        0  gpio.o(i.Opt_sensor)
    i.PendSV_Handler                         0x080026bc   Section        0  stm32f1xx_it.o(i.PendSV_Handler)
    i.RTC_Alarm_IRQHandler                   0x080026c0   Section        0  stm32f1xx_it.o(i.RTC_Alarm_IRQHandler)
    i.RTC_Bcd2ToByte                         0x080026cc   Section        0  stm32f1xx_hal_rtc.o(i.RTC_Bcd2ToByte)
    RTC_Bcd2ToByte                           0x080026cd   Thumb Code    18  stm32f1xx_hal_rtc.o(i.RTC_Bcd2ToByte)
    i.RTC_EnterInitMode                      0x080026de   Section        0  stm32f1xx_hal_rtc.o(i.RTC_EnterInitMode)
    RTC_EnterInitMode                        0x080026df   Thumb Code    52  stm32f1xx_hal_rtc.o(i.RTC_EnterInitMode)
    i.RTC_ExitInitMode                       0x08002714   Section        0  stm32f1xx_hal_rtc.o(i.RTC_ExitInitMode)
    RTC_ExitInitMode                         0x08002715   Thumb Code    54  stm32f1xx_hal_rtc.o(i.RTC_ExitInitMode)
    i.RTC_IRQHandler                         0x0800274c   Section        0  stm32f1xx_it.o(i.RTC_IRQHandler)
    i.RTC_ReadAlarmCounter                   0x08002758   Section        0  stm32f1xx_hal_rtc.o(i.RTC_ReadAlarmCounter)
    RTC_ReadAlarmCounter                     0x08002759   Thumb Code    14  stm32f1xx_hal_rtc.o(i.RTC_ReadAlarmCounter)
    i.RTC_ReadTimeCounter                    0x08002766   Section        0  stm32f1xx_hal_rtc.o(i.RTC_ReadTimeCounter)
    RTC_ReadTimeCounter                      0x08002767   Thumb Code    32  stm32f1xx_hal_rtc.o(i.RTC_ReadTimeCounter)
    i.RTC_WeekDayNum                         0x08002786   Section        0  stm32f1xx_hal_rtc.o(i.RTC_WeekDayNum)
    RTC_WeekDayNum                           0x08002787   Thumb Code    86  stm32f1xx_hal_rtc.o(i.RTC_WeekDayNum)
    i.RTC_WriteAlarmCounter                  0x080027dc   Section        0  stm32f1xx_hal_rtc.o(i.RTC_WriteAlarmCounter)
    RTC_WriteAlarmCounter                    0x080027dd   Thumb Code    40  stm32f1xx_hal_rtc.o(i.RTC_WriteAlarmCounter)
    i.RTC_WriteTimeCounter                   0x08002804   Section        0  stm32f1xx_hal_rtc.o(i.RTC_WriteTimeCounter)
    RTC_WriteTimeCounter                     0x08002805   Thumb Code    40  stm32f1xx_hal_rtc.o(i.RTC_WriteTimeCounter)
    i.Regulator_Init                         0x0800282c   Section        0  regulator.o(i.Regulator_Init)
    i.SVC_Handler                            0x08002884   Section        0  stm32f1xx_it.o(i.SVC_Handler)
    i.Set_pwr                                0x08002888   Section        0  regulator.o(i.Set_pwr)
    i.SysTick_Handler                        0x080028b4   Section        0  stm32f1xx_it.o(i.SysTick_Handler)
    i.SystemClock_Config                     0x080028c2   Section        0  rcc.o(i.SystemClock_Config)
    i.SystemInit                             0x08002934   Section        0  system_stm32f1xx.o(i.SystemInit)
    i.Temperature                            0x08002980   Section        0  gpio.o(i.Temperature)
    i.UG_DrawFrame                           0x08002a34   Section        0  ugui.o(i.UG_DrawFrame)
    i.UG_DrawLine                            0x08002a78   Section        0  ugui.o(i.UG_DrawLine)
    i.UG_FillFrame                           0x08002b3c   Section        0  ugui.o(i.UG_FillFrame)
    i.UG_FillScreen                          0x08002bb0   Section        0  ugui.o(i.UG_FillScreen)
    i.UG_FontSelect                          0x08002bd0   Section        0  ugui.o(i.UG_FontSelect)
    i.UG_Init                                0x08002be8   Section        0  ugui.o(i.UG_Init)
    i.UG_PutChar                             0x08002c48   Section        0  ugui.o(i.UG_PutChar)
    i.UG_PutString                           0x08002d1c   Section        0  ugui.o(i.UG_PutString)
    i.UG_SetBackcolor                        0x08002d7c   Section        0  ugui.o(i.UG_SetBackcolor)
    i.UG_SetForecolor                        0x08002d88   Section        0  ugui.o(i.UG_SetForecolor)
    i.UsageFault_Handler                     0x08002d94   Section        0  stm32f1xx_it.o(i.UsageFault_Handler)
    i.Valve                                  0x08002d98   Section        0  gpio.o(i.Valve)
    i.__scatterload_copy                     0x08002db0   Section       14  handlers.o(i.__scatterload_copy)
    i.__scatterload_null                     0x08002dbe   Section        2  handlers.o(i.__scatterload_null)
    i.__scatterload_zeroinit                 0x08002dc0   Section       14  handlers.o(i.__scatterload_zeroinit)
    i.__set_errno                            0x08002dd0   Section        0  errno.o(i.__set_errno)
    i.lcdCD                                  0x08002ddc   Section        0  display.o(i.lcdCD)
    i.lcdCE                                  0x08002df4   Section        0  display.o(i.lcdCE)
    i.lcdDB                                  0x08002e0c   Section        0  display.o(i.lcdDB)
    i.lcdRD                                  0x08002ebc   Section        0  display.o(i.lcdRD)
    i.lcdRS                                  0x08002ed4   Section        0  display.o(i.lcdRS)
    i.lcdWR                                  0x08002eec   Section        0  display.o(i.lcdWR)
    i.main                                   0x08002f04   Section        0  main.o(i.main)
    i.sqrt                                   0x08002f64   Section        0  sqrt.o(i.sqrt)
    .constdata                               0x08002fb0   Section     2048  ugui.o(.constdata)
    .constdata                               0x080037b0   Section       12  ugui.o(.constdata)
    .constdata                               0x080037bc   Section       16  system_stm32f1xx.o(.constdata)
    .constdata                               0x080037cc   Section        8  system_stm32f1xx.o(.constdata)
    .data                                    0x20000000   Section        6  interface.o(.data)
    .data                                    0x20000008   Section       12  ugui.o(.data)
    gui                                      0x20000008   Data           4  ugui.o(.data)
    msg                                      0x2000000c   Data           8  ugui.o(.data)
    .data                                    0x20000014   Section       16  regulator.o(.data)
    .data                                    0x20000024   Section        4  system_stm32f1xx.o(.data)
    .data                                    0x20000028   Section        4  stm32f1xx_hal.o(.data)
    uwTick                                   0x20000028   Data           4  stm32f1xx_hal.o(.data)
    .data                                    0x2000002c   Section        4  errno.o(.data)
    _errno                                   0x2000002c   Data           4  errno.o(.data)
    .bss                                     0x20000030   Section     2048  display.o(.bss)
    .bss                                     0x20000830   Section       48  gpio.o(.bss)
    .bss                                     0x20000860   Section       20  rcc.o(.bss)
    .bss                                     0x20000874   Section      116  interface.o(.bss)
    .bss                                     0x200008e8   Section      168  regulator.o(.bss)
    STACK                                    0x20000990   Section     1024  startup_stm32f100xb.o(STACK)

    Global Symbols

    Symbol Name                              Value     Ov Type        Size  Object(Section)

    BuildAttributes$$THM_ISAv4$P$D$K$B$S$PE$A:L22UL41UL21$X:L11$S22US41US21$IEEE1$IW$USESV6$~STKCKD$USESV7$~SHL$OTIME$ROPI$IEEEX$EBA8$MICROLIB$REQ8$PRES8$EABIv2 0x00000000   Number         0  anon$$obj.o ABSOLUTE
    __ARM_use_no_argv                        0x00000000   Number         0  main.o ABSOLUTE
    __cpp_initialize__aeabi_                  - Undefined Weak Reference
    __cxa_finalize                            - Undefined Weak Reference
    __decompress                              - Undefined Weak Reference
    _clock_init                               - Undefined Weak Reference
    _microlib_exit                            - Undefined Weak Reference
    __Vectors_Size                           0x00000120   Number         0  startup_stm32f100xb.o ABSOLUTE
    __Vectors                                0x08000000   Data           4  startup_stm32f100xb.o(RESET)
    __Vectors_End                            0x08000120   Data           0  startup_stm32f100xb.o(RESET)
    __main                                   0x08000121   Thumb Code     0  entry.o(.ARM.Collect$$$$00000000)
    _main_stk                                0x08000121   Thumb Code     0  entry2.o(.ARM.Collect$$$$00000001)
    _main_scatterload                        0x08000125   Thumb Code     0  entry5.o(.ARM.Collect$$$$00000004)
    __main_after_scatterload                 0x08000129   Thumb Code     0  entry5.o(.ARM.Collect$$$$00000004)
    _main_clock                              0x08000129   Thumb Code     0  entry7b.o(.ARM.Collect$$$$00000008)
    _main_cpp_init                           0x08000129   Thumb Code     0  entry8b.o(.ARM.Collect$$$$0000000A)
    _main_init                               0x08000129   Thumb Code     0  entry9a.o(.ARM.Collect$$$$0000000B)
    __rt_final_cpp                           0x08000131   Thumb Code     0  entry10a.o(.ARM.Collect$$$$0000000D)
    __rt_final_exit                          0x08000131   Thumb Code     0  entry11a.o(.ARM.Collect$$$$0000000F)
    Reset_Handler                            0x08000135   Thumb Code     8  startup_stm32f100xb.o(.text)
    CEC_IRQHandler                           0x0800014f   Thumb Code     0  startup_stm32f100xb.o(.text)
    DMA1_Channel1_IRQHandler                 0x0800014f   Thumb Code     0  startup_stm32f100xb.o(.text)
    DMA1_Channel2_IRQHandler                 0x0800014f   Thumb Code     0  startup_stm32f100xb.o(.text)
    DMA1_Channel3_IRQHandler                 0x0800014f   Thumb Code     0  startup_stm32f100xb.o(.text)
    DMA1_Channel4_IRQHandler                 0x0800014f   Thumb Code     0  startup_stm32f100xb.o(.text)
    DMA1_Channel5_IRQHandler                 0x0800014f   Thumb Code     0  startup_stm32f100xb.o(.text)
    DMA1_Channel6_IRQHandler                 0x0800014f   Thumb Code     0  startup_stm32f100xb.o(.text)
    DMA1_Channel7_IRQHandler                 0x0800014f   Thumb Code     0  startup_stm32f100xb.o(.text)
    EXTI0_IRQHandler                         0x0800014f   Thumb Code     0  startup_stm32f100xb.o(.text)
    EXTI1_IRQHandler                         0x0800014f   Thumb Code     0  startup_stm32f100xb.o(.text)
    EXTI2_IRQHandler                         0x0800014f   Thumb Code     0  startup_stm32f100xb.o(.text)
    EXTI3_IRQHandler                         0x0800014f   Thumb Code     0  startup_stm32f100xb.o(.text)
    EXTI4_IRQHandler                         0x0800014f   Thumb Code     0  startup_stm32f100xb.o(.text)
    EXTI9_5_IRQHandler                       0x0800014f   Thumb Code     0  startup_stm32f100xb.o(.text)
    FLASH_IRQHandler                         0x0800014f   Thumb Code     0  startup_stm32f100xb.o(.text)
    I2C1_ER_IRQHandler                       0x0800014f   Thumb Code     0  startup_stm32f100xb.o(.text)
    I2C1_EV_IRQHandler                       0x0800014f   Thumb Code     0  startup_stm32f100xb.o(.text)
    I2C2_ER_IRQHandler                       0x0800014f   Thumb Code     0  startup_stm32f100xb.o(.text)
    I2C2_EV_IRQHandler                       0x0800014f   Thumb Code     0  startup_stm32f100xb.o(.text)
    PVD_IRQHandler                           0x0800014f   Thumb Code     0  startup_stm32f100xb.o(.text)
    RCC_IRQHandler                           0x0800014f   Thumb Code     0  startup_stm32f100xb.o(.text)
    SPI1_IRQHandler                          0x0800014f   Thumb Code     0  startup_stm32f100xb.o(.text)
    SPI2_IRQHandler                          0x0800014f   Thumb Code     0  startup_stm32f100xb.o(.text)
    TAMPER_IRQHandler                        0x0800014f   Thumb Code     0  startup_stm32f100xb.o(.text)
    TIM1_BRK_TIM15_IRQHandler                0x0800014f   Thumb Code     0  startup_stm32f100xb.o(.text)
    TIM1_CC_IRQHandler                       0x0800014f   Thumb Code     0  startup_stm32f100xb.o(.text)
    TIM1_TRG_COM_TIM17_IRQHandler            0x0800014f   Thumb Code     0  startup_stm32f100xb.o(.text)
    TIM1_UP_TIM16_IRQHandler                 0x0800014f   Thumb Code     0  startup_stm32f100xb.o(.text)
    TIM2_IRQHandler                          0x0800014f   Thumb Code     0  startup_stm32f100xb.o(.text)
    TIM3_IRQHandler                          0x0800014f   Thumb Code     0  startup_stm32f100xb.o(.text)
    TIM4_IRQHandler                          0x0800014f   Thumb Code     0  startup_stm32f100xb.o(.text)
    TIM6_DAC_IRQHandler                      0x0800014f   Thumb Code     0  startup_stm32f100xb.o(.text)
    TIM7_IRQHandler                          0x0800014f   Thumb Code     0  startup_stm32f100xb.o(.text)
    USART1_IRQHandler                        0x0800014f   Thumb Code     0  startup_stm32f100xb.o(.text)
    USART2_IRQHandler                        0x0800014f   Thumb Code     0  startup_stm32f100xb.o(.text)
    USART3_IRQHandler                        0x0800014f   Thumb Code     0  startup_stm32f100xb.o(.text)
    WWDG_IRQHandler                          0x0800014f   Thumb Code     0  startup_stm32f100xb.o(.text)
    __aeabi_llsr                             0x08000159   Thumb Code    32  llushr.o(.text)
    _ll_ushift_r                             0x08000159   Thumb Code     0  llushr.o(.text)
    __aeabi_dadd                             0x08000179   Thumb Code   322  dadd.o(.text)
    __aeabi_dsub                             0x080002bb   Thumb Code     6  dadd.o(.text)
    __aeabi_drsub                            0x080002c1   Thumb Code     6  dadd.o(.text)
    __aeabi_dmul                             0x080002c7   Thumb Code   228  dmul.o(.text)
    __aeabi_ddiv                             0x080003ab   Thumb Code   222  ddiv.o(.text)
    __aeabi_ui2d                             0x08000489   Thumb Code    26  dfltui.o(.text)
    __aeabi_f2iz                             0x080004a3   Thumb Code    50  ffixi.o(.text)
    __aeabi_d2iz                             0x080004d5   Thumb Code    62  dfixi.o(.text)
    __aeabi_f2d                              0x08000513   Thumb Code    38  f2d.o(.text)
    __aeabi_d2f                              0x08000539   Thumb Code    56  d2f.o(.text)
    __aeabi_llsl                             0x08000571   Thumb Code    30  llshl.o(.text)
    _ll_shift_l                              0x08000571   Thumb Code     0  llshl.o(.text)
    __aeabi_lasr                             0x0800058f   Thumb Code    36  llsshr.o(.text)
    _ll_sshift_r                             0x0800058f   Thumb Code     0  llsshr.o(.text)
    __I$use$fp                               0x080005b3   Thumb Code     0  iusefp.o(.text)
    _float_round                             0x080005b3   Thumb Code    18  fepilogue.o(.text)
    _float_epilogue                          0x080005c5   Thumb Code    92  fepilogue.o(.text)
    _double_round                            0x08000621   Thumb Code    30  depilogue.o(.text)
    _double_epilogue                         0x0800063f   Thumb Code   156  depilogue.o(.text)
    _dsqrt                                   0x080006db   Thumb Code   162  dsqrt.o(.text)
    __scatterload                            0x0800077d   Thumb Code    28  init.o(.text)
    __scatterload_rt2                        0x0800077d   Thumb Code     0  init.o(.text)
    ADC1_IRQHandler                          0x080007a1   Thumb Code     6  stm32f1xx_it.o(i.ADC1_IRQHandler)
    ADC_ConversionStop_Disable               0x080007ad   Thumb Code    76  stm32f1xx_hal_adc.o(i.ADC_ConversionStop_Disable)
    ADC_Enable                               0x080007f9   Thumb Code   104  stm32f1xx_hal_adc.o(i.ADC_Enable)
    Average_temp                             0x08000869   Thumb Code    50  regulator.o(i.Average_temp)
    Bar_chart                                0x080008a5   Thumb Code    32  interface.o(i.Bar_chart)
    BusFault_Handler                         0x080008c5   Thumb Code     2  stm32f1xx_it.o(i.BusFault_Handler)
    DebugMon_Handler                         0x080008c7   Thumb Code     2  stm32f1xx_it.o(i.DebugMon_Handler)
    Display_Init                             0x080008c9   Thumb Code    78  interface.o(i.Display_Init)
    EXTI15_10_IRQHandler                     0x08000949   Thumb Code    38  stm32f1xx_it.o(i.EXTI15_10_IRQHandler)
    Error_Handler                            0x0800096f   Thumb Code     2  gpio.o(i.Error_Handler)
    Fan                                      0x08000971   Thumb Code    18  gpio.o(i.Fan)
    Gauge_display                            0x08000989   Thumb Code   416  interface.o(i.Gauge_display)
    Get_Set_temp                             0x08000b51   Thumb Code     6  regulator.o(i.Get_Set_temp)
    Get_Temp                                 0x08000b5d   Thumb Code    60  regulator.o(i.Get_Temp)
    Get_pwr                                  0x08000b9d   Thumb Code     6  regulator.o(i.Get_pwr)
    HAL_ADCEx_InjectedConvCpltCallback       0x08000ba9   Thumb Code     2  stm32f1xx_hal_adc_ex.o(i.HAL_ADCEx_InjectedConvCpltCallback)
    HAL_ADC_ConfigChannel                    0x08000bad   Thumb Code   346  stm32f1xx_hal_adc.o(i.HAL_ADC_ConfigChannel)
    HAL_ADC_ConvCpltCallback                 0x08000d15   Thumb Code     2  stm32f1xx_hal_adc.o(i.HAL_ADC_ConvCpltCallback)
    HAL_ADC_GetValue                         0x08000d17   Thumb Code     6  stm32f1xx_hal_adc.o(i.HAL_ADC_GetValue)
    HAL_ADC_IRQHandler                       0x08000d1d   Thumb Code   230  stm32f1xx_hal_adc.o(i.HAL_ADC_IRQHandler)
    HAL_ADC_Init                             0x08000e05   Thumb Code   300  stm32f1xx_hal_adc.o(i.HAL_ADC_Init)
    HAL_ADC_LevelOutOfWindowCallback         0x08000f39   Thumb Code     2  stm32f1xx_hal_adc.o(i.HAL_ADC_LevelOutOfWindowCallback)
    HAL_ADC_MspInit                          0x08000f3d   Thumb Code    66  stm32f1xx_hal_msp.o(i.HAL_ADC_MspInit)
    HAL_ADC_PollForConversion                0x08000f8d   Thumb Code   290  stm32f1xx_hal_adc.o(i.HAL_ADC_PollForConversion)
    HAL_ADC_Start                            0x080010bd   Thumb Code   142  stm32f1xx_hal_adc.o(i.HAL_ADC_Start)
    HAL_ADC_Stop                             0x0800114b   Thumb Code    52  stm32f1xx_hal_adc.o(i.HAL_ADC_Stop)
    HAL_Delay                                0x0800117f   Thumb Code    22  stm32f1xx_hal.o(i.HAL_Delay)
    HAL_GPIO_EXTI_Callback                   0x08001195   Thumb Code     2  stm32f1xx_hal_gpio.o(i.HAL_GPIO_EXTI_Callback)
    HAL_GPIO_EXTI_IRQHandler                 0x08001199   Thumb Code    18  stm32f1xx_hal_gpio.o(i.HAL_GPIO_EXTI_IRQHandler)
    HAL_GPIO_Init                            0x080011b1   Thumb Code   408  stm32f1xx_hal_gpio.o(i.HAL_GPIO_Init)
    HAL_GPIO_ReadPin                         0x0800136d   Thumb Code    10  stm32f1xx_hal_gpio.o(i.HAL_GPIO_ReadPin)
    HAL_GPIO_WritePin                        0x08001377   Thumb Code    10  stm32f1xx_hal_gpio.o(i.HAL_GPIO_WritePin)
    HAL_GetTick                              0x08001381   Thumb Code     6  stm32f1xx_hal.o(i.HAL_GetTick)
    HAL_IncTick                              0x0800138d   Thumb Code    10  stm32f1xx_hal.o(i.HAL_IncTick)
    HAL_Init                                 0x0800139d   Thumb Code    22  stm32f1xx_hal.o(i.HAL_Init)
    HAL_InitTick                             0x080013b3   Thumb Code    34  stm32f1xx_hal.o(i.HAL_InitTick)
    HAL_MspInit                              0x080013d5   Thumb Code   118  stm32f1xx_hal_msp.o(i.HAL_MspInit)
    HAL_NVIC_EnableIRQ                       0x08001455   Thumb Code    22  stm32f1xx_hal_cortex.o(i.HAL_NVIC_EnableIRQ)
    HAL_NVIC_SetPriority                     0x0800146d   Thumb Code    60  stm32f1xx_hal_cortex.o(i.HAL_NVIC_SetPriority)
    HAL_NVIC_SetPriorityGrouping             0x080014ad   Thumb Code    26  stm32f1xx_hal_cortex.o(i.HAL_NVIC_SetPriorityGrouping)
    HAL_PWR_EnableBkUpAccess                 0x080014d1   Thumb Code    20  stm32f1xx_hal_pwr.o(i.HAL_PWR_EnableBkUpAccess)
    HAL_RCCEx_GetPeriphCLKFreq               0x080014e9   Thumb Code    98  stm32f1xx_hal_rcc_ex.o(i.HAL_RCCEx_GetPeriphCLKFreq)
    HAL_RCCEx_PeriphCLKConfig                0x08001555   Thumb Code   270  stm32f1xx_hal_rcc_ex.o(i.HAL_RCCEx_PeriphCLKConfig)
    HAL_RCC_ClockConfig                      0x08001671   Thumb Code   290  stm32f1xx_hal_rcc.o(i.HAL_RCC_ClockConfig)
    HAL_RCC_GetHCLKFreq                      0x080017a1   Thumb Code     6  stm32f1xx_hal_rcc.o(i.HAL_RCC_GetHCLKFreq)
    HAL_RCC_GetPCLK2Freq                     0x080017ad   Thumb Code    34  stm32f1xx_hal_rcc.o(i.HAL_RCC_GetPCLK2Freq)
    HAL_RCC_GetSysClockFreq                  0x080017dd   Thumb Code   108  stm32f1xx_hal_rcc.o(i.HAL_RCC_GetSysClockFreq)
    HAL_RCC_OscConfig                        0x08001879   Thumb Code  1406  stm32f1xx_hal_rcc.o(i.HAL_RCC_OscConfig)
    HAL_RTCEx_RTCEventCallback               0x08001df7   Thumb Code     2  stm32f1xx_hal_rtc_ex.o(i.HAL_RTCEx_RTCEventCallback)
    HAL_RTCEx_RTCEventErrorCallback          0x08001df9   Thumb Code     2  stm32f1xx_hal_rtc_ex.o(i.HAL_RTCEx_RTCEventErrorCallback)
    HAL_RTCEx_RTCIRQHandler                  0x08001dfb   Thumb Code    60  stm32f1xx_hal_rtc_ex.o(i.HAL_RTCEx_RTCIRQHandler)
    HAL_RTC_AlarmAEventCallback              0x08001e37   Thumb Code     2  stm32f1xx_hal_rtc.o(i.HAL_RTC_AlarmAEventCallback)
    HAL_RTC_AlarmIRQHandler                  0x08001e39   Thumb Code    46  stm32f1xx_hal_rtc.o(i.HAL_RTC_AlarmIRQHandler)
    HAL_RTC_Init                             0x08001e6d   Thumb Code   154  stm32f1xx_hal_rtc.o(i.HAL_RTC_Init)
    HAL_RTC_MspInit                          0x08001f0d   Thumb Code    92  stm32f1xx_hal_msp.o(i.HAL_RTC_MspInit)
    HAL_RTC_SetDate                          0x08001f75   Thumb Code   192  stm32f1xx_hal_rtc.o(i.HAL_RTC_SetDate)
    HAL_RTC_SetTime                          0x08002039   Thumb Code   168  stm32f1xx_hal_rtc.o(i.HAL_RTC_SetTime)
    HAL_RTC_WaitForSynchro                   0x080020e5   Thumb Code    58  stm32f1xx_hal_rtc.o(i.HAL_RTC_WaitForSynchro)
    HAL_SYSTICK_CLKSourceConfig              0x0800211f   Thumb Code    24  stm32f1xx_hal_cortex.o(i.HAL_SYSTICK_CLKSourceConfig)
    HAL_SYSTICK_Callback                     0x08002137   Thumb Code     2  stm32f1xx_hal_cortex.o(i.HAL_SYSTICK_Callback)
    HAL_SYSTICK_Config                       0x08002139   Thumb Code    40  stm32f1xx_hal_cortex.o(i.HAL_SYSTICK_Config)
    HAL_SYSTICK_IRQHandler                   0x08002161   Thumb Code     8  stm32f1xx_hal_cortex.o(i.HAL_SYSTICK_IRQHandler)
    HardFault_Handler                        0x08002169   Thumb Code     2  stm32f1xx_it.o(i.HardFault_Handler)
    Ignition                                 0x0800216d   Thumb Code    18  gpio.o(i.Ignition)
    Itoa                                     0x08002185   Thumb Code    70  interface.o(i.Itoa)
    Lcd_Init                                 0x080021d9   Thumb Code   214  display.o(i.Lcd_Init)
    Lcd_Pixel                                0x080022b1   Thumb Code    46  display.o(i.Lcd_Pixel)
    Lcd_print_screen                         0x080022e5   Thumb Code   138  display.o(i.Lcd_print_screen)
    Lcd_reset                                0x08002375   Thumb Code    24  display.o(i.Lcd_reset)
    Lcd_send_command                         0x0800238d   Thumb Code    50  display.o(i.Lcd_send_command)
    Lcd_send_data                            0x080023bf   Thumb Code    50  display.o(i.Lcd_send_data)
    Lcd_set_read                             0x080023f1   Thumb Code    26  display.o(i.Lcd_set_read)
    Lcd_set_write                            0x08002411   Thumb Code    26  display.o(i.Lcd_set_write)
    Lcd_status_check                         0x08002431   Thumb Code   128  display.o(i.Lcd_status_check)
    MX_ADC1_Init                             0x080024b5   Thumb Code    94  gpio.o(i.MX_ADC1_Init)
    MX_GPIO_Init                             0x0800251d   Thumb Code   196  gpio.o(i.MX_GPIO_Init)
    MX_RTC_Init                              0x080025f1   Thumb Code    94  rcc.o(i.MX_RTC_Init)
    MemManage_Handler                        0x08002659   Thumb Code     2  stm32f1xx_it.o(i.MemManage_Handler)
    NMI_Handler                              0x0800265b   Thumb Code     2  stm32f1xx_it.o(i.NMI_Handler)
    Opt_sensor                               0x0800267d   Thumb Code    60  gpio.o(i.Opt_sensor)
    PendSV_Handler                           0x080026bd   Thumb Code     2  stm32f1xx_it.o(i.PendSV_Handler)
    RTC_Alarm_IRQHandler                     0x080026c1   Thumb Code     6  stm32f1xx_it.o(i.RTC_Alarm_IRQHandler)
    RTC_IRQHandler                           0x0800274d   Thumb Code     6  stm32f1xx_it.o(i.RTC_IRQHandler)
    Regulator_Init                           0x0800282d   Thumb Code    78  regulator.o(i.Regulator_Init)
    SVC_Handler                              0x08002885   Thumb Code     2  stm32f1xx_it.o(i.SVC_Handler)
    Set_pwr                                  0x08002889   Thumb Code    40  regulator.o(i.Set_pwr)
    SysTick_Handler                          0x080028b5   Thumb Code    14  stm32f1xx_it.o(i.SysTick_Handler)
    SystemClock_Config                       0x080028c3   Thumb Code   112  rcc.o(i.SystemClock_Config)
    SystemInit                               0x08002935   Thumb Code    60  system_stm32f1xx.o(i.SystemInit)
    Temperature                              0x08002981   Thumb Code   140  gpio.o(i.Temperature)
    UG_DrawFrame                             0x08002a35   Thumb Code    68  ugui.o(i.UG_DrawFrame)
    UG_DrawLine                              0x08002a79   Thumb Code   192  ugui.o(i.UG_DrawLine)
    UG_FillFrame                             0x08002b3d   Thumb Code   112  ugui.o(i.UG_FillFrame)
    UG_FillScreen                            0x08002bb1   Thumb Code    26  ugui.o(i.UG_FillScreen)
    UG_FontSelect                            0x08002bd1   Thumb Code    18  ugui.o(i.UG_FontSelect)
    UG_Init                                  0x08002be9   Thumb Code    86  ugui.o(i.UG_Init)
    UG_PutChar                               0x08002c49   Thumb Code   206  ugui.o(i.UG_PutChar)
    UG_PutString                             0x08002d1d   Thumb Code    90  ugui.o(i.UG_PutString)
    UG_SetBackcolor                          0x08002d7d   Thumb Code     8  ugui.o(i.UG_SetBackcolor)
    UG_SetForecolor                          0x08002d89   Thumb Code     8  ugui.o(i.UG_SetForecolor)
    UsageFault_Handler                       0x08002d95   Thumb Code     2  stm32f1xx_it.o(i.UsageFault_Handler)
    Valve                                    0x08002d99   Thumb Code    18  gpio.o(i.Valve)
    __scatterload_copy                       0x08002db1   Thumb Code    14  handlers.o(i.__scatterload_copy)
    __scatterload_null                       0x08002dbf   Thumb Code     2  handlers.o(i.__scatterload_null)
    __scatterload_zeroinit                   0x08002dc1   Thumb Code    14  handlers.o(i.__scatterload_zeroinit)
    __set_errno                              0x08002dd1   Thumb Code     6  errno.o(i.__set_errno)
    lcdCD                                    0x08002ddd   Thumb Code    18  display.o(i.lcdCD)
    lcdCE                                    0x08002df5   Thumb Code    18  display.o(i.lcdCE)
    lcdDB                                    0x08002e0d   Thumb Code   170  display.o(i.lcdDB)
    lcdRD                                    0x08002ebd   Thumb Code    18  display.o(i.lcdRD)
    lcdRS                                    0x08002ed5   Thumb Code    18  display.o(i.lcdRS)
    lcdWR                                    0x08002eed   Thumb Code    18  display.o(i.lcdWR)
    main                                     0x08002f05   Thumb Code    96  main.o(i.main)
    sqrt                                     0x08002f65   Thumb Code    76  sqrt.o(i.sqrt)
    font_8x8                                 0x08002fb0   Data        2048  ugui.o(.constdata)
    FONT_8X8                                 0x080037b0   Data          12  ugui.o(.constdata)
    AHBPrescTable                            0x080037bc   Data          16  system_stm32f1xx.o(.constdata)
    APBPrescTable                            0x080037cc   Data           8  system_stm32f1xx.o(.constdata)
    Region$$Table$$Base                      0x080037d4   Number         0  anon$$obj.o(Region$$Table)
    Region$$Table$$Limit                     0x080037f4   Number         0  anon$$obj.o(Region$$Table)
    menu_page                                0x20000000   Data           1  interface.o(.data)
    liczba                                   0x20000001   Data           5  interface.o(.data)
    Temp1_index                              0x20000014   Data           1  regulator.o(.data)
    Temp2_index                              0x20000015   Data           1  regulator.o(.data)
    P_value                                  0x20000016   Data           1  regulator.o(.data)
    I_value                                  0x20000017   Data           1  regulator.o(.data)
    D_value                                  0x20000018   Data           1  regulator.o(.data)
    Set_temperature                          0x20000019   Data           1  regulator.o(.data)
    Power                                    0x2000001c   Data           4  regulator.o(.data)
    Temperature_difference                   0x20000020   Data           4  regulator.o(.data)
    SystemCoreClock                          0x20000024   Data           4  system_stm32f1xx.o(.data)
    screen                                   0x20000030   Data        2048  display.o(.bss)
    hadc1                                    0x20000830   Data          48  gpio.o(.bss)
    hrtc                                     0x20000860   Data          20  rcc.o(.bss)
    gui                                      0x20000874   Data         116  interface.o(.bss)
    temperature1_av                          0x200008e8   Data          20  regulator.o(.bss)
    temperature2_av                          0x200008fc   Data          20  regulator.o(.bss)
    temperature_log                          0x20000910   Data         128  regulator.o(.bss)
    __initial_sp                             0x20000d90   Data           0  startup_stm32f100xb.o(STACK)



==============================================================================

Memory Map of the image

  Image Entry point : 0x08000121

  Load Region LR_IROM1 (Base: 0x08000000, Size: 0x00003824, Max: 0x00004000, ABSOLUTE)

    Execution Region ER_IROM1 (Base: 0x08000000, Size: 0x000037f4, Max: 0x00004000, ABSOLUTE)

    Base Addr    Size         Type   Attr      Idx    E Section Name        Object

    0x08000000   0x00000120   Data   RO         1467    RESET               startup_stm32f100xb.o
    0x08000120   0x00000000   Code   RO         2937  * .ARM.Collect$$$$00000000  mc_w.l(entry.o)
    0x08000120   0x00000004   Code   RO         2988    .ARM.Collect$$$$00000001  mc_w.l(entry2.o)
    0x08000124   0x00000004   Code   RO         2991    .ARM.Collect$$$$00000004  mc_w.l(entry5.o)
    0x08000128   0x00000000   Code   RO         2993    .ARM.Collect$$$$00000008  mc_w.l(entry7b.o)
    0x08000128   0x00000000   Code   RO         2995    .ARM.Collect$$$$0000000A  mc_w.l(entry8b.o)
    0x08000128   0x00000008   Code   RO         2996    .ARM.Collect$$$$0000000B  mc_w.l(entry9a.o)
    0x08000130   0x00000000   Code   RO         2998    .ARM.Collect$$$$0000000D  mc_w.l(entry10a.o)
    0x08000130   0x00000000   Code   RO         3000    .ARM.Collect$$$$0000000F  mc_w.l(entry11a.o)
    0x08000130   0x00000004   Code   RO         2989    .ARM.Collect$$$$00002712  mc_w.l(entry2.o)
    0x08000134   0x00000024   Code   RO         1468    .text               startup_stm32f100xb.o
    0x08000158   0x00000020   Code   RO         2940    .text               mc_w.l(llushr.o)
    0x08000178   0x0000014e   Code   RO         2942    .text               mf_w.l(dadd.o)
    0x080002c6   0x000000e4   Code   RO         2944    .text               mf_w.l(dmul.o)
    0x080003aa   0x000000de   Code   RO         2946    .text               mf_w.l(ddiv.o)
    0x08000488   0x0000001a   Code   RO         2948    .text               mf_w.l(dfltui.o)
    0x080004a2   0x00000032   Code   RO         2950    .text               mf_w.l(ffixi.o)
    0x080004d4   0x0000003e   Code   RO         2952    .text               mf_w.l(dfixi.o)
    0x08000512   0x00000026   Code   RO         2956    .text               mf_w.l(f2d.o)
    0x08000538   0x00000038   Code   RO         2958    .text               mf_w.l(d2f.o)
    0x08000570   0x0000001e   Code   RO         3002    .text               mc_w.l(llshl.o)
    0x0800058e   0x00000024   Code   RO         3004    .text               mc_w.l(llsshr.o)
    0x080005b2   0x00000000   Code   RO         3013    .text               mc_w.l(iusefp.o)
    0x080005b2   0x0000006e   Code   RO         3014    .text               mf_w.l(fepilogue.o)
    0x08000620   0x000000ba   Code   RO         3016    .text               mf_w.l(depilogue.o)
    0x080006da   0x000000a2   Code   RO         3018    .text               mf_w.l(dsqrt.o)
    0x0800077c   0x00000024   Code   RO         3026    .text               mc_w.l(init.o)
    0x080007a0   0x0000000c   Code   RO          141    i.ADC1_IRQHandler   stm32f1xx_it.o
    0x080007ac   0x0000004c   Code   RO         1922    i.ADC_ConversionStop_Disable  stm32f1xx_hal_adc.o
    0x080007f8   0x00000070   Code   RO         1926    i.ADC_Enable        stm32f1xx_hal_adc.o
    0x08000868   0x0000003c   Code   RO         1371    i.Average_temp      regulator.o
    0x080008a4   0x00000020   Code   RO          510    i.Bar_chart         interface.o
    0x080008c4   0x00000002   Code   RO          142    i.BusFault_Handler  stm32f1xx_it.o
    0x080008c6   0x00000002   Code   RO          143    i.DebugMon_Handler  stm32f1xx_it.o
    0x080008c8   0x00000080   Code   RO          511    i.Display_Init      interface.o
    0x08000948   0x00000026   Code   RO          144    i.EXTI15_10_IRQHandler  stm32f1xx_it.o
    0x0800096e   0x00000002   Code   RO          408    i.Error_Handler     gpio.o
    0x08000970   0x00000018   Code   RO          409    i.Fan               gpio.o
    0x08000988   0x000001c8   Code   RO          513    i.Gauge_display     interface.o
    0x08000b50   0x0000000c   Code   RO         1372    i.Get_Set_temp      regulator.o
    0x08000b5c   0x00000040   Code   RO         1373    i.Get_Temp          regulator.o
    0x08000b9c   0x0000000c   Code   RO         1374    i.Get_pwr           regulator.o
    0x08000ba8   0x00000002   Code   RO         1852    i.HAL_ADCEx_InjectedConvCpltCallback  stm32f1xx_hal_adc_ex.o
    0x08000baa   0x00000002   PAD
    0x08000bac   0x00000168   Code   RO         1928    i.HAL_ADC_ConfigChannel  stm32f1xx_hal_adc.o
    0x08000d14   0x00000002   Code   RO         1929    i.HAL_ADC_ConvCpltCallback  stm32f1xx_hal_adc.o
    0x08000d16   0x00000006   Code   RO         1935    i.HAL_ADC_GetValue  stm32f1xx_hal_adc.o
    0x08000d1c   0x000000e6   Code   RO         1936    i.HAL_ADC_IRQHandler  stm32f1xx_hal_adc.o
    0x08000e02   0x00000002   PAD
    0x08000e04   0x00000134   Code   RO         1937    i.HAL_ADC_Init      stm32f1xx_hal_adc.o
    0x08000f38   0x00000002   Code   RO         1938    i.HAL_ADC_LevelOutOfWindowCallback  stm32f1xx_hal_adc.o
    0x08000f3a   0x00000002   PAD
    0x08000f3c   0x00000050   Code   RO          242    i.HAL_ADC_MspInit   stm32f1xx_hal_msp.o
    0x08000f8c   0x00000130   Code   RO         1941    i.HAL_ADC_PollForConversion  stm32f1xx_hal_adc.o
    0x080010bc   0x0000008e   Code   RO         1943    i.HAL_ADC_Start     stm32f1xx_hal_adc.o
    0x0800114a   0x00000034   Code   RO         1946    i.HAL_ADC_Stop      stm32f1xx_hal_adc.o
    0x0800117e   0x00000016   Code   RO         2109    i.HAL_Delay         stm32f1xx_hal.o
    0x08001194   0x00000002   Code   RO         2434    i.HAL_GPIO_EXTI_Callback  stm32f1xx_hal_gpio.o
    0x08001196   0x00000002   PAD
    0x08001198   0x00000018   Code   RO         2435    i.HAL_GPIO_EXTI_IRQHandler  stm32f1xx_hal_gpio.o
    0x080011b0   0x000001bc   Code   RO         2436    i.HAL_GPIO_Init     stm32f1xx_hal_gpio.o
    0x0800136c   0x0000000a   Code   RO         2438    i.HAL_GPIO_ReadPin  stm32f1xx_hal_gpio.o
    0x08001376   0x0000000a   Code   RO         2440    i.HAL_GPIO_WritePin  stm32f1xx_hal_gpio.o
    0x08001380   0x0000000c   Code   RO         2113    i.HAL_GetTick       stm32f1xx_hal.o
    0x0800138c   0x00000010   Code   RO         2114    i.HAL_IncTick       stm32f1xx_hal.o
    0x0800139c   0x00000016   Code   RO         2115    i.HAL_Init          stm32f1xx_hal.o
    0x080013b2   0x00000022   Code   RO         2116    i.HAL_InitTick      stm32f1xx_hal.o
    0x080013d4   0x00000080   Code   RO          243    i.HAL_MspInit       stm32f1xx_hal_msp.o
    0x08001454   0x00000016   Code   RO         2501    i.HAL_NVIC_EnableIRQ  stm32f1xx_hal_cortex.o
    0x0800146a   0x00000002   PAD
    0x0800146c   0x00000040   Code   RO         2507    i.HAL_NVIC_SetPriority  stm32f1xx_hal_cortex.o
    0x080014ac   0x00000024   Code   RO         2508    i.HAL_NVIC_SetPriorityGrouping  stm32f1xx_hal_cortex.o
    0x080014d0   0x00000018   Code   RO         2261    i.HAL_PWR_EnableBkUpAccess  stm32f1xx_hal_pwr.o
    0x080014e8   0x0000006c   Code   RO         2804    i.HAL_RCCEx_GetPeriphCLKFreq  stm32f1xx_hal_rcc_ex.o
    0x08001554   0x0000011c   Code   RO         2805    i.HAL_RCCEx_PeriphCLKConfig  stm32f1xx_hal_rcc_ex.o
    0x08001670   0x00000130   Code   RO         1476    i.HAL_RCC_ClockConfig  stm32f1xx_hal_rcc.o
    0x080017a0   0x0000000c   Code   RO         1481    i.HAL_RCC_GetHCLKFreq  stm32f1xx_hal_rcc.o
    0x080017ac   0x00000030   Code   RO         1484    i.HAL_RCC_GetPCLK2Freq  stm32f1xx_hal_rcc.o
    0x080017dc   0x0000009c   Code   RO         1485    i.HAL_RCC_GetSysClockFreq  stm32f1xx_hal_rcc.o
    0x08001878   0x0000057e   Code   RO         1488    i.HAL_RCC_OscConfig  stm32f1xx_hal_rcc.o
    0x08001df6   0x00000002   Code   RO         2706    i.HAL_RTCEx_RTCEventCallback  stm32f1xx_hal_rtc_ex.o
    0x08001df8   0x00000002   Code   RO         2707    i.HAL_RTCEx_RTCEventErrorCallback  stm32f1xx_hal_rtc_ex.o
    0x08001dfa   0x0000003c   Code   RO         2708    i.HAL_RTCEx_RTCIRQHandler  stm32f1xx_hal_rtc_ex.o
    0x08001e36   0x00000002   Code   RO         1577    i.HAL_RTC_AlarmAEventCallback  stm32f1xx_hal_rtc.o
    0x08001e38   0x00000034   Code   RO         1578    i.HAL_RTC_AlarmIRQHandler  stm32f1xx_hal_rtc.o
    0x08001e6c   0x000000a0   Code   RO         1585    i.HAL_RTC_Init      stm32f1xx_hal_rtc.o
    0x08001f0c   0x00000068   Code   RO          245    i.HAL_RTC_MspInit   stm32f1xx_hal_msp.o
    0x08001f74   0x000000c4   Code   RO         1591    i.HAL_RTC_SetDate   stm32f1xx_hal_rtc.o
    0x08002038   0x000000ac   Code   RO         1592    i.HAL_RTC_SetTime   stm32f1xx_hal_rtc.o
    0x080020e4   0x0000003a   Code   RO         1593    i.HAL_RTC_WaitForSynchro  stm32f1xx_hal_rtc.o
    0x0800211e   0x00000018   Code   RO         2510    i.HAL_SYSTICK_CLKSourceConfig  stm32f1xx_hal_cortex.o
    0x08002136   0x00000002   Code   RO         2511    i.HAL_SYSTICK_Callback  stm32f1xx_hal_cortex.o
    0x08002138   0x00000028   Code   RO         2512    i.HAL_SYSTICK_Config  stm32f1xx_hal_cortex.o
    0x08002160   0x00000008   Code   RO         2513    i.HAL_SYSTICK_IRQHandler  stm32f1xx_hal_cortex.o
    0x08002168   0x00000002   Code   RO          145    i.HardFault_Handler  stm32f1xx_it.o
    0x0800216a   0x00000002   PAD
    0x0800216c   0x00000018   Code   RO          410    i.Ignition          gpio.o
    0x08002184   0x00000054   Code   RO          514    i.Itoa              interface.o
    0x080021d8   0x000000d6   Code   RO          289    i.Lcd_Init          display.o
    0x080022ae   0x00000002   PAD
    0x080022b0   0x00000034   Code   RO          290    i.Lcd_Pixel         display.o
    0x080022e4   0x00000090   Code   RO          291    i.Lcd_print_screen  display.o
    0x08002374   0x00000018   Code   RO          292    i.Lcd_reset         display.o
    0x0800238c   0x00000032   Code   RO          293    i.Lcd_send_command  display.o
    0x080023be   0x00000032   Code   RO          294    i.Lcd_send_data     display.o
    0x080023f0   0x00000020   Code   RO          295    i.Lcd_set_read      display.o
    0x08002410   0x00000020   Code   RO          296    i.Lcd_set_write     display.o
    0x08002430   0x00000084   Code   RO          297    i.Lcd_status_check  display.o
    0x080024b4   0x00000068   Code   RO          411    i.MX_ADC1_Init      gpio.o
    0x0800251c   0x000000d4   Code   RO          412    i.MX_GPIO_Init      gpio.o
    0x080025f0   0x00000068   Code   RO          477    i.MX_RTC_Init       rcc.o
    0x08002658   0x00000002   Code   RO          146    i.MemManage_Handler  stm32f1xx_it.o
    0x0800265a   0x00000002   Code   RO          147    i.NMI_Handler       stm32f1xx_it.o
    0x0800265c   0x00000020   Code   RO         2514    i.NVIC_SetPriority  stm32f1xx_hal_cortex.o
    0x0800267c   0x00000040   Code   RO          413    i.Opt_sensor        gpio.o
    0x080026bc   0x00000002   Code   RO          148    i.PendSV_Handler    stm32f1xx_it.o
    0x080026be   0x00000002   PAD
    0x080026c0   0x0000000c   Code   RO          149    i.RTC_Alarm_IRQHandler  stm32f1xx_it.o
    0x080026cc   0x00000012   Code   RO         1594    i.RTC_Bcd2ToByte    stm32f1xx_hal_rtc.o
    0x080026de   0x00000034   Code   RO         1597    i.RTC_EnterInitMode  stm32f1xx_hal_rtc.o
    0x08002712   0x00000002   PAD
    0x08002714   0x00000036   Code   RO         1598    i.RTC_ExitInitMode  stm32f1xx_hal_rtc.o
    0x0800274a   0x00000002   PAD
    0x0800274c   0x0000000c   Code   RO          150    i.RTC_IRQHandler    stm32f1xx_it.o
    0x08002758   0x0000000e   Code   RO         1599    i.RTC_ReadAlarmCounter  stm32f1xx_hal_rtc.o
    0x08002766   0x00000020   Code   RO         1600    i.RTC_ReadTimeCounter  stm32f1xx_hal_rtc.o
    0x08002786   0x00000056   Code   RO         1601    i.RTC_WeekDayNum    stm32f1xx_hal_rtc.o
    0x080027dc   0x00000028   Code   RO         1602    i.RTC_WriteAlarmCounter  stm32f1xx_hal_rtc.o
    0x08002804   0x00000028   Code   RO         1603    i.RTC_WriteTimeCounter  stm32f1xx_hal_rtc.o
    0x0800282c   0x00000058   Code   RO         1375    i.Regulator_Init    regulator.o
    0x08002884   0x00000002   Code   RO          151    i.SVC_Handler       stm32f1xx_it.o
    0x08002886   0x00000002   PAD
    0x08002888   0x0000002c   Code   RO         1376    i.Set_pwr           regulator.o
    0x080028b4   0x0000000e   Code   RO          152    i.SysTick_Handler   stm32f1xx_it.o
    0x080028c2   0x00000070   Code   RO          478    i.SystemClock_Config  rcc.o
    0x08002932   0x00000002   PAD
    0x08002934   0x0000004c   Code   RO         1431    i.SystemInit        system_stm32f1xx.o
    0x08002980   0x000000b4   Code   RO          414    i.Temperature       gpio.o
    0x08002a34   0x00000044   Code   RO          584    i.UG_DrawFrame      ugui.o
    0x08002a78   0x000000c4   Code   RO          585    i.UG_DrawLine       ugui.o
    0x08002b3c   0x00000074   Code   RO          593    i.UG_FillFrame      ugui.o
    0x08002bb0   0x00000020   Code   RO          595    i.UG_FillScreen     ugui.o
    0x08002bd0   0x00000018   Code   RO          596    i.UG_FontSelect     ugui.o
    0x08002be8   0x00000060   Code   RO          606    i.UG_Init           ugui.o
    0x08002c48   0x000000d4   Code   RO          607    i.UG_PutChar        ugui.o
    0x08002d1c   0x00000060   Code   RO          608    i.UG_PutString      ugui.o
    0x08002d7c   0x0000000c   Code   RO          610    i.UG_SetBackcolor   ugui.o
    0x08002d88   0x0000000c   Code   RO          611    i.UG_SetForecolor   ugui.o
    0x08002d94   0x00000002   Code   RO          153    i.UsageFault_Handler  stm32f1xx_it.o
    0x08002d96   0x00000002   PAD
    0x08002d98   0x00000018   Code   RO          415    i.Valve             gpio.o
    0x08002db0   0x0000000e   Code   RO         3034    i.__scatterload_copy  mc_w.l(handlers.o)
    0x08002dbe   0x00000002   Code   RO         3035    i.__scatterload_null  mc_w.l(handlers.o)
    0x08002dc0   0x0000000e   Code   RO         3036    i.__scatterload_zeroinit  mc_w.l(handlers.o)
    0x08002dce   0x00000002   PAD
    0x08002dd0   0x0000000c   Code   RO         3008    i.__set_errno       mc_w.l(errno.o)
    0x08002ddc   0x00000018   Code   RO          298    i.lcdCD             display.o
    0x08002df4   0x00000018   Code   RO          299    i.lcdCE             display.o
    0x08002e0c   0x000000b0   Code   RO          300    i.lcdDB             display.o
    0x08002ebc   0x00000018   Code   RO          302    i.lcdRD             display.o
    0x08002ed4   0x00000018   Code   RO          303    i.lcdRS             display.o
    0x08002eec   0x00000018   Code   RO          304    i.lcdWR             display.o
    0x08002f04   0x00000060   Code   RO            4    i.main              main.o
    0x08002f64   0x0000004c   Code   RO         2930    i.sqrt              m_ws.l(sqrt.o)
    0x08002fb0   0x00000800   Data   RO          692    .constdata          ugui.o
    0x080037b0   0x0000000c   Data   RO          694    .constdata          ugui.o
    0x080037bc   0x00000010   Data   RO         1432    .constdata          system_stm32f1xx.o
    0x080037cc   0x00000008   Data   RO         1433    .constdata          system_stm32f1xx.o
    0x080037d4   0x00000020   Data   RO         3032    Region$$Table       anon$$obj.o


    Execution Region RW_IRAM1 (Base: 0x20000000, Size: 0x00000d90, Max: 0x00001000, ABSOLUTE)

    Base Addr    Size         Type   Attr      Idx    E Section Name        Object

    0x20000000   0x00000006   Data   RW          516    .data               interface.o
    0x20000006   0x00000002   PAD
    0x20000008   0x0000000c   Data   RW          697    .data               ugui.o
    0x20000014   0x00000010   Data   RW         1378    .data               regulator.o
    0x20000024   0x00000004   Data   RW         1434    .data               system_stm32f1xx.o
    0x20000028   0x00000004   Data   RW         2121    .data               stm32f1xx_hal.o
    0x2000002c   0x00000004   Data   RW         3009    .data               mc_w.l(errno.o)
    0x20000030   0x00000800   Zero   RW          306    .bss                display.o
    0x20000830   0x00000030   Zero   RW          416    .bss                gpio.o
    0x20000860   0x00000014   Zero   RW          479    .bss                rcc.o
    0x20000874   0x00000074   Zero   RW          515    .bss                interface.o
    0x200008e8   0x000000a8   Zero   RW         1377    .bss                regulator.o
    0x20000990   0x00000400   Zero   RW         1465    STACK               startup_stm32f100xb.o


==============================================================================

Image component sizes


      Code (inc. data)   RO Data    RW Data    ZI Data      Debug   Object Name

      1026         72          0          0       2048      18069   display.o
       634         88          0          0         48       4702   gpio.o
       700        104          0          6        116       2897   interface.o
        96          0          0          0          0     298155   main.o
       216         10          0          0         20       1342   rcc.o
       280         40          0         16        168       4032   regulator.o
        36          8        288          0       1024        760   startup_stm32f100xb.o
       106         12          0          4          0       3530   stm32f1xx_hal.o
      1594         44          0          0          0       8962   stm32f1xx_hal_adc.o
         2          0          0          0          0       1061   stm32f1xx_hal_adc_ex.o
       228         14          0          0          0      27313   stm32f1xx_hal_cortex.o
       490         42          0          0          0       4735   stm32f1xx_hal_gpio.o
       312         36          0          0          0       2046   stm32f1xx_hal_msp.o
        24          4          0          0          0        503   stm32f1xx_hal_pwr.o
      1926         94          0          0          0       5125   stm32f1xx_hal_rcc.o
       392         24          0          0          0       2145   stm32f1xx_hal_rcc_ex.o
       976         20          0          0          0      10392   stm32f1xx_hal_rtc.o
        64          0          0          0          0       2069   stm32f1xx_hal_rtc_ex.o
       104         18          0          0          0       5471   stm32f1xx_it.o
        76         16         24          4          0       1363   system_stm32f1xx.o
       864         50       2060         12          0      19334   ugui.o

    ----------------------------------------------------------------------
     10172        696       2404         44       3424     424006   Object Totals
         0          0         32          0          0          0   (incl. Generated)
        26          0          0          2          0          0   (incl. Padding)

    ----------------------------------------------------------------------

      Code (inc. data)   RO Data    RW Data    ZI Data      Debug   Library Member Name

        76          0          0          0          0         84   sqrt.o
         0          0          0          0          0          0   entry.o
         0          0          0          0          0          0   entry10a.o
         0          0          0          0          0          0   entry11a.o
         8          4          0          0          0          0   entry2.o
         4          0          0          0          0          0   entry5.o
         0          0          0          0          0          0   entry7b.o
         0          0          0          0          0          0   entry8b.o
         8          4          0          0          0          0   entry9a.o
        12          6          0          4          0         68   errno.o
        30          0          0          0          0          0   handlers.o
        36          8          0          0          0         68   init.o
         0          0          0          0          0          0   iusefp.o
        30          0          0          0          0         68   llshl.o
        36          0          0          0          0         68   llsshr.o
        32          0          0          0          0         68   llushr.o
        56          0          0          0          0         88   d2f.o
       334          0          0          0          0        148   dadd.o
       222          0          0          0          0        100   ddiv.o
       186          0          0          0          0        176   depilogue.o
        62          0          0          0          0         80   dfixi.o
        26          0          0          0          0         76   dfltui.o
       228          0          0          0          0         96   dmul.o
       162          0          0          0          0        100   dsqrt.o
        38          0          0          0          0         68   f2d.o
       110          0          0          0          0        168   fepilogue.o
        50          0          0          0          0         68   ffixi.o

    ----------------------------------------------------------------------
      1748         22          0          4          0       1592   Library Totals
         2          0          0          0          0          0   (incl. Padding)

    ----------------------------------------------------------------------

      Code (inc. data)   RO Data    RW Data    ZI Data      Debug   Library Name

        76          0          0          0          0         84   m_ws.l
       196         22          0          4          0        340   mc_w.l
      1474          0          0          0          0       1168   mf_w.l

    ----------------------------------------------------------------------
      1748         22          0          4          0       1592   Library Totals

    ----------------------------------------------------------------------

==============================================================================


      Code (inc. data)   RO Data    RW Data    ZI Data      Debug   

     11920        718       2404         48       3424     418990   Grand Totals
     11920        718       2404         48       3424     418990   ELF Image Totals
     11920        718       2404         48          0          0   ROM Totals

==============================================================================

    Total RO  Size (Code + RO Data)                14324 (  13.99kB)
    Total RW  Size (RW Data + ZI Data)              3472 (   3.39kB)
    Total ROM Size (Code + RO Data + RW Data)      14372 (  14.04kB)

==============================================================================

