Component: ARM Compiler 5.06 update 1 (build 61) Tool: armlink [4d35a8]

==============================================================================

Section Cross References

    main.o(i.main) refers to stm32f1xx_hal.o(i.HAL_Init) for HAL_Init
    main.o(i.main) refers to rcc.o(i.SystemClock_Config) for SystemClock_Config
    main.o(i.main) refers to rcc.o(i.MX_RTC_Init) for MX_RTC_Init
    main.o(i.main) refers to gpio.o(i.MX_GPIO_Init) for MX_GPIO_Init
    main.o(i.main) refers to gpio.o(i.MX_ADC1_Init) for MX_ADC1_Init
    main.o(i.main) refers to gpio.o(i.Fan) for Fan
    main.o(i.main) refers to gpio.o(i.Ignition) for Ignition
    main.o(i.main) refers to gpio.o(i.Valve) for Valve
    main.o(i.main) refers to regulator.o(i.Regulator_Init) for Regulator_Init
    main.o(i.main) refers to interface.o(i.Display_Init) for Display_Init
    main.o(i.main) refers to stm32f1xx_hal.o(i.HAL_Delay) for HAL_Delay
    main.o(i.main) refers to regulator.o(i.Average_temp) for Average_temp
    main.o(i.main) refers to regulator.o(i.Minute_interval_1) for Minute_interval_1
    main.o(i.main) refers to regulator.o(i.Set_pwr) for Set_pwr
    main.o(i.main) refers to gpio.o(i.Opt_sensor) for Opt_sensor
    main.o(i.main) refers to interface.o(i.menu) for menu
    main.o(i.main) refers to display.o(i.Lcd_print_screen) for Lcd_print_screen
    stm32f1xx_it.o(i.ADC1_IRQHandler) refers to stm32f1xx_hal_adc.o(i.HAL_ADC_IRQHandler) for HAL_ADC_IRQHandler
    stm32f1xx_it.o(i.ADC1_IRQHandler) refers to gpio.o(.bss) for hadc1
    stm32f1xx_it.o(i.EXTI15_10_IRQHandler) refers to stm32f1xx_hal_gpio.o(i.HAL_GPIO_EXTI_IRQHandler) for HAL_GPIO_EXTI_IRQHandler
    stm32f1xx_it.o(i.RTC_Alarm_IRQHandler) refers to stm32f1xx_hal_rtc.o(i.HAL_RTC_AlarmIRQHandler) for HAL_RTC_AlarmIRQHandler
    stm32f1xx_it.o(i.RTC_Alarm_IRQHandler) refers to rcc.o(.bss) for hrtc
    stm32f1xx_it.o(i.RTC_IRQHandler) refers to stm32f1xx_hal_rtc_ex.o(i.HAL_RTCEx_RTCIRQHandler) for HAL_RTCEx_RTCIRQHandler
    stm32f1xx_it.o(i.RTC_IRQHandler) refers to rcc.o(.bss) for hrtc
    stm32f1xx_it.o(i.SysTick_Handler) refers to stm32f1xx_hal.o(i.HAL_IncTick) for HAL_IncTick
    stm32f1xx_it.o(i.SysTick_Handler) refers to stm32f1xx_hal_cortex.o(i.HAL_SYSTICK_IRQHandler) for HAL_SYSTICK_IRQHandler
    stm32f1xx_hal_msp.o(i.HAL_ADC_MspDeInit) refers to stm32f1xx_hal_gpio.o(i.HAL_GPIO_DeInit) for HAL_GPIO_DeInit
    stm32f1xx_hal_msp.o(i.HAL_ADC_MspDeInit) refers to stm32f1xx_hal_cortex.o(i.HAL_NVIC_DisableIRQ) for HAL_NVIC_DisableIRQ
    stm32f1xx_hal_msp.o(i.HAL_ADC_MspInit) refers to stm32f1xx_hal_gpio.o(i.HAL_GPIO_Init) for HAL_GPIO_Init
    stm32f1xx_hal_msp.o(i.HAL_ADC_MspInit) refers to stm32f1xx_hal_cortex.o(i.HAL_NVIC_SetPriority) for HAL_NVIC_SetPriority
    stm32f1xx_hal_msp.o(i.HAL_ADC_MspInit) refers to stm32f1xx_hal_cortex.o(i.HAL_NVIC_EnableIRQ) for HAL_NVIC_EnableIRQ
    stm32f1xx_hal_msp.o(i.HAL_MspInit) refers to stm32f1xx_hal_cortex.o(i.HAL_NVIC_SetPriorityGrouping) for HAL_NVIC_SetPriorityGrouping
    stm32f1xx_hal_msp.o(i.HAL_MspInit) refers to stm32f1xx_hal_cortex.o(i.HAL_NVIC_SetPriority) for HAL_NVIC_SetPriority
    stm32f1xx_hal_msp.o(i.HAL_RTC_MspDeInit) refers to stm32f1xx_hal_cortex.o(i.HAL_NVIC_DisableIRQ) for HAL_NVIC_DisableIRQ
    stm32f1xx_hal_msp.o(i.HAL_RTC_MspInit) refers to stm32f1xx_hal_pwr.o(i.HAL_PWR_EnableBkUpAccess) for HAL_PWR_EnableBkUpAccess
    stm32f1xx_hal_msp.o(i.HAL_RTC_MspInit) refers to stm32f1xx_hal_cortex.o(i.HAL_NVIC_SetPriority) for HAL_NVIC_SetPriority
    stm32f1xx_hal_msp.o(i.HAL_RTC_MspInit) refers to stm32f1xx_hal_cortex.o(i.HAL_NVIC_EnableIRQ) for HAL_NVIC_EnableIRQ
    display.o(i.Lcd_Init) refers to display.o(i.Lcd_set_write) for Lcd_set_write
    display.o(i.Lcd_Init) refers to display.o(i.Lcd_reset) for Lcd_reset
    display.o(i.Lcd_Init) refers to display.o(i.Lcd_status_check) for Lcd_status_check
    display.o(i.Lcd_Init) refers to display.o(i.Lcd_send_data) for Lcd_send_data
    display.o(i.Lcd_Init) refers to display.o(i.Lcd_send_command) for Lcd_send_command
    display.o(i.Lcd_Pixel) refers to display.o(.bss) for .bss
    display.o(i.Lcd_print_screen) refers to display.o(i.Lcd_send_command) for Lcd_send_command
    display.o(i.Lcd_print_screen) refers to display.o(i.Lcd_send_data) for Lcd_send_data
    display.o(i.Lcd_print_screen) refers to display.o(i.Lcd_status_check) for Lcd_status_check
    display.o(i.Lcd_print_screen) refers to display.o(.bss) for .bss
    display.o(i.Lcd_reset) refers to display.o(i.lcdRS) for lcdRS
    display.o(i.Lcd_reset) refers to stm32f1xx_hal.o(i.HAL_Delay) for HAL_Delay
    display.o(i.Lcd_send_command) refers to display.o(i.lcdRS) for lcdRS
    display.o(i.Lcd_send_command) refers to display.o(i.lcdRD) for lcdRD
    display.o(i.Lcd_send_command) refers to display.o(i.lcdWR) for lcdWR
    display.o(i.Lcd_send_command) refers to display.o(i.lcdCD) for lcdCD
    display.o(i.Lcd_send_command) refers to display.o(i.lcdCE) for lcdCE
[...]
    Removing ugui.o(i.UG_WaitForUpdate), (28 bytes).
    Removing ugui.o(i.UG_WindowAlert), (52 bytes).
    Removing ugui.o(i.UG_WindowCreate), (136 bytes).
    Removing ugui.o(i.UG_WindowDelete), (56 bytes).
    Removing ugui.o(i.UG_WindowGetArea), (78 bytes).
    Removing ugui.o(i.UG_WindowGetBackColor), (16 bytes).
    Removing ugui.o(i.UG_WindowGetForeColor), (16 bytes).
    Removing ugui.o(i.UG_WindowGetInnerHeight), (48 bytes).
    Removing ugui.o(i.UG_WindowGetInnerWidth), (38 bytes).
    Removing ugui.o(i.UG_WindowGetOuterHeight), (26 bytes).
    Removing ugui.o(i.UG_WindowGetOuterWidth), (26 bytes).
    Removing ugui.o(i.UG_WindowGetStyle), (18 bytes).
    Removing ugui.o(i.UG_WindowGetTitleColor), (16 bytes).
    Removing ugui.o(i.UG_WindowGetTitleHeight), (18 bytes).
    Removing ugui.o(i.UG_WindowGetTitleInactiveColor), (16 bytes).
    Removing ugui.o(i.UG_WindowGetTitleInactiveTextColor), (16 bytes).
    Removing ugui.o(i.UG_WindowGetTitleText), (16 bytes).
    Removing ugui.o(i.UG_WindowGetTitleTextAlignment), (18 bytes).
    Removing ugui.o(i.UG_WindowGetTitleTextColor), (16 bytes).
    Removing ugui.o(i.UG_WindowGetTitleTextFont), (16 bytes).
    Removing ugui.o(i.UG_WindowGetTitleTextHSpace), (18 bytes).
    Removing ugui.o(i.UG_WindowGetTitleTextVSpace), (18 bytes).
    Removing ugui.o(i.UG_WindowGetXEnd), (18 bytes).
    Removing ugui.o(i.UG_WindowGetXStart), (18 bytes).
    Removing ugui.o(i.UG_WindowGetYEnd), (18 bytes).
    Removing ugui.o(i.UG_WindowGetYStart), (18 bytes).
    Removing ugui.o(i.UG_WindowHide), (104 bytes).
    Removing ugui.o(i.UG_WindowResize), (220 bytes).
    Removing ugui.o(i.UG_WindowSetBackColor), (26 bytes).
    Removing ugui.o(i.UG_WindowSetForeColor), (26 bytes).
    Removing ugui.o(i.UG_WindowSetStyle), (66 bytes).
    Removing ugui.o(i.UG_WindowSetTitleColor), (26 bytes).
    Removing ugui.o(i.UG_WindowSetTitleHeight), (32 bytes).
    Removing ugui.o(i.UG_WindowSetTitleInactiveColor), (26 bytes).
    Removing ugui.o(i.UG_WindowSetTitleInactiveTextColor), (26 bytes).
    Removing ugui.o(i.UG_WindowSetTitleText), (26 bytes).
    Removing ugui.o(i.UG_WindowSetTitleTextAlignment), (28 bytes).
    Removing ugui.o(i.UG_WindowSetTitleTextColor), (26 bytes).
    Removing ugui.o(i.UG_WindowSetTitleTextFont), (52 bytes).
    Removing ugui.o(i.UG_WindowSetTitleTextHSpace), (28 bytes).
    Removing ugui.o(i.UG_WindowSetTitleTextVSpace), (28 bytes).
    Removing ugui.o(i.UG_WindowSetXEnd), (42 bytes).
    Removing ugui.o(i.UG_WindowSetXStart), (40 bytes).
    Removing ugui.o(i.UG_WindowSetYEnd), (40 bytes).
    Removing ugui.o(i.UG_WindowSetYStart), (42 bytes).
    Removing ugui.o(i.UG_WindowShow), (36 bytes).
    Removing ugui.o(i._UG_ButtonUpdate), (372 bytes).
    Removing ugui.o(i._UG_DeleteObject), (52 bytes).
    Removing ugui.o(i._UG_DrawObjectFrame), (234 bytes).
    Removing ugui.o(i._UG_GetFreeObject), (42 bytes).
    Removing ugui.o(i._UG_HandleEvents), (96 bytes).
    Removing ugui.o(i._UG_ImageUpdate), (134 bytes).
    Removing ugui.o(i._UG_ProcessTouchData), (180 bytes).
    Removing ugui.o(i._UG_PutText), (456 bytes).
    Removing ugui.o(i._UG_SearchObject), (58 bytes).
    Removing ugui.o(i._UG_TextboxUpdate), (182 bytes).
    Removing ugui.o(i._UG_UpdateObjects), (82 bytes).
    Removing ugui.o(i._UG_WindowClear), (80 bytes).
    Removing ugui.o(i._UG_WindowDrawTitle), (180 bytes).
    Removing ugui.o(i._UG_WindowUpdate), (196 bytes).
    Removing ugui.o(.constdata), (144 bytes).
    Removing regulator.o(.rev16_text), (4 bytes).
    Removing regulator.o(.revsh_text), (4 bytes).
    Removing regulator.o(.rrx_text), (6 bytes).
    Removing regulator.o(i.Get_Set_temp), (12 bytes).
    Removing regulator.o(i.Get_pwr), (12 bytes).
    Removing regulator.o(i.Get_time_of_minute), (12 bytes).
    Removing regulator.o(i.Second_interval_1), (32 bytes).
    Removing regulator.o(i.Second_interval_5), (36 bytes).
    Removing regulator.o(i.Second_interval_n), (36 bytes).
    Removing regulator.o(.data), (1 bytes).
    Removing system_stm32f1xx.o(.rev16_text), (4 bytes).
    Removing system_stm32f1xx.o(.revsh_text), (4 bytes).
    Removing system_stm32f1xx.o(.rrx_text), (6 bytes).
    Removing system_stm32f1xx.o(i.SystemCoreClockUpdate), (120 bytes).
    Removing startup_stm32f100xb.o(HEAP), (512 bytes).
    Removing stm32f1xx_hal_rcc.o(.rev16_text), (4 bytes).
    Removing stm32f1xx_hal_rcc.o(.revsh_text), (4 bytes).
    Removing stm32f1xx_hal_rcc.o(.rrx_text), (6 bytes).
    Removing stm32f1xx_hal_rcc.o(i.HAL_RCC_CSSCallback), (2 bytes).
    Removing stm32f1xx_hal_rcc.o(i.HAL_RCC_DeInit), (84 bytes).
    Removing stm32f1xx_hal_rcc.o(i.HAL_RCC_DisableCSS), (28 bytes).
    Removing stm32f1xx_hal_rcc.o(i.HAL_RCC_EnableCSS), (24 bytes).
    Removing stm32f1xx_hal_rcc.o(i.HAL_RCC_GetClockConfig), (52 bytes).
    Removing stm32f1xx_hal_rcc.o(i.HAL_RCC_GetOscConfig), (156 bytes).
    Removing stm32f1xx_hal_rcc.o(i.HAL_RCC_GetPCLK1Freq), (48 bytes).
    Removing stm32f1xx_hal_rcc.o(i.HAL_RCC_MCOConfig), (72 bytes).
    Removing stm32f1xx_hal_rcc.o(i.HAL_RCC_NMI_IRQHandler), (24 bytes).
    Removing stm32f1xx_hal_rtc.o(.rev16_text), (4 bytes).
    Removing stm32f1xx_hal_rtc.o(.revsh_text), (4 bytes).
    Removing stm32f1xx_hal_rtc.o(.rrx_text), (6 bytes).
    Removing stm32f1xx_hal_rtc.o(i.HAL_RTC_DeInit), (100 bytes).
    Removing stm32f1xx_hal_rtc.o(i.HAL_RTC_DeactivateAlarm), (112 bytes).
    Removing stm32f1xx_hal_rtc.o(i.HAL_RTC_GetAlarm), (102 bytes).
    Removing stm32f1xx_hal_rtc.o(i.HAL_RTC_GetDate), (78 bytes).
    Removing stm32f1xx_hal_rtc.o(i.HAL_RTC_GetState), (4 bytes).
    Removing stm32f1xx_hal_rtc.o(i.HAL_RTC_MspDeInit), (2 bytes).
    Removing stm32f1xx_hal_rtc.o(i.HAL_RTC_MspInit), (2 bytes).
    Removing stm32f1xx_hal_rtc.o(i.HAL_RTC_PollForAlarmAEvent), (64 bytes).
    Removing stm32f1xx_hal_rtc.o(i.HAL_RTC_SetAlarm), (188 bytes).
    Removing stm32f1xx_hal_rtc.o(i.HAL_RTC_SetAlarm_IT), (232 bytes).
    Removing stm32f1xx_hal_flash.o(.rev16_text), (4 bytes).
    Removing stm32f1xx_hal_flash.o(.revsh_text), (4 bytes).
    Removing stm32f1xx_hal_flash.o(.rrx_text), (6 bytes).
    Removing stm32f1xx_hal_flash.o(i.FLASH_Program_HalfWord), (28 bytes).
    Removing stm32f1xx_hal_flash.o(i.FLASH_SetErrorCode), (68 bytes).
    Removing stm32f1xx_hal_flash.o(i.FLASH_WaitForLastOperation), (84 bytes).
    Removing stm32f1xx_hal_flash.o(i.HAL_FLASH_EndOfOperationCallback), (2 bytes).
    Removing stm32f1xx_hal_flash.o(i.HAL_FLASH_GetError), (12 bytes).
    Removing stm32f1xx_hal_flash.o(i.HAL_FLASH_IRQHandler), (264 bytes).
    Removing stm32f1xx_hal_flash.o(i.HAL_FLASH_Lock), (20 bytes).
    Removing stm32f1xx_hal_flash.o(i.HAL_FLASH_OB_Launch), (10 bytes).
    Removing stm32f1xx_hal_flash.o(i.HAL_FLASH_OB_Lock), (20 bytes).
    Removing stm32f1xx_hal_flash.o(i.HAL_FLASH_OB_Unlock), (36 bytes).
    Removing stm32f1xx_hal_flash.o(i.HAL_FLASH_OperationErrorCallback), (2 bytes).
    Removing stm32f1xx_hal_flash.o(i.HAL_FLASH_Program), (128 bytes).
    Removing stm32f1xx_hal_flash.o(i.HAL_FLASH_Program_IT), (100 bytes).
    Removing stm32f1xx_hal_flash.o(i.HAL_FLASH_Unlock), (36 bytes).
    Removing stm32f1xx_hal_flash.o(.bss), (32 bytes).
    Removing stm32f1xx_hal_adc_ex.o(.rev16_text), (4 bytes).
    Removing stm32f1xx_hal_adc_ex.o(.revsh_text), (4 bytes).
    Removing stm32f1xx_hal_adc_ex.o(.rrx_text), (6 bytes).
    Removing stm32f1xx_hal_adc_ex.o(i.HAL_ADCEx_Calibration_Start), (200 bytes).
    Removing stm32f1xx_hal_adc_ex.o(i.HAL_ADCEx_InjectedConfigChannel), (568 bytes).
    Removing stm32f1xx_hal_adc_ex.o(i.HAL_ADCEx_InjectedGetValue), (30 bytes).
    Removing stm32f1xx_hal_adc_ex.o(i.HAL_ADCEx_InjectedPollForConversion), (292 bytes).
    Removing stm32f1xx_hal_adc_ex.o(i.HAL_ADCEx_InjectedStart), (120 bytes).
    Removing stm32f1xx_hal_adc_ex.o(i.HAL_ADCEx_InjectedStart_IT), (130 bytes).
    Removing stm32f1xx_hal_adc_ex.o(i.HAL_ADCEx_InjectedStop), (78 bytes).
    Removing stm32f1xx_hal_adc_ex.o(i.HAL_ADCEx_InjectedStop_IT), (88 bytes).
    Removing stm32f1xx_hal_adc.o(.rev16_text), (4 bytes).
    Removing stm32f1xx_hal_adc.o(.revsh_text), (4 bytes).
    Removing stm32f1xx_hal_adc.o(.rrx_text), (6 bytes).
    Removing stm32f1xx_hal_adc.o(i.ADC_DMAConvCplt), (78 bytes).
    Removing stm32f1xx_hal_adc.o(i.ADC_DMAError), (26 bytes).
    Removing stm32f1xx_hal_adc.o(i.ADC_DMAHalfConvCplt), (10 bytes).
    Removing stm32f1xx_hal_adc.o(i.HAL_ADC_AnalogWDGConfig), (88 bytes).
    Removing stm32f1xx_hal_adc.o(i.HAL_ADC_ConvHalfCpltCallback), (2 bytes).
    Removing stm32f1xx_hal_adc.o(i.HAL_ADC_DeInit), (228 bytes).
    Removing stm32f1xx_hal_adc.o(i.HAL_ADC_ErrorCallback), (2 bytes).
    Removing stm32f1xx_hal_adc.o(i.HAL_ADC_GetError), (4 bytes).
    Removing stm32f1xx_hal_adc.o(i.HAL_ADC_GetState), (4 bytes).
    Removing stm32f1xx_hal_adc.o(i.HAL_ADC_MspDeInit), (2 bytes).
    Removing stm32f1xx_hal_adc.o(i.HAL_ADC_MspInit), (2 bytes).
    Removing stm32f1xx_hal_adc.o(i.HAL_ADC_PollForEvent), (84 bytes).
    Removing stm32f1xx_hal_adc.o(i.HAL_ADC_Start_DMA), (208 bytes).
    Removing stm32f1xx_hal_adc.o(i.HAL_ADC_Start_IT), (152 bytes).
    Removing stm32f1xx_hal_adc.o(i.HAL_ADC_Stop_DMA), (76 bytes).
    Removing stm32f1xx_hal_adc.o(i.HAL_ADC_Stop_IT), (62 bytes).
    Removing stm32f1xx_hal.o(.rev16_text), (4 bytes).
    Removing stm32f1xx_hal.o(.revsh_text), (4 bytes).
    Removing stm32f1xx_hal.o(.rrx_text), (6 bytes).
    Removing stm32f1xx_hal.o(i.HAL_DBGMCU_DisableDBGSleepMode), (16 bytes).
    Removing stm32f1xx_hal.o(i.HAL_DBGMCU_DisableDBGStandbyMode), (16 bytes).
    Removing stm32f1xx_hal.o(i.HAL_DBGMCU_DisableDBGStopMode), (16 bytes).
    Removing stm32f1xx_hal.o(i.HAL_DBGMCU_EnableDBGSleepMode), (16 bytes).
    Removing stm32f1xx_hal.o(i.HAL_DBGMCU_EnableDBGStandbyMode), (16 bytes).
    Removing stm32f1xx_hal.o(i.HAL_DBGMCU_EnableDBGStopMode), (16 bytes).
    Removing stm32f1xx_hal.o(i.HAL_DeInit), (32 bytes).
    Removing stm32f1xx_hal.o(i.HAL_GetDEVID), (16 bytes).
    Removing stm32f1xx_hal.o(i.HAL_GetHalVersion), (8 bytes).
    Removing stm32f1xx_hal.o(i.HAL_GetREVID), (28 bytes).
    Removing stm32f1xx_hal.o(i.HAL_MspDeInit), (2 bytes).
    Removing stm32f1xx_hal.o(i.HAL_MspInit), (2 bytes).
    Removing stm32f1xx_hal.o(i.HAL_ResumeTick), (14 bytes).
    Removing stm32f1xx_hal.o(i.HAL_SuspendTick), (14 bytes).
    Removing stm32f1xx_hal_tim.o(.rev16_text), (4 bytes).
    Removing stm32f1xx_hal_tim.o(.revsh_text), (4 bytes).
    Removing stm32f1xx_hal_tim.o(.rrx_text), (6 bytes).
    Removing stm32f1xx_hal_pwr.o(.rev16_text), (4 bytes).
    Removing stm32f1xx_hal_pwr.o(.revsh_text), (4 bytes).
    Removing stm32f1xx_hal_pwr.o(.rrx_text), (6 bytes).
    Removing stm32f1xx_hal_pwr.o(i.HAL_PWR_ConfigPVD), (124 bytes).
    Removing stm32f1xx_hal_pwr.o(i.HAL_PWR_DeInit), (24 bytes).
    Removing stm32f1xx_hal_pwr.o(i.HAL_PWR_DisableBkUpAccess), (28 bytes).
    Removing stm32f1xx_hal_pwr.o(i.HAL_PWR_DisablePVD), (24 bytes).
    Removing stm32f1xx_hal_pwr.o(i.HAL_PWR_DisableSEVOnPend), (16 bytes).
    Removing stm32f1xx_hal_pwr.o(i.HAL_PWR_DisableSleepOnExit), (16 bytes).
    Removing stm32f1xx_hal_pwr.o(i.HAL_PWR_DisableWakeUpPin), (28 bytes).
    Removing stm32f1xx_hal_pwr.o(i.HAL_PWR_EnablePVD), (24 bytes).
    Removing stm32f1xx_hal_pwr.o(i.HAL_PWR_EnableSEVOnPend), (16 bytes).
    Removing stm32f1xx_hal_pwr.o(i.HAL_PWR_EnableSleepOnExit), (16 bytes).
    Removing stm32f1xx_hal_pwr.o(i.HAL_PWR_EnableWakeUpPin), (28 bytes).
    Removing stm32f1xx_hal_pwr.o(i.HAL_PWR_EnterSLEEPMode), (32 bytes).
    Removing stm32f1xx_hal_pwr.o(i.HAL_PWR_EnterSTANDBYMode), (32 bytes).
    Removing stm32f1xx_hal_pwr.o(i.HAL_PWR_EnterSTOPMode), (68 bytes).
    Removing stm32f1xx_hal_pwr.o(i.HAL_PWR_PVDCallback), (2 bytes).
    Removing stm32f1xx_hal_pwr.o(i.HAL_PWR_PVD_IRQHandler), (28 bytes).
    Removing stm32f1xx_hal_pwr.o(i.PWR_OverloadWfe), (6 bytes).
    Removing stm32f1xx_hal_gpio_ex.o(.rev16_text), (4 bytes).
    Removing stm32f1xx_hal_gpio_ex.o(.revsh_text), (4 bytes).
    Removing stm32f1xx_hal_gpio_ex.o(.rrx_text), (6 bytes).
    Removing stm32f1xx_hal_gpio_ex.o(i.HAL_GPIOEx_ConfigEventout), (20 bytes).
    Removing stm32f1xx_hal_gpio_ex.o(i.HAL_GPIOEx_DisableEventout), (16 bytes).
    Removing stm32f1xx_hal_gpio_ex.o(i.HAL_GPIOEx_EnableEventout), (16 bytes).
    Removing stm32f1xx_hal_tim_ex.o(.rev16_text), (4 bytes).
    Removing stm32f1xx_hal_tim_ex.o(.revsh_text), (4 bytes).
    Removing stm32f1xx_hal_tim_ex.o(.rrx_text), (6 bytes).
    Removing stm32f1xx_hal_gpio.o(.rev16_text), (4 bytes).
    Removing stm32f1xx_hal_gpio.o(.revsh_text), (4 bytes).
    Removing stm32f1xx_hal_gpio.o(.rrx_text), (6 bytes).
    Removing stm32f1xx_hal_gpio.o(i.HAL_GPIO_DeInit), (228 bytes).
    Removing stm32f1xx_hal_gpio.o(i.HAL_GPIO_EXTI_Callback), (2 bytes).
    Removing stm32f1xx_hal_gpio.o(i.HAL_GPIO_LockPin), (34 bytes).
    Removing stm32f1xx_hal_gpio.o(i.HAL_GPIO_TogglePin), (8 bytes).
    Removing stm32f1xx_hal_cortex.o(.rev16_text), (4 bytes).
    Removing stm32f1xx_hal_cortex.o(.revsh_text), (4 bytes).
    Removing stm32f1xx_hal_cortex.o(.rrx_text), (6 bytes).
    Removing stm32f1xx_hal_cortex.o(i.HAL_NVIC_ClearPendingIRQ), (22 bytes).
    Removing stm32f1xx_hal_cortex.o(i.HAL_NVIC_GetActive), (32 bytes).
    Removing stm32f1xx_hal_cortex.o(i.HAL_NVIC_GetPendingIRQ), (32 bytes).
    Removing stm32f1xx_hal_cortex.o(i.HAL_NVIC_GetPriority), (82 bytes).
    Removing stm32f1xx_hal_cortex.o(i.HAL_NVIC_GetPriorityGrouping), (16 bytes).
    Removing stm32f1xx_hal_cortex.o(i.HAL_NVIC_SetPendingIRQ), (22 bytes).
    Removing stm32f1xx_hal_cortex.o(i.HAL_NVIC_SystemReset), (36 bytes).
    Removing stm32f1xx_hal_cortex.o(i.HAL_SYSTICK_Callback), (2 bytes).
    Removing stm32f1xx_hal_flash_ex.o(.rev16_text), (4 bytes).
    Removing stm32f1xx_hal_flash_ex.o(.revsh_text), (4 bytes).
    Removing stm32f1xx_hal_flash_ex.o(.rrx_text), (6 bytes).
    Removing stm32f1xx_hal_flash_ex.o(i.FLASH_MassErase), (36 bytes).
    Removing stm32f1xx_hal_flash_ex.o(i.FLASH_OB_DisableWRP), (176 bytes).
    Removing stm32f1xx_hal_flash_ex.o(i.FLASH_OB_EnableWRP), (176 bytes).
    Removing stm32f1xx_hal_flash_ex.o(i.FLASH_OB_GetRDP), (24 bytes).
    Removing stm32f1xx_hal_flash_ex.o(i.FLASH_OB_RDP_LevelConfig), (100 bytes).
    Removing stm32f1xx_hal_flash_ex.o(i.FLASH_PageErase), (36 bytes).
    Removing stm32f1xx_hal_flash_ex.o(i.HAL_FLASHEx_Erase), (168 bytes).
    Removing stm32f1xx_hal_flash_ex.o(i.HAL_FLASHEx_Erase_IT), (84 bytes).
    Removing stm32f1xx_hal_flash_ex.o(i.HAL_FLASHEx_OBErase), (84 bytes).
    Removing stm32f1xx_hal_flash_ex.o(i.HAL_FLASHEx_OBGetConfig), (48 bytes).
    Removing stm32f1xx_hal_flash_ex.o(i.HAL_FLASHEx_OBGetUserData), (48 bytes).
    Removing stm32f1xx_hal_flash_ex.o(i.HAL_FLASHEx_OBProgram), (200 bytes).
    Removing stm32f1xx_hal_rtc_ex.o(.rev16_text), (4 bytes).
    Removing stm32f1xx_hal_rtc_ex.o(.revsh_text), (4 bytes).
    Removing stm32f1xx_hal_rtc_ex.o(.rrx_text), (6 bytes).
    Removing stm32f1xx_hal_rtc_ex.o(i.HAL_RTCEx_BKUPRead), (16 bytes).
    Removing stm32f1xx_hal_rtc_ex.o(i.HAL_RTCEx_BKUPWrite), (16 bytes).
    Removing stm32f1xx_hal_rtc_ex.o(i.HAL_RTCEx_DeactivateSecond), (44 bytes).
    Removing stm32f1xx_hal_rtc_ex.o(i.HAL_RTCEx_DeactivateTamper), (76 bytes).
    Removing stm32f1xx_hal_rtc_ex.o(i.HAL_RTCEx_PollForTamper1Event), (72 bytes).
    Removing stm32f1xx_hal_rtc_ex.o(i.HAL_RTCEx_SetSecond_IT), (44 bytes).
    Removing stm32f1xx_hal_rtc_ex.o(i.HAL_RTCEx_SetSmoothCalib), (52 bytes).
    Removing stm32f1xx_hal_rtc_ex.o(i.HAL_RTCEx_SetTamper), (80 bytes).
    Removing stm32f1xx_hal_rtc_ex.o(i.HAL_RTCEx_SetTamper_IT), (92 bytes).
    Removing stm32f1xx_hal_rtc_ex.o(i.HAL_RTCEx_Tamper1EventCallback), (2 bytes).
    Removing stm32f1xx_hal_rtc_ex.o(i.HAL_RTCEx_TamperIRQHandler), (44 bytes).
    Removing stm32f1xx_hal_rcc_ex.o(.rev16_text), (4 bytes).
    Removing stm32f1xx_hal_rcc_ex.o(.revsh_text), (4 bytes).
    Removing stm32f1xx_hal_rcc_ex.o(.rrx_text), (6 bytes).
    Removing stm32f1xx_hal_rcc_ex.o(i.HAL_RCCEx_GetPeriphCLKConfig), (32 bytes).
    Removing stm32f1xx_hal_dma.o(.rev16_text), (4 bytes).
    Removing stm32f1xx_hal_dma.o(.revsh_text), (4 bytes).
    Removing stm32f1xx_hal_dma.o(.rrx_text), (6 bytes).
    Removing stm32f1xx_hal_dma.o(i.DMA_SetConfig), (30 bytes).
    Removing stm32f1xx_hal_dma.o(i.HAL_DMA_Abort), (86 bytes).
    Removing stm32f1xx_hal_dma.o(i.HAL_DMA_DeInit), (296 bytes).
    Removing stm32f1xx_hal_dma.o(i.HAL_DMA_GetError), (4 bytes).
    Removing stm32f1xx_hal_dma.o(i.HAL_DMA_GetState), (6 bytes).
    Removing stm32f1xx_hal_dma.o(i.HAL_DMA_IRQHandler), (620 bytes).
    Removing stm32f1xx_hal_dma.o(i.HAL_DMA_Init), (80 bytes).
    Removing stm32f1xx_hal_dma.o(i.HAL_DMA_PollForTransfer), (572 bytes).
    Removing stm32f1xx_hal_dma.o(i.HAL_DMA_Start), (58 bytes).
    Removing stm32f1xx_hal_dma.o(i.HAL_DMA_Start_IT), (88 bytes).
    Removing dfixi.o(.text), (62 bytes).
    Removing cdcmple.o(.text), (48 bytes).

354 unused section(s) (total 18471 bytes) removed from the image.

==============================================================================

Image Symbol Table

    Local Symbols

    Symbol Name                              Value     Ov Type        Size  Object(Section)

    ../Drivers/CMSIS//Device/ST/STM32F1xx/Source/Templates/system_stm32f1xx.c 0x00000000   Number         0  system_stm32f1xx.o ABSOLUTE
    ../Drivers/STM32F1xx_HAL_Driver/Src/stm32f1xx_hal.c 0x00000000   Number         0  stm32f1xx_hal.o ABSOLUTE
    ../Drivers/STM32F1xx_HAL_Driver/Src/stm32f1xx_hal_adc.c 0x00000000   Number         0  stm32f1xx_hal_adc.o ABSOLUTE
    ../Drivers/STM32F1xx_HAL_Driver/Src/stm32f1xx_hal_adc_ex.c 0x00000000   Number         0  stm32f1xx_hal_adc_ex.o ABSOLUTE
    ../Drivers/STM32F1xx_HAL_Driver/Src/stm32f1xx_hal_cortex.c 0x00000000   Number         0  stm32f1xx_hal_cortex.o ABSOLUTE
    ../Drivers/STM32F1xx_HAL_Driver/Src/stm32f1xx_hal_dma.c 0x00000000   Number         0  stm32f1xx_hal_dma.o ABSOLUTE
    ../Drivers/STM32F1xx_HAL_Driver/Src/stm32f1xx_hal_flash.c 0x00000000   Number         0  stm32f1xx_hal_flash.o ABSOLUTE
    ../Drivers/STM32F1xx_HAL_Driver/Src/stm32f1xx_hal_flash_ex.c 0x00000000   Number         0  stm32f1xx_hal_flash_ex.o ABSOLUTE
    ../Drivers/STM32F1xx_HAL_Driver/Src/stm32f1xx_hal_gpio.c 0x00000000   Number         0  stm32f1xx_hal_gpio.o ABSOLUTE
    ../Drivers/STM32F1xx_HAL_Driver/Src/stm32f1xx_hal_gpio_ex.c 0x00000000   Number         0  stm32f1xx_hal_gpio_ex.o ABSOLUTE
    ../Drivers/STM32F1xx_HAL_Driver/Src/stm32f1xx_hal_pwr.c 0x00000000   Number         0  stm32f1xx_hal_pwr.o ABSOLUTE
    ../Drivers/STM32F1xx_HAL_Driver/Src/stm32f1xx_hal_rcc.c 0x00000000   Number         0  stm32f1xx_hal_rcc.o ABSOLUTE
    ../Drivers/STM32F1xx_HAL_Driver/Src/stm32f1xx_hal_rcc_ex.c 0x00000000   Number         0  stm32f1xx_hal_rcc_ex.o ABSOLUTE
    ../Drivers/STM32F1xx_HAL_Driver/Src/stm32f1xx_hal_rtc.c 0x00000000   Number         0  stm32f1xx_hal_rtc.o ABSOLUTE
    ../Drivers/STM32F1xx_HAL_Driver/Src/stm32f1xx_hal_rtc_ex.c 0x00000000   Number         0  stm32f1xx_hal_rtc_ex.o ABSOLUTE
    ../Drivers/STM32F1xx_HAL_Driver/Src/stm32f1xx_hal_tim.c 0x00000000   Number         0  stm32f1xx_hal_tim.o ABSOLUTE
    ../Drivers/STM32F1xx_HAL_Driver/Src/stm32f1xx_hal_tim_ex.c 0x00000000   Number         0  stm32f1xx_hal_tim_ex.o ABSOLUTE
    ../Src/main.c                            0x00000000   Number         0  main.o ABSOLUTE
    ../Src/stm32f1xx_hal_msp.c               0x00000000   Number         0  stm32f1xx_hal_msp.o ABSOLUTE
    ../Src/stm32f1xx_it.c                    0x00000000   Number         0  stm32f1xx_it.o ABSOLUTE
    ../clib/microlib/errno.c                 0x00000000   Number         0  errno.o ABSOLUTE
    ../clib/microlib/init/entry.s            0x00000000   Number         0  entry7a.o ABSOLUTE
    ../clib/microlib/init/entry.s            0x00000000   Number         0  entry5.o ABSOLUTE
    ../clib/microlib/init/entry.s            0x00000000   Number         0  entry11b.o ABSOLUTE
    ../clib/microlib/init/entry.s            0x00000000   Number         0  entry.o ABSOLUTE
    ../clib/microlib/init/entry.s            0x00000000   Number         0  entry11a.o ABSOLUTE
    ../clib/microlib/init/entry.s            0x00000000   Number         0  entry10b.o ABSOLUTE
    ../clib/microlib/init/entry.s            0x00000000   Number         0  entry10a.o ABSOLUTE
    ../clib/microlib/init/entry.s            0x00000000   Number         0  entry9b.o ABSOLUTE
    ../clib/microlib/init/entry.s            0x00000000   Number         0  entry9a.o ABSOLUTE
    ../clib/microlib/init/entry.s            0x00000000   Number         0  entry8a.o ABSOLUTE
    ../clib/microlib/init/entry.s            0x00000000   Number         0  entry8b.o ABSOLUTE
    ../clib/microlib/init/entry.s            0x00000000   Number         0  entry7b.o ABSOLUTE
    ../clib/microlib/init/entry.s            0x00000000   Number         0  entry2.o ABSOLUTE
    ../clib/microlib/longlong.c              0x00000000   Number         0  llsshr.o ABSOLUTE
    ../clib/microlib/longlong.c              0x00000000   Number         0  llshl.o ABSOLUTE
    ../clib/microlib/longlong.c              0x00000000   Number         0  llushr.o ABSOLUTE
    ../clib/microlib/stubs.s                 0x00000000   Number         0  iusefp.o ABSOLUTE
    ../fplib/microlib/d2f.c                  0x00000000   Number         0  d2f.o ABSOLUTE
    ../fplib/microlib/f2d.c                  0x00000000   Number         0  f2d.o ABSOLUTE
    ../fplib/microlib/fpadd.c                0x00000000   Number         0  dadd.o ABSOLUTE
    ../fplib/microlib/fpdiv.c                0x00000000   Number         0  ddiv.o ABSOLUTE
    ../fplib/microlib/fpepilogue.c           0x00000000   Number         0  fepilogue.o ABSOLUTE
    ../fplib/microlib/fpepilogue.c           0x00000000   Number         0  depilogue.o ABSOLUTE
    ../fplib/microlib/fpfix.c                0x00000000   Number         0  dfixi.o ABSOLUTE
    ../fplib/microlib/fpfix.c                0x00000000   Number         0  ffixi.o ABSOLUTE
    ../fplib/microlib/fpflt.c                0x00000000   Number         0  dfltui.o ABSOLUTE
    ../fplib/microlib/fpmul.c                0x00000000   Number         0  dmul.o ABSOLUTE
    ../fplib/microlib/fpsqrt.c               0x00000000   Number         0  dsqrt.o ABSOLUTE
    ../mathlib/sqrt.c                        0x00000000   Number         0  sqrt_x.o ABSOLUTE
    ../mathlib/sqrt.c                        0x00000000   Number         0  sqrt.o ABSOLUTE
    ..\Drivers\CMSIS\\Device\ST\STM32F1xx\Source\Templates\system_stm32f1xx.c 0x00000000   Number         0  system_stm32f1xx.o ABSOLUTE
    ..\Drivers\STM32F1xx_HAL_Driver\Src\stm32f1xx_hal.c 0x00000000   Number         0  stm32f1xx_hal.o ABSOLUTE
    ..\Drivers\STM32F1xx_HAL_Driver\Src\stm32f1xx_hal_adc.c 0x00000000   Number         0  stm32f1xx_hal_adc.o ABSOLUTE
    ..\Drivers\STM32F1xx_HAL_Driver\Src\stm32f1xx_hal_adc_ex.c 0x00000000   Number         0  stm32f1xx_hal_adc_ex.o ABSOLUTE
    ..\Drivers\STM32F1xx_HAL_Driver\Src\stm32f1xx_hal_cortex.c 0x00000000   Number         0  stm32f1xx_hal_cortex.o ABSOLUTE
    ..\Drivers\STM32F1xx_HAL_Driver\Src\stm32f1xx_hal_dma.c 0x00000000   Number         0  stm32f1xx_hal_dma.o ABSOLUTE
    ..\Drivers\STM32F1xx_HAL_Driver\Src\stm32f1xx_hal_flash.c 0x00000000   Number         0  stm32f1xx_hal_flash.o ABSOLUTE
    ..\Drivers\STM32F1xx_HAL_Driver\Src\stm32f1xx_hal_flash_ex.c 0x00000000   Number         0  stm32f1xx_hal_flash_ex.o ABSOLUTE
    ..\Drivers\STM32F1xx_HAL_Driver\Src\stm32f1xx_hal_gpio.c 0x00000000   Number         0  stm32f1xx_hal_gpio.o ABSOLUTE
    ..\Drivers\STM32F1xx_HAL_Driver\Src\stm32f1xx_hal_gpio_ex.c 0x00000000   Number         0  stm32f1xx_hal_gpio_ex.o ABSOLUTE
    ..\Drivers\STM32F1xx_HAL_Driver\Src\stm32f1xx_hal_pwr.c 0x00000000   Number         0  stm32f1xx_hal_pwr.o ABSOLUTE
    ..\Drivers\STM32F1xx_HAL_Driver\Src\stm32f1xx_hal_rcc.c 0x00000000   Number         0  stm32f1xx_hal_rcc.o ABSOLUTE
    ..\Drivers\STM32F1xx_HAL_Driver\Src\stm32f1xx_hal_rcc_ex.c 0x00000000   Number         0  stm32f1xx_hal_rcc_ex.o ABSOLUTE
    ..\Drivers\STM32F1xx_HAL_Driver\Src\stm32f1xx_hal_rtc.c 0x00000000   Number         0  stm32f1xx_hal_rtc.o ABSOLUTE
    ..\Drivers\STM32F1xx_HAL_Driver\Src\stm32f1xx_hal_rtc_ex.c 0x00000000   Number         0  stm32f1xx_hal_rtc_ex.o ABSOLUTE
    ..\Drivers\STM32F1xx_HAL_Driver\Src\stm32f1xx_hal_tim.c 0x00000000   Number         0  stm32f1xx_hal_tim.o ABSOLUTE
    ..\Drivers\STM32F1xx_HAL_Driver\Src\stm32f1xx_hal_tim_ex.c 0x00000000   Number         0  stm32f1xx_hal_tim_ex.o ABSOLUTE
    ..\Src\display.cpp                       0x00000000   Number         0  display.o ABSOLUTE
    ..\Src\gpio.cpp                          0x00000000   Number         0  gpio.o ABSOLUTE
    ..\Src\interface.cpp                     0x00000000   Number         0  interface.o ABSOLUTE
    ..\Src\main.c                            0x00000000   Number         0  main.o ABSOLUTE
    ..\Src\rcc.cpp                           0x00000000   Number         0  rcc.o ABSOLUTE
    ..\Src\regulator.c                       0x00000000   Number         0  regulator.o ABSOLUTE
    ..\Src\stm32f1xx_hal_msp.c               0x00000000   Number         0  stm32f1xx_hal_msp.o ABSOLUTE
    ..\Src\stm32f1xx_it.c                    0x00000000   Number         0  stm32f1xx_it.o ABSOLUTE
    ..\Src\ugui.c                            0x00000000   Number         0  ugui.o ABSOLUTE
    ..\\Src\\display.cpp                     0x00000000   Number         0  display.o ABSOLUTE
    ..\\Src\\gpio.cpp                        0x00000000   Number         0  gpio.o ABSOLUTE
    ..\\Src\\interface.cpp                   0x00000000   Number         0  interface.o ABSOLUTE
    ..\\Src\\rcc.cpp                         0x00000000   Number         0  rcc.o ABSOLUTE
    ..\\Src\\regulator.c                     0x00000000   Number         0  regulator.o ABSOLUTE
    cdcmple.s                                0x00000000   Number         0  cdcmple.o ABSOLUTE
    dc.s                                     0x00000000   Number         0  dc.o ABSOLUTE
    handlers.s                               0x00000000   Number         0  handlers.o ABSOLUTE
    init.s                                   0x00000000   Number         0  init.o ABSOLUTE
    startup_stm32f100xb.s                    0x00000000   Number         0  startup_stm32f100xb.o ABSOLUTE
    RESET                                    0x08000000   Section      288  startup_stm32f100xb.o(RESET)
    .ARM.Collect$$$$00000000                 0x08000120   Section        0  entry.o(.ARM.Collect$$$$00000000)
    .ARM.Collect$$$$00000001                 0x08000120   Section        4  entry2.o(.ARM.Collect$$$$00000001)
    .ARM.Collect$$$$00000004                 0x08000124   Section        4  entry5.o(.ARM.Collect$$$$00000004)
    .ARM.Collect$$$$00000008                 0x08000128   Section        0  entry7b.o(.ARM.Collect$$$$00000008)
    .ARM.Collect$$$$0000000A                 0x08000128   Section        0  entry8b.o(.ARM.Collect$$$$0000000A)
    .ARM.Collect$$$$0000000B                 0x08000128   Section        8  entry9a.o(.ARM.Collect$$$$0000000B)
    .ARM.Collect$$$$0000000D                 0x08000130   Section        0  entry10a.o(.ARM.Collect$$$$0000000D)
    .ARM.Collect$$$$0000000F                 0x08000130   Section        0  entry11a.o(.ARM.Collect$$$$0000000F)
    .ARM.Collect$$$$00002712                 0x08000130   Section        4  entry2.o(.ARM.Collect$$$$00002712)
    __lit__00000000                          0x08000130   Data           4  entry2.o(.ARM.Collect$$$$00002712)
    .text                                    0x08000134   Section       36  startup_stm32f100xb.o(.text)
    .text                                    0x08000158   Section        0  llushr.o(.text)
    .text                                    0x08000178   Section        0  dadd.o(.text)
    .text                                    0x080002c6   Section        0  dmul.o(.text)
    .text                                    0x080003aa   Section        0  ddiv.o(.text)
    .text                                    0x08000488   Section        0  dfltui.o(.text)
    .text                                    0x080004a2   Section        0  ffixi.o(.text)
    .text                                    0x080004d4   Section        0  f2d.o(.text)
    .text                                    0x080004fa   Section        0  d2f.o(.text)
    .text                                    0x08000532   Section        0  llshl.o(.text)
    .text                                    0x08000550   Section        0  llsshr.o(.text)
    .text                                    0x08000574   Section        0  fepilogue.o(.text)
    .text                                    0x08000574   Section        0  iusefp.o(.text)
    .text                                    0x080005e2   Section        0  depilogue.o(.text)
    .text                                    0x0800069c   Section        0  dsqrt.o(.text)
    .text                                    0x08000740   Section       36  init.o(.text)
    i.ADC1_IRQHandler                        0x08000764   Section        0  stm32f1xx_it.o(i.ADC1_IRQHandler)
    i.ADC_ConversionStop_Disable             0x08000770   Section        0  stm32f1xx_hal_adc.o(i.ADC_ConversionStop_Disable)
    i.ADC_Enable                             0x080007bc   Section        0  stm32f1xx_hal_adc.o(i.ADC_Enable)
    i.Average_temp                           0x0800082c   Section        0  regulator.o(i.Average_temp)
    i.BusFault_Handler                       0x08000868   Section        0  stm32f1xx_it.o(i.BusFault_Handler)
    i.DebugMon_Handler                       0x0800086a   Section        0  stm32f1xx_it.o(i.DebugMon_Handler)
    i.Display_Init                           0x0800086c   Section        0  interface.o(i.Display_Init)
    i.EXTI15_10_IRQHandler                   0x080008f0   Section        0  stm32f1xx_it.o(i.EXTI15_10_IRQHandler)
    i.Error_Handler                          0x08000916   Section        0  gpio.o(i.Error_Handler)
    i.Fan                                    0x08000918   Section        0  gpio.o(i.Fan)
    i.Get_Temp                               0x08000930   Section        0  regulator.o(i.Get_Temp)
    i.Get_keyboard                           0x08000970   Section        0  gpio.o(i.Get_keyboard)
    i.HAL_ADCEx_InjectedConvCpltCallback     0x0800097c   Section        0  stm32f1xx_hal_adc_ex.o(i.HAL_ADCEx_InjectedConvCpltCallback)
    i.HAL_ADC_ConfigChannel                  0x08000980   Section        0  stm32f1xx_hal_adc.o(i.HAL_ADC_ConfigChannel)
    i.HAL_ADC_ConvCpltCallback               0x08000ae8   Section        0  stm32f1xx_hal_adc.o(i.HAL_ADC_ConvCpltCallback)
    i.HAL_ADC_GetValue                       0x08000aea   Section        0  stm32f1xx_hal_adc.o(i.HAL_ADC_GetValue)
    i.HAL_ADC_IRQHandler                     0x08000af0   Section        0  stm32f1xx_hal_adc.o(i.HAL_ADC_IRQHandler)
    i.HAL_ADC_Init                           0x08000bd8   Section        0  stm32f1xx_hal_adc.o(i.HAL_ADC_Init)
    i.HAL_ADC_LevelOutOfWindowCallback       0x08000d0c   Section        0  stm32f1xx_hal_adc.o(i.HAL_ADC_LevelOutOfWindowCallback)
    i.HAL_ADC_MspInit                        0x08000d10   Section        0  stm32f1xx_hal_msp.o(i.HAL_ADC_MspInit)
    i.HAL_ADC_PollForConversion              0x08000d60   Section        0  stm32f1xx_hal_adc.o(i.HAL_ADC_PollForConversion)
    i.HAL_ADC_Start                          0x08000e90   Section        0  stm32f1xx_hal_adc.o(i.HAL_ADC_Start)
    i.HAL_ADC_Stop                           0x08000f1e   Section        0  stm32f1xx_hal_adc.o(i.HAL_ADC_Stop)
    i.HAL_Delay                              0x08000f52   Section        0  stm32f1xx_hal.o(i.HAL_Delay)
    i.HAL_GPIO_EXTI_Callback                 0x08000f68   Section        0  gpio.o(i.HAL_GPIO_EXTI_Callback)
    i.HAL_GPIO_EXTI_IRQHandler               0x080010d8   Section        0  stm32f1xx_hal_gpio.o(i.HAL_GPIO_EXTI_IRQHandler)
    i.HAL_GPIO_Init                          0x080010f0   Section        0  stm32f1xx_hal_gpio.o(i.HAL_GPIO_Init)
    i.HAL_GPIO_ReadPin                       0x080012ac   Section        0  stm32f1xx_hal_gpio.o(i.HAL_GPIO_ReadPin)
    i.HAL_GPIO_WritePin                      0x080012b6   Section        0  stm32f1xx_hal_gpio.o(i.HAL_GPIO_WritePin)
    i.HAL_GetTick                            0x080012c0   Section        0  stm32f1xx_hal.o(i.HAL_GetTick)
    i.HAL_IncTick                            0x080012cc   Section        0  stm32f1xx_hal.o(i.HAL_IncTick)
    i.HAL_Init                               0x080012dc   Section        0  stm32f1xx_hal.o(i.HAL_Init)
    i.HAL_InitTick                           0x080012f2   Section        0  stm32f1xx_hal.o(i.HAL_InitTick)
    i.HAL_MspInit                            0x08001314   Section        0  stm32f1xx_hal_msp.o(i.HAL_MspInit)
    i.HAL_NVIC_DisableIRQ                    0x08001394   Section        0  stm32f1xx_hal_cortex.o(i.HAL_NVIC_DisableIRQ)
    i.HAL_NVIC_EnableIRQ                     0x080013aa   Section        0  stm32f1xx_hal_cortex.o(i.HAL_NVIC_EnableIRQ)
    i.HAL_NVIC_SetPriority                   0x080013c0   Section        0  stm32f1xx_hal_cortex.o(i.HAL_NVIC_SetPriority)
    i.HAL_NVIC_SetPriorityGrouping           0x08001400   Section        0  stm32f1xx_hal_cortex.o(i.HAL_NVIC_SetPriorityGrouping)
    i.HAL_PWR_EnableBkUpAccess               0x08001424   Section        0  stm32f1xx_hal_pwr.o(i.HAL_PWR_EnableBkUpAccess)
    i.HAL_RCCEx_GetPeriphCLKFreq             0x0800143c   Section        0  stm32f1xx_hal_rcc_ex.o(i.HAL_RCCEx_GetPeriphCLKFreq)
    i.HAL_RCCEx_PeriphCLKConfig              0x080014a8   Section        0  stm32f1xx_hal_rcc_ex.o(i.HAL_RCCEx_PeriphCLKConfig)
    i.HAL_RCC_ClockConfig                    0x080015c4   Section        0  stm32f1xx_hal_rcc.o(i.HAL_RCC_ClockConfig)
    i.HAL_RCC_GetHCLKFreq                    0x080016f4   Section        0  stm32f1xx_hal_rcc.o(i.HAL_RCC_GetHCLKFreq)
    i.HAL_RCC_GetPCLK2Freq                   0x08001700   Section        0  stm32f1xx_hal_rcc.o(i.HAL_RCC_GetPCLK2Freq)
    i.HAL_RCC_GetSysClockFreq                0x08001730   Section        0  stm32f1xx_hal_rcc.o(i.HAL_RCC_GetSysClockFreq)
    i.HAL_RCC_OscConfig                      0x080017cc   Section        0  stm32f1xx_hal_rcc.o(i.HAL_RCC_OscConfig)
    i.HAL_RTCEx_RTCEventCallback             0x08001d4a   Section        0  stm32f1xx_hal_rtc_ex.o(i.HAL_RTCEx_RTCEventCallback)
    i.HAL_RTCEx_RTCEventErrorCallback        0x08001d4c   Section        0  stm32f1xx_hal_rtc_ex.o(i.HAL_RTCEx_RTCEventErrorCallback)
    i.HAL_RTCEx_RTCIRQHandler                0x08001d4e   Section        0  stm32f1xx_hal_rtc_ex.o(i.HAL_RTCEx_RTCIRQHandler)
    i.HAL_RTC_AlarmAEventCallback            0x08001d8a   Section        0  stm32f1xx_hal_rtc.o(i.HAL_RTC_AlarmAEventCallback)
    i.HAL_RTC_AlarmIRQHandler                0x08001d8c   Section        0  stm32f1xx_hal_rtc.o(i.HAL_RTC_AlarmIRQHandler)
    i.HAL_RTC_GetTime                        0x08001dc0   Section        0  stm32f1xx_hal_rtc.o(i.HAL_RTC_GetTime)
    i.HAL_RTC_Init                           0x08001e98   Section        0  stm32f1xx_hal_rtc.o(i.HAL_RTC_Init)
    i.HAL_RTC_MspInit                        0x08001f38   Section        0  stm32f1xx_hal_msp.o(i.HAL_RTC_MspInit)
    i.HAL_RTC_SetDate                        0x08001fa0   Section        0  stm32f1xx_hal_rtc.o(i.HAL_RTC_SetDate)
    i.HAL_RTC_SetTime                        0x08002064   Section        0  stm32f1xx_hal_rtc.o(i.HAL_RTC_SetTime)
    i.HAL_RTC_WaitForSynchro                 0x08002110   Section        0  stm32f1xx_hal_rtc.o(i.HAL_RTC_WaitForSynchro)
    i.HAL_SYSTICK_CLKSourceConfig            0x0800214a   Section        0  stm32f1xx_hal_cortex.o(i.HAL_SYSTICK_CLKSourceConfig)
    i.HAL_SYSTICK_Callback                   0x08002164   Section        0  rcc.o(i.HAL_SYSTICK_Callback)
    i.HAL_SYSTICK_Config                     0x08002188   Section        0  stm32f1xx_hal_cortex.o(i.HAL_SYSTICK_Config)
    i.HAL_SYSTICK_IRQHandler                 0x080021b0   Section        0  stm32f1xx_hal_cortex.o(i.HAL_SYSTICK_IRQHandler)
    i.HardFault_Handler                      0x080021b8   Section        0  stm32f1xx_it.o(i.HardFault_Handler)
    i.Ignition                               0x080021bc   Section        0  gpio.o(i.Ignition)
    i.Inc_time_of_minute                     0x080021d4   Section        0  regulator.o(i.Inc_time_of_minute)
    i.Lcd_Init                               0x080021e4   Section        0  display.o(i.Lcd_Init)
    i.Lcd_Pixel                              0x080022bc   Section        0  display.o(i.Lcd_Pixel)
    i.Lcd_print_screen                       0x080022f0   Section        0  display.o(i.Lcd_print_screen)
    i.Lcd_reset                              0x08002380   Section        0  display.o(i.Lcd_reset)
    i.Lcd_send_command                       0x08002398   Section        0  display.o(i.Lcd_send_command)
    i.Lcd_send_data                          0x080023ca   Section        0  display.o(i.Lcd_send_data)
    i.Lcd_set_read                           0x080023fc   Section        0  display.o(i.Lcd_set_read)
    i.Lcd_set_write                          0x0800241c   Section        0  display.o(i.Lcd_set_write)
    i.Lcd_status_check                       0x0800243c   Section        0  display.o(i.Lcd_status_check)
    i.MX_ADC1_Init                           0x080024c0   Section        0  gpio.o(i.MX_ADC1_Init)
    i.MX_GPIO_Init                           0x08002528   Section        0  gpio.o(i.MX_GPIO_Init)
    i.MX_RTC_Init                            0x08002610   Section        0  rcc.o(i.MX_RTC_Init)
    i.MemManage_Handler                      0x08002694   Section        0  stm32f1xx_it.o(i.MemManage_Handler)
    i.Minute_interval_1                      0x08002698   Section        0  regulator.o(i.Minute_interval_1)
    i.NMI_Handler                            0x080026c0   Section        0  stm32f1xx_it.o(i.NMI_Handler)
    i.NVIC_SetPriority                       0x080026c2   Section        0  stm32f1xx_hal_cortex.o(i.NVIC_SetPriority)
    NVIC_SetPriority                         0x080026c3   Thumb Code    32  stm32f1xx_hal_cortex.o(i.NVIC_SetPriority)
    i.Opt_sensor                             0x080026e4   Section        0  gpio.o(i.Opt_sensor)
    i.PendSV_Handler                         0x08002724   Section        0  stm32f1xx_it.o(i.PendSV_Handler)
    i.RTC_Alarm_IRQHandler                   0x08002728   Section        0  stm32f1xx_it.o(i.RTC_Alarm_IRQHandler)
    i.RTC_Bcd2ToByte                         0x08002734   Section        0  stm32f1xx_hal_rtc.o(i.RTC_Bcd2ToByte)
    RTC_Bcd2ToByte                           0x08002735   Thumb Code    18  stm32f1xx_hal_rtc.o(i.RTC_Bcd2ToByte)
    i.RTC_ByteToBcd2                         0x08002746   Section        0  stm32f1xx_hal_rtc.o(i.RTC_ByteToBcd2)
    RTC_ByteToBcd2                           0x08002747   Thumb Code    22  stm32f1xx_hal_rtc.o(i.RTC_ByteToBcd2)
    i.RTC_DateUpdate                         0x0800275c   Section        0  stm32f1xx_hal_rtc.o(i.RTC_DateUpdate)
    RTC_DateUpdate                           0x0800275d   Thumb Code   174  stm32f1xx_hal_rtc.o(i.RTC_DateUpdate)
    i.RTC_EnterInitMode                      0x0800280a   Section        0  stm32f1xx_hal_rtc.o(i.RTC_EnterInitMode)
    RTC_EnterInitMode                        0x0800280b   Thumb Code    52  stm32f1xx_hal_rtc.o(i.RTC_EnterInitMode)
    i.RTC_ExitInitMode                       0x08002840   Section        0  stm32f1xx_hal_rtc.o(i.RTC_ExitInitMode)
    RTC_ExitInitMode                         0x08002841   Thumb Code    54  stm32f1xx_hal_rtc.o(i.RTC_ExitInitMode)
    i.RTC_IRQHandler                         0x08002878   Section        0  stm32f1xx_it.o(i.RTC_IRQHandler)
    i.RTC_ReadAlarmCounter                   0x08002884   Section        0  stm32f1xx_hal_rtc.o(i.RTC_ReadAlarmCounter)
    RTC_ReadAlarmCounter                     0x08002885   Thumb Code    14  stm32f1xx_hal_rtc.o(i.RTC_ReadAlarmCounter)
    i.RTC_ReadTimeCounter                    0x08002892   Section        0  stm32f1xx_hal_rtc.o(i.RTC_ReadTimeCounter)
    RTC_ReadTimeCounter                      0x08002893   Thumb Code    32  stm32f1xx_hal_rtc.o(i.RTC_ReadTimeCounter)
    i.RTC_WeekDayNum                         0x080028b2   Section        0  stm32f1xx_hal_rtc.o(i.RTC_WeekDayNum)
    RTC_WeekDayNum                           0x080028b3   Thumb Code    86  stm32f1xx_hal_rtc.o(i.RTC_WeekDayNum)
    i.RTC_WriteAlarmCounter                  0x08002908   Section        0  stm32f1xx_hal_rtc.o(i.RTC_WriteAlarmCounter)
    RTC_WriteAlarmCounter                    0x08002909   Thumb Code    40  stm32f1xx_hal_rtc.o(i.RTC_WriteAlarmCounter)
    i.RTC_WriteTimeCounter                   0x08002930   Section        0  stm32f1xx_hal_rtc.o(i.RTC_WriteTimeCounter)
    RTC_WriteTimeCounter                     0x08002931   Thumb Code    40  stm32f1xx_hal_rtc.o(i.RTC_WriteTimeCounter)
    i.Regulator_Init                         0x08002958   Section        0  regulator.o(i.Regulator_Init)
    i.Reset_keyboard                         0x080029b8   Section        0  gpio.o(i.Reset_keyboard)
    i.SVC_Handler                            0x080029c4   Section        0  stm32f1xx_it.o(i.SVC_Handler)
    i.Set_pwr                                0x080029c8   Section        0  regulator.o(i.Set_pwr)
    i.SysTick_Handler                        0x080029f4   Section        0  stm32f1xx_it.o(i.SysTick_Handler)
    i.SystemClock_Config                     0x08002a02   Section        0  rcc.o(i.SystemClock_Config)
    i.SystemInit                             0x08002a74   Section        0  system_stm32f1xx.o(i.SystemInit)
    i.Temperature                            0x08002ac0   Section        0  gpio.o(i.Temperature)
    i.UG_DrawArc                             0x08002b74   Section        0  ugui.o(i.UG_DrawArc)
    i.UG_DrawLine                            0x08002c74   Section        0  ugui.o(i.UG_DrawLine)
    i.UG_DrawRoundFrame                      0x08002d38   Section        0  ugui.o(i.UG_DrawRoundFrame)
    i.UG_FillFrame                           0x08002de8   Section        0  ugui.o(i.UG_FillFrame)
    i.UG_FillRoundFrame                      0x08002e5c   Section        0  ugui.o(i.UG_FillRoundFrame)
    i.UG_FillScreen                          0x08002f30   Section        0  ugui.o(i.UG_FillScreen)
    i.UG_FontSelect                          0x08002f50   Section        0  ugui.o(i.UG_FontSelect)
    i.UG_Init                                0x08002f68   Section        0  ugui.o(i.UG_Init)
    i.UG_PutChar                             0x08002fc8   Section        0  ugui.o(i.UG_PutChar)
    i.UG_PutString                           0x0800309c   Section        0  ugui.o(i.UG_PutString)
    i.UG_SetBackcolor                        0x080030fc   Section        0  ugui.o(i.UG_SetBackcolor)
    i.UG_SetForecolor                        0x08003108   Section        0  ugui.o(i.UG_SetForecolor)
    i.Up_Time                                0x08003114   Section        0  rcc.o(i.Up_Time)
    i.UsageFault_Handler                     0x08003148   Section        0  stm32f1xx_it.o(i.UsageFault_Handler)
    i.Valve                                  0x0800314c   Section        0  gpio.o(i.Valve)
    i.__scatterload_copy                     0x08003164   Section       14  handlers.o(i.__scatterload_copy)
    i.__scatterload_null                     0x08003172   Section        2  handlers.o(i.__scatterload_null)
    i.__scatterload_zeroinit                 0x08003174   Section       14  handlers.o(i.__scatterload_zeroinit)
    i.__set_errno                            0x08003184   Section        0  errno.o(i.__set_errno)
    i.lcdCD                                  0x08003190   Section        0  display.o(i.lcdCD)
    i.lcdCE                                  0x080031a8   Section        0  display.o(i.lcdCE)
    i.lcdDB                                  0x080031c0   Section        0  display.o(i.lcdDB)
    i.lcdRD                                  0x08003270   Section        0  display.o(i.lcdRD)
    i.lcdRS                                  0x08003288   Section        0  display.o(i.lcdRS)
    i.lcdWR                                  0x080032a0   Section        0  display.o(i.lcdWR)
    i.main                                   0x080032b8   Section        0  main.o(i.main)
    i.menu                                   0x08003324   Section        0  interface.o(i.menu)
    i.sqrt                                   0x080034e4   Section        0  sqrt.o(i.sqrt)
    .constdata                               0x08003530   Section     2048  ugui.o(.constdata)
    .constdata                               0x08003d30   Section       12  ugui.o(.constdata)
    .constdata                               0x08003d3c   Section       16  system_stm32f1xx.o(.constdata)
    .constdata                               0x08003d4c   Section        8  system_stm32f1xx.o(.constdata)
    .data                                    0x20000000   Section        1  gpio.o(.data)
    .data                                    0x20000004   Section        4  rcc.o(.data)
    .data                                    0x20000008   Section        7  interface.o(.data)
    .data                                    0x20000010   Section       12  ugui.o(.data)
    gui                                      0x20000010   Data           4  ugui.o(.data)
    msg                                      0x20000014   Data           8  ugui.o(.data)
    .data                                    0x2000001c   Section       36  regulator.o(.data)
    .data                                    0x20000040   Section        4  system_stm32f1xx.o(.data)
    .data                                    0x20000044   Section        4  stm32f1xx_hal.o(.data)
    uwTick                                   0x20000044   Data           4  stm32f1xx_hal.o(.data)
    .data                                    0x20000048   Section        4  errno.o(.data)
    _errno                                   0x20000048   Data           4  errno.o(.data)
    .bss                                     0x2000004c   Section     2048  display.o(.bss)
    .bss                                     0x2000084c   Section       48  gpio.o(.bss)
    .bss                                     0x2000087c   Section       20  rcc.o(.bss)
    .bss                                     0x20000890   Section      116  interface.o(.bss)
    .bss                                     0x20000904   Section       40  regulator.o(.bss)
    STACK                                    0x20000930   Section     1024  startup_stm32f100xb.o(STACK)

    Global Symbols

    Symbol Name                              Value     Ov Type        Size  Object(Section)

    BuildAttributes$$THM_ISAv4$P$D$K$B$S$PE$A:L22UL41UL21$X:L11$S22US41US21$IEEE1$IW$USESV6$~STKCKD$USESV7$~SHL$OTIME$ROPI$IEEEJ$EBA8$MICROLIB$REQ8$PRES8$EABIv2 0x00000000   Number         0  anon$$obj.o ABSOLUTE
    __ARM_use_no_argv                        0x00000000   Number         0  main.o ABSOLUTE
    __cpp_initialize__aeabi_                  - Undefined Weak Reference
    __cxa_finalize                            - Undefined Weak Reference
    __decompress                              - Undefined Weak Reference
    _clock_init                               - Undefined Weak Reference
    _microlib_exit                            - Undefined Weak Reference
    __Vectors_Size                           0x00000120   Number         0  startup_stm32f100xb.o ABSOLUTE
    __Vectors                                0x08000000   Data           4  startup_stm32f100xb.o(RESET)
    __Vectors_End                            0x08000120   Data           0  startup_stm32f100xb.o(RESET)
    __main                                   0x08000121   Thumb Code     0  entry.o(.ARM.Collect$$$$00000000)
    _main_stk                                0x08000121   Thumb Code     0  entry2.o(.ARM.Collect$$$$00000001)
    _main_scatterload                        0x08000125   Thumb Code     0  entry5.o(.ARM.Collect$$$$00000004)
    __main_after_scatterload                 0x08000129   Thumb Code     0  entry5.o(.ARM.Collect$$$$00000004)
    _main_clock                              0x08000129   Thumb Code     0  entry7b.o(.ARM.Collect$$$$00000008)
    _main_cpp_init                           0x08000129   Thumb Code     0  entry8b.o(.ARM.Collect$$$$0000000A)
    _main_init                               0x08000129   Thumb Code     0  entry9a.o(.ARM.Collect$$$$0000000B)
    __rt_final_cpp                           0x08000131   Thumb Code     0  entry10a.o(.ARM.Collect$$$$0000000D)
    __rt_final_exit                          0x08000131   Thumb Code     0  entry11a.o(.ARM.Collect$$$$0000000F)
    Reset_Handler                            0x08000135   Thumb Code     8  startup_stm32f100xb.o(.text)
    CEC_IRQHandler                           0x0800014f   Thumb Code     0  startup_stm32f100xb.o(.text)
    DMA1_Channel1_IRQHandler                 0x0800014f   Thumb Code     0  startup_stm32f100xb.o(.text)
    DMA1_Channel2_IRQHandler                 0x0800014f   Thumb Code     0  startup_stm32f100xb.o(.text)
    DMA1_Channel3_IRQHandler                 0x0800014f   Thumb Code     0  startup_stm32f100xb.o(.text)
    DMA1_Channel4_IRQHandler                 0x0800014f   Thumb Code     0  startup_stm32f100xb.o(.text)
    DMA1_Channel5_IRQHandler                 0x0800014f   Thumb Code     0  startup_stm32f100xb.o(.text)
    DMA1_Channel6_IRQHandler                 0x0800014f   Thumb Code     0  startup_stm32f100xb.o(.text)
    DMA1_Channel7_IRQHandler                 0x0800014f   Thumb Code     0  startup_stm32f100xb.o(.text)
    EXTI0_IRQHandler                         0x0800014f   Thumb Code     0  startup_stm32f100xb.o(.text)
    EXTI1_IRQHandler                         0x0800014f   Thumb Code     0  startup_stm32f100xb.o(.text)
    EXTI2_IRQHandler                         0x0800014f   Thumb Code     0  startup_stm32f100xb.o(.text)
    EXTI3_IRQHandler                         0x0800014f   Thumb Code     0  startup_stm32f100xb.o(.text)
    EXTI4_IRQHandler                         0x0800014f   Thumb Code     0  startup_stm32f100xb.o(.text)
    EXTI9_5_IRQHandler                       0x0800014f   Thumb Code     0  startup_stm32f100xb.o(.text)
    FLASH_IRQHandler                         0x0800014f   Thumb Code     0  startup_stm32f100xb.o(.text)
    I2C1_ER_IRQHandler                       0x0800014f   Thumb Code     0  startup_stm32f100xb.o(.text)
    I2C1_EV_IRQHandler                       0x0800014f   Thumb Code     0  startup_stm32f100xb.o(.text)
    I2C2_ER_IRQHandler                       0x0800014f   Thumb Code     0  startup_stm32f100xb.o(.text)
    I2C2_EV_IRQHandler                       0x0800014f   Thumb Code     0  startup_stm32f100xb.o(.text)
    PVD_IRQHandler                           0x0800014f   Thumb Code     0  startup_stm32f100xb.o(.text)
    RCC_IRQHandler                           0x0800014f   Thumb Code     0  startup_stm32f100xb.o(.text)
    SPI1_IRQHandler                          0x0800014f   Thumb Code     0  startup_stm32f100xb.o(.text)
    SPI2_IRQHandler                          0x0800014f   Thumb Code     0  startup_stm32f100xb.o(.text)
    TAMPER_IRQHandler                        0x0800014f   Thumb Code     0  startup_stm32f100xb.o(.text)
    TIM1_BRK_TIM15_IRQHandler                0x0800014f   Thumb Code     0  startup_stm32f100xb.o(.text)
    TIM1_CC_IRQHandler                       0x0800014f   Thumb Code     0  startup_stm32f100xb.o(.text)
    TIM1_TRG_COM_TIM17_IRQHandler            0x0800014f   Thumb Code     0  startup_stm32f100xb.o(.text)
    TIM1_UP_TIM16_IRQHandler                 0x0800014f   Thumb Code     0  startup_stm32f100xb.o(.text)
    TIM2_IRQHandler                          0x0800014f   Thumb Code     0  startup_stm32f100xb.o(.text)
    TIM3_IRQHandler                          0x0800014f   Thumb Code     0  startup_stm32f100xb.o(.text)
    TIM4_IRQHandler                          0x0800014f   Thumb Code     0  startup_stm32f100xb.o(.text)
    TIM6_DAC_IRQHandler                      0x0800014f   Thumb Code     0  startup_stm32f100xb.o(.text)
    TIM7_IRQHandler                          0x0800014f   Thumb Code     0  startup_stm32f100xb.o(.text)
    USART1_IRQHandler                        0x0800014f   Thumb Code     0  startup_stm32f100xb.o(.text)
    USART2_IRQHandler                        0x0800014f   Thumb Code     0  startup_stm32f100xb.o(.text)
    USART3_IRQHandler                        0x0800014f   Thumb Code     0  startup_stm32f100xb.o(.text)
    WWDG_IRQHandler                          0x0800014f   Thumb Code     0  startup_stm32f100xb.o(.text)
    __aeabi_llsr                             0x08000159   Thumb Code    32  llushr.o(.text)
    _ll_ushift_r                             0x08000159   Thumb Code     0  llushr.o(.text)
    __aeabi_dadd                             0x08000179   Thumb Code   322  dadd.o(.text)
    __aeabi_dsub                             0x080002bb   Thumb Code     6  dadd.o(.text)
    __aeabi_drsub                            0x080002c1   Thumb Code     6  dadd.o(.text)
    __aeabi_dmul                             0x080002c7   Thumb Code   228  dmul.o(.text)
    __aeabi_ddiv                             0x080003ab   Thumb Code   222  ddiv.o(.text)
    __aeabi_ui2d                             0x08000489   Thumb Code    26  dfltui.o(.text)
    __aeabi_f2iz                             0x080004a3   Thumb Code    50  ffixi.o(.text)
    __aeabi_f2d                              0x080004d5   Thumb Code    38  f2d.o(.text)
    __aeabi_d2f                              0x080004fb   Thumb Code    56  d2f.o(.text)
    __aeabi_llsl                             0x08000533   Thumb Code    30  llshl.o(.text)
    _ll_shift_l                              0x08000533   Thumb Code     0  llshl.o(.text)
    __aeabi_lasr                             0x08000551   Thumb Code    36  llsshr.o(.text)
    _ll_sshift_r                             0x08000551   Thumb Code     0  llsshr.o(.text)
    __I$use$fp                               0x08000575   Thumb Code     0  iusefp.o(.text)
    _float_round                             0x08000575   Thumb Code    18  fepilogue.o(.text)
    _float_epilogue                          0x08000587   Thumb Code    92  fepilogue.o(.text)
    _double_round                            0x080005e3   Thumb Code    30  depilogue.o(.text)
    _double_epilogue                         0x08000601   Thumb Code   156  depilogue.o(.text)
    _dsqrt                                   0x0800069d   Thumb Code   162  dsqrt.o(.text)
    __scatterload                            0x08000741   Thumb Code    28  init.o(.text)
    __scatterload_rt2                        0x08000741   Thumb Code     0  init.o(.text)
    ADC1_IRQHandler                          0x08000765   Thumb Code     6  stm32f1xx_it.o(i.ADC1_IRQHandler)
    ADC_ConversionStop_Disable               0x08000771   Thumb Code    76  stm32f1xx_hal_adc.o(i.ADC_ConversionStop_Disable)
    ADC_Enable                               0x080007bd   Thumb Code   104  stm32f1xx_hal_adc.o(i.ADC_Enable)
    Average_temp                             0x0800082d   Thumb Code    50  regulator.o(i.Average_temp)
    BusFault_Handler                         0x08000869   Thumb Code     2  stm32f1xx_it.o(i.BusFault_Handler)
    DebugMon_Handler                         0x0800086b   Thumb Code     2  stm32f1xx_it.o(i.DebugMon_Handler)
    Display_Init                             0x0800086d   Thumb Code    82  interface.o(i.Display_Init)
    EXTI15_10_IRQHandler                     0x080008f1   Thumb Code    38  stm32f1xx_it.o(i.EXTI15_10_IRQHandler)
    Error_Handler                            0x08000917   Thumb Code     2  gpio.o(i.Error_Handler)
    Fan                                      0x08000919   Thumb Code    18  gpio.o(i.Fan)
    Get_Temp                                 0x08000931   Thumb Code    60  regulator.o(i.Get_Temp)
    Get_keyboard                             0x08000971   Thumb Code     6  gpio.o(i.Get_keyboard)
    HAL_ADCEx_InjectedConvCpltCallback       0x0800097d   Thumb Code     2  stm32f1xx_hal_adc_ex.o(i.HAL_ADCEx_InjectedConvCpltCallback)
    HAL_ADC_ConfigChannel                    0x08000981   Thumb Code   346  stm32f1xx_hal_adc.o(i.HAL_ADC_ConfigChannel)
    HAL_ADC_ConvCpltCallback                 0x08000ae9   Thumb Code     2  stm32f1xx_hal_adc.o(i.HAL_ADC_ConvCpltCallback)
    HAL_ADC_GetValue                         0x08000aeb   Thumb Code     6  stm32f1xx_hal_adc.o(i.HAL_ADC_GetValue)
    HAL_ADC_IRQHandler                       0x08000af1   Thumb Code   230  stm32f1xx_hal_adc.o(i.HAL_ADC_IRQHandler)
    HAL_ADC_Init                             0x08000bd9   Thumb Code   300  stm32f1xx_hal_adc.o(i.HAL_ADC_Init)
    HAL_ADC_LevelOutOfWindowCallback         0x08000d0d   Thumb Code     2  stm32f1xx_hal_adc.o(i.HAL_ADC_LevelOutOfWindowCallback)
    HAL_ADC_MspInit                          0x08000d11   Thumb Code    66  stm32f1xx_hal_msp.o(i.HAL_ADC_MspInit)
    HAL_ADC_PollForConversion                0x08000d61   Thumb Code   290  stm32f1xx_hal_adc.o(i.HAL_ADC_PollForConversion)
    HAL_ADC_Start                            0x08000e91   Thumb Code   142  stm32f1xx_hal_adc.o(i.HAL_ADC_Start)
    HAL_ADC_Stop                             0x08000f1f   Thumb Code    52  stm32f1xx_hal_adc.o(i.HAL_ADC_Stop)
    HAL_Delay                                0x08000f53   Thumb Code    22  stm32f1xx_hal.o(i.HAL_Delay)
    HAL_GPIO_EXTI_Callback                   0x08000f69   Thumb Code   356  gpio.o(i.HAL_GPIO_EXTI_Callback)
    HAL_GPIO_EXTI_IRQHandler                 0x080010d9   Thumb Code    18  stm32f1xx_hal_gpio.o(i.HAL_GPIO_EXTI_IRQHandler)
    HAL_GPIO_Init                            0x080010f1   Thumb Code   408  stm32f1xx_hal_gpio.o(i.HAL_GPIO_Init)
    HAL_GPIO_ReadPin                         0x080012ad   Thumb Code    10  stm32f1xx_hal_gpio.o(i.HAL_GPIO_ReadPin)
    HAL_GPIO_WritePin                        0x080012b7   Thumb Code    10  stm32f1xx_hal_gpio.o(i.HAL_GPIO_WritePin)
    HAL_GetTick                              0x080012c1   Thumb Code     6  stm32f1xx_hal.o(i.HAL_GetTick)
    HAL_IncTick                              0x080012cd   Thumb Code    10  stm32f1xx_hal.o(i.HAL_IncTick)
    HAL_Init                                 0x080012dd   Thumb Code    22  stm32f1xx_hal.o(i.HAL_Init)
    HAL_InitTick                             0x080012f3   Thumb Code    34  stm32f1xx_hal.o(i.HAL_InitTick)
    HAL_MspInit                              0x08001315   Thumb Code   118  stm32f1xx_hal_msp.o(i.HAL_MspInit)
    HAL_NVIC_DisableIRQ                      0x08001395   Thumb Code    22  stm32f1xx_hal_cortex.o(i.HAL_NVIC_DisableIRQ)
    HAL_NVIC_EnableIRQ                       0x080013ab   Thumb Code    22  stm32f1xx_hal_cortex.o(i.HAL_NVIC_EnableIRQ)
    HAL_NVIC_SetPriority                     0x080013c1   Thumb Code    60  stm32f1xx_hal_cortex.o(i.HAL_NVIC_SetPriority)
    HAL_NVIC_SetPriorityGrouping             0x08001401   Thumb Code    26  stm32f1xx_hal_cortex.o(i.HAL_NVIC_SetPriorityGrouping)
    HAL_PWR_EnableBkUpAccess                 0x08001425   Thumb Code    20  stm32f1xx_hal_pwr.o(i.HAL_PWR_EnableBkUpAccess)
    HAL_RCCEx_GetPeriphCLKFreq               0x0800143d   Thumb Code    98  stm32f1xx_hal_rcc_ex.o(i.HAL_RCCEx_GetPeriphCLKFreq)
    HAL_RCCEx_PeriphCLKConfig                0x080014a9   Thumb Code   270  stm32f1xx_hal_rcc_ex.o(i.HAL_RCCEx_PeriphCLKConfig)
    HAL_RCC_ClockConfig                      0x080015c5   Thumb Code   290  stm32f1xx_hal_rcc.o(i.HAL_RCC_ClockConfig)
    HAL_RCC_GetHCLKFreq                      0x080016f5   Thumb Code     6  stm32f1xx_hal_rcc.o(i.HAL_RCC_GetHCLKFreq)
    HAL_RCC_GetPCLK2Freq                     0x08001701   Thumb Code    34  stm32f1xx_hal_rcc.o(i.HAL_RCC_GetPCLK2Freq)
    HAL_RCC_GetSysClockFreq                  0x08001731   Thumb Code   108  stm32f1xx_hal_rcc.o(i.HAL_RCC_GetSysClockFreq)
    HAL_RCC_OscConfig                        0x080017cd   Thumb Code  1406  stm32f1xx_hal_rcc.o(i.HAL_RCC_OscConfig)
    HAL_RTCEx_RTCEventCallback               0x08001d4b   Thumb Code     2  stm32f1xx_hal_rtc_ex.o(i.HAL_RTCEx_RTCEventCallback)
    HAL_RTCEx_RTCEventErrorCallback          0x08001d4d   Thumb Code     2  stm32f1xx_hal_rtc_ex.o(i.HAL_RTCEx_RTCEventErrorCallback)
    HAL_RTCEx_RTCIRQHandler                  0x08001d4f   Thumb Code    60  stm32f1xx_hal_rtc_ex.o(i.HAL_RTCEx_RTCIRQHandler)
    HAL_RTC_AlarmAEventCallback              0x08001d8b   Thumb Code     2  stm32f1xx_hal_rtc.o(i.HAL_RTC_AlarmAEventCallback)
    HAL_RTC_AlarmIRQHandler                  0x08001d8d   Thumb Code    46  stm32f1xx_hal_rtc.o(i.HAL_RTC_AlarmIRQHandler)
    HAL_RTC_GetTime                          0x08001dc1   Thumb Code   216  stm32f1xx_hal_rtc.o(i.HAL_RTC_GetTime)
    HAL_RTC_Init                             0x08001e99   Thumb Code   154  stm32f1xx_hal_rtc.o(i.HAL_RTC_Init)
    HAL_RTC_MspInit                          0x08001f39   Thumb Code    92  stm32f1xx_hal_msp.o(i.HAL_RTC_MspInit)
    HAL_RTC_SetDate                          0x08001fa1   Thumb Code   192  stm32f1xx_hal_rtc.o(i.HAL_RTC_SetDate)
    HAL_RTC_SetTime                          0x08002065   Thumb Code   168  stm32f1xx_hal_rtc.o(i.HAL_RTC_SetTime)
    HAL_RTC_WaitForSynchro                   0x08002111   Thumb Code    58  stm32f1xx_hal_rtc.o(i.HAL_RTC_WaitForSynchro)
    HAL_SYSTICK_CLKSourceConfig              0x0800214b   Thumb Code    24  stm32f1xx_hal_cortex.o(i.HAL_SYSTICK_CLKSourceConfig)
    HAL_SYSTICK_Callback                     0x08002165   Thumb Code    30  rcc.o(i.HAL_SYSTICK_Callback)
    HAL_SYSTICK_Config                       0x08002189   Thumb Code    40  stm32f1xx_hal_cortex.o(i.HAL_SYSTICK_Config)
    HAL_SYSTICK_IRQHandler                   0x080021b1   Thumb Code     8  stm32f1xx_hal_cortex.o(i.HAL_SYSTICK_IRQHandler)
    HardFault_Handler                        0x080021b9   Thumb Code     2  stm32f1xx_it.o(i.HardFault_Handler)
    Ignition                                 0x080021bd   Thumb Code    18  gpio.o(i.Ignition)
    Inc_time_of_minute                       0x080021d5   Thumb Code    10  regulator.o(i.Inc_time_of_minute)
    Lcd_Init                                 0x080021e5   Thumb Code   214  display.o(i.Lcd_Init)
    Lcd_Pixel                                0x080022bd   Thumb Code    46  display.o(i.Lcd_Pixel)
    Lcd_print_screen                         0x080022f1   Thumb Code   138  display.o(i.Lcd_print_screen)
    Lcd_reset                                0x08002381   Thumb Code    24  display.o(i.Lcd_reset)
    Lcd_send_command                         0x08002399   Thumb Code    50  display.o(i.Lcd_send_command)
    Lcd_send_data                            0x080023cb   Thumb Code    50  display.o(i.Lcd_send_data)
    Lcd_set_read                             0x080023fd   Thumb Code    26  display.o(i.Lcd_set_read)
    Lcd_set_write                            0x0800241d   Thumb Code    26  display.o(i.Lcd_set_write)
    Lcd_status_check                         0x0800243d   Thumb Code   128  display.o(i.Lcd_status_check)
    MX_ADC1_Init                             0x080024c1   Thumb Code    94  gpio.o(i.MX_ADC1_Init)
    MX_GPIO_Init                             0x08002529   Thumb Code   210  gpio.o(i.MX_GPIO_Init)
    MX_RTC_Init                              0x08002611   Thumb Code   124  rcc.o(i.MX_RTC_Init)
    MemManage_Handler                        0x08002695   Thumb Code     2  stm32f1xx_it.o(i.MemManage_Handler)
    Minute_interval_1                        0x08002699   Thumb Code    34  regulator.o(i.Minute_interval_1)
    NMI_Handler                              0x080026c1   Thumb Code     2  stm32f1xx_it.o(i.NMI_Handler)
    Opt_sensor                               0x080026e5   Thumb Code    60  gpio.o(i.Opt_sensor)
    PendSV_Handler                           0x08002725   Thumb Code     2  stm32f1xx_it.o(i.PendSV_Handler)
    RTC_Alarm_IRQHandler                     0x08002729   Thumb Code     6  stm32f1xx_it.o(i.RTC_Alarm_IRQHandler)
    RTC_IRQHandler                           0x08002879   Thumb Code     6  stm32f1xx_it.o(i.RTC_IRQHandler)
    Regulator_Init                           0x08002959   Thumb Code    88  regulator.o(i.Regulator_Init)
    Reset_keyboard                           0x080029b9   Thumb Code     8  gpio.o(i.Reset_keyboard)
    SVC_Handler                              0x080029c5   Thumb Code     2  stm32f1xx_it.o(i.SVC_Handler)
    Set_pwr                                  0x080029c9   Thumb Code    40  regulator.o(i.Set_pwr)
    SysTick_Handler                          0x080029f5   Thumb Code    14  stm32f1xx_it.o(i.SysTick_Handler)
    SystemClock_Config                       0x08002a03   Thumb Code   112  rcc.o(i.SystemClock_Config)
    SystemInit                               0x08002a75   Thumb Code    60  system_stm32f1xx.o(i.SystemInit)
    Temperature                              0x08002ac1   Thumb Code   140  gpio.o(i.Temperature)
    UG_DrawArc                               0x08002b75   Thumb Code   250  ugui.o(i.UG_DrawArc)
    UG_DrawLine                              0x08002c75   Thumb Code   192  ugui.o(i.UG_DrawLine)
    UG_DrawRoundFrame                        0x08002d39   Thumb Code   174  ugui.o(i.UG_DrawRoundFrame)
    UG_FillFrame                             0x08002de9   Thumb Code   112  ugui.o(i.UG_FillFrame)
    UG_FillRoundFrame                        0x08002e5d   Thumb Code   212  ugui.o(i.UG_FillRoundFrame)
    UG_FillScreen                            0x08002f31   Thumb Code    26  ugui.o(i.UG_FillScreen)
    UG_FontSelect                            0x08002f51   Thumb Code    18  ugui.o(i.UG_FontSelect)
    UG_Init                                  0x08002f69   Thumb Code    86  ugui.o(i.UG_Init)
    UG_PutChar                               0x08002fc9   Thumb Code   206  ugui.o(i.UG_PutChar)
    UG_PutString                             0x0800309d   Thumb Code    90  ugui.o(i.UG_PutString)
    UG_SetBackcolor                          0x080030fd   Thumb Code     8  ugui.o(i.UG_SetBackcolor)
    UG_SetForecolor                          0x08003109   Thumb Code     8  ugui.o(i.UG_SetForecolor)
    Up_Time                                  0x08003115   Thumb Code    46  rcc.o(i.Up_Time)
    UsageFault_Handler                       0x08003149   Thumb Code     2  stm32f1xx_it.o(i.UsageFault_Handler)
    Valve                                    0x0800314d   Thumb Code    18  gpio.o(i.Valve)
    __scatterload_copy                       0x08003165   Thumb Code    14  handlers.o(i.__scatterload_copy)
    __scatterload_null                       0x08003173   Thumb Code     2  handlers.o(i.__scatterload_null)
    __scatterload_zeroinit                   0x08003175   Thumb Code    14  handlers.o(i.__scatterload_zeroinit)
    __set_errno                              0x08003185   Thumb Code     6  errno.o(i.__set_errno)
    lcdCD                                    0x08003191   Thumb Code    18  display.o(i.lcdCD)
    lcdCE                                    0x080031a9   Thumb Code    18  display.o(i.lcdCE)
    lcdDB                                    0x080031c1   Thumb Code   170  display.o(i.lcdDB)
    lcdRD                                    0x08003271   Thumb Code    18  display.o(i.lcdRD)
    lcdRS                                    0x08003289   Thumb Code    18  display.o(i.lcdRS)
    lcdWR                                    0x080032a1   Thumb Code    18  display.o(i.lcdWR)
    main                                     0x080032b9   Thumb Code   106  main.o(i.main)
    menu                                     0x08003325   Thumb Code   336  interface.o(i.menu)
    sqrt                                     0x080034e5   Thumb Code    76  sqrt.o(i.sqrt)
    font_6x8                                 0x08003530   Data        2048  ugui.o(.constdata)
    FONT_6X8                                 0x08003d30   Data          12  ugui.o(.constdata)
    AHBPrescTable                            0x08003d3c   Data          16  system_stm32f1xx.o(.constdata)
    APBPrescTable                            0x08003d4c   Data           8  system_stm32f1xx.o(.constdata)
    Region$$Table$$Base                      0x08003d54   Number         0  anon$$obj.o(Region$$Table)
    Region$$Table$$Limit                     0x08003d74   Number         0  anon$$obj.o(Region$$Table)
    keyboard                                 0x20000000   Data           1  gpio.o(.data)
    sys_ticked                               0x20000004   Data           4  rcc.o(.data)
    menu_state                               0x20000008   Data           1  interface.o(.data)
    menu_next_state                          0x20000009   Data           1  interface.o(.data)
    liczba                                   0x2000000a   Data           5  interface.o(.data)
    Temp1_index                              0x2000001c   Data           1  regulator.o(.data)
    TempLog_index                            0x2000001d   Data           1  regulator.o(.data)
    time_of_minute                           0x2000001e   Data           1  regulator.o(.data)
    P_value                                  0x2000001f   Data           1  regulator.o(.data)
    I_value                                  0x20000020   Data           1  regulator.o(.data)
    D_value                                  0x20000021   Data           1  regulator.o(.data)
    Set_temperature                          0x20000022   Data           1  regulator.o(.data)
    Power                                    0x20000024   Data           4  regulator.o(.data)
    Timestamp                                0x20000028   Data           4  regulator.o(.data)
    Timestamp_s                              0x2000002c   Data           4  regulator.o(.data)
    Timestamp_5s                             0x20000030   Data           4  regulator.o(.data)
    Timestamp_ns                             0x20000034   Data           4  regulator.o(.data)
    Timestamp_min                            0x20000038   Data           4  regulator.o(.data)
    Temperature_difference                   0x2000003c   Data           4  regulator.o(.data)
    SystemCoreClock                          0x20000040   Data           4  system_stm32f1xx.o(.data)
    screen                                   0x2000004c   Data        2048  display.o(.bss)
    hadc1                                    0x2000084c   Data          48  gpio.o(.bss)
    hrtc                                     0x2000087c   Data          20  rcc.o(.bss)
    gui                                      0x20000890   Data         116  interface.o(.bss)
    temperature1_av                          0x20000904   Data          20  regulator.o(.bss)
    temperature2_av                          0x20000918   Data          20  regulator.o(.bss)
    __initial_sp                             0x20000d30   Data           0  startup_stm32f100xb.o(STACK)



==============================================================================

Memory Map of the image

  Image Entry point : 0x08000121

  Load Region LR_IROM1 (Base: 0x08000000, Size: 0x00003dc0, Max: 0x00004000, ABSOLUTE)

    Execution Region ER_IROM1 (Base: 0x08000000, Size: 0x00003d74, Max: 0x00004000, ABSOLUTE)

    Base Addr    Size         Type   Attr      Idx    E Section Name        Object

    0x08000000   0x00000120   Data   RO         1539    RESET               startup_stm32f100xb.o
    0x08000120   0x00000000   Code   RO         2993  * .ARM.Collect$$$$00000000  mc_w.l(entry.o)
    0x08000120   0x00000004   Code   RO         3014    .ARM.Collect$$$$00000001  mc_w.l(entry2.o)
    0x08000124   0x00000004   Code   RO         3017    .ARM.Collect$$$$00000004  mc_w.l(entry5.o)
    0x08000128   0x00000000   Code   RO         3019    .ARM.Collect$$$$00000008  mc_w.l(entry7b.o)
    0x08000128   0x00000000   Code   RO         3021    .ARM.Collect$$$$0000000A  mc_w.l(entry8b.o)
    0x08000128   0x00000008   Code   RO         3022    .ARM.Collect$$$$0000000B  mc_w.l(entry9a.o)
    0x08000130   0x00000000   Code   RO         3024    .ARM.Collect$$$$0000000D  mc_w.l(entry10a.o)
    0x08000130   0x00000000   Code   RO         3026    .ARM.Collect$$$$0000000F  mc_w.l(entry11a.o)
    0x08000130   0x00000004   Code   RO         3015    .ARM.Collect$$$$00002712  mc_w.l(entry2.o)
    0x08000134   0x00000024   Code   RO         1540    .text               startup_stm32f100xb.o
    0x08000158   0x00000020   Code   RO         2996    .text               mc_w.l(llushr.o)
    0x08000178   0x0000014e   Code   RO         2998    .text               mf_w.l(dadd.o)
    0x080002c6   0x000000e4   Code   RO         3000    .text               mf_w.l(dmul.o)
    0x080003aa   0x000000de   Code   RO         3002    .text               mf_w.l(ddiv.o)
    0x08000488   0x0000001a   Code   RO         3004    .text               mf_w.l(dfltui.o)
    0x080004a2   0x00000032   Code   RO         3006    .text               mf_w.l(ffixi.o)
    0x080004d4   0x00000026   Code   RO         3010    .text               mf_w.l(f2d.o)
    0x080004fa   0x00000038   Code   RO         3012    .text               mf_w.l(d2f.o)
    0x08000532   0x0000001e   Code   RO         3028    .text               mc_w.l(llshl.o)
    0x08000550   0x00000024   Code   RO         3030    .text               mc_w.l(llsshr.o)
    0x08000574   0x00000000   Code   RO         3039    .text               mc_w.l(iusefp.o)
    0x08000574   0x0000006e   Code   RO         3040    .text               mf_w.l(fepilogue.o)
    0x080005e2   0x000000ba   Code   RO         3042    .text               mf_w.l(depilogue.o)
    0x0800069c   0x000000a2   Code   RO         3044    .text               mf_w.l(dsqrt.o)
    0x0800073e   0x00000002   PAD
    0x08000740   0x00000024   Code   RO         3048    .text               mc_w.l(init.o)
    0x08000764   0x0000000c   Code   RO          141    i.ADC1_IRQHandler   stm32f1xx_it.o
    0x08000770   0x0000004c   Code   RO         1994    i.ADC_ConversionStop_Disable  stm32f1xx_hal_adc.o
    0x080007bc   0x00000070   Code   RO         1998    i.ADC_Enable        stm32f1xx_hal_adc.o
    0x0800082c   0x0000003c   Code   RO         1407    i.Average_temp      regulator.o
    0x08000868   0x00000002   Code   RO          142    i.BusFault_Handler  stm32f1xx_it.o
    0x0800086a   0x00000002   Code   RO          143    i.DebugMon_Handler  stm32f1xx_it.o
    0x0800086c   0x00000084   Code   RO          549    i.Display_Init      interface.o
    0x080008f0   0x00000026   Code   RO          144    i.EXTI15_10_IRQHandler  stm32f1xx_it.o
    0x08000916   0x00000002   Code   RO          408    i.Error_Handler     gpio.o
    0x08000918   0x00000018   Code   RO          409    i.Fan               gpio.o
    0x08000930   0x00000040   Code   RO         1409    i.Get_Temp          regulator.o
    0x08000970   0x0000000c   Code   RO          410    i.Get_keyboard      gpio.o
    0x0800097c   0x00000002   Code   RO         1924    i.HAL_ADCEx_InjectedConvCpltCallback  stm32f1xx_hal_adc_ex.o
    0x0800097e   0x00000002   PAD
    0x08000980   0x00000168   Code   RO         2000    i.HAL_ADC_ConfigChannel  stm32f1xx_hal_adc.o
    0x08000ae8   0x00000002   Code   RO         2001    i.HAL_ADC_ConvCpltCallback  stm32f1xx_hal_adc.o
    0x08000aea   0x00000006   Code   RO         2007    i.HAL_ADC_GetValue  stm32f1xx_hal_adc.o
    0x08000af0   0x000000e6   Code   RO         2008    i.HAL_ADC_IRQHandler  stm32f1xx_hal_adc.o
    0x08000bd6   0x00000002   PAD
    0x08000bd8   0x00000134   Code   RO         2009    i.HAL_ADC_Init      stm32f1xx_hal_adc.o
    0x08000d0c   0x00000002   Code   RO         2010    i.HAL_ADC_LevelOutOfWindowCallback  stm32f1xx_hal_adc.o
    0x08000d0e   0x00000002   PAD
    0x08000d10   0x00000050   Code   RO          242    i.HAL_ADC_MspInit   stm32f1xx_hal_msp.o
    0x08000d60   0x00000130   Code   RO         2013    i.HAL_ADC_PollForConversion  stm32f1xx_hal_adc.o
    0x08000e90   0x0000008e   Code   RO         2015    i.HAL_ADC_Start     stm32f1xx_hal_adc.o
    0x08000f1e   0x00000034   Code   RO         2018    i.HAL_ADC_Stop      stm32f1xx_hal_adc.o
    0x08000f52   0x00000016   Code   RO         2181    i.HAL_Delay         stm32f1xx_hal.o
    0x08000f68   0x00000170   Code   RO          411    i.HAL_GPIO_EXTI_Callback  gpio.o
    0x080010d8   0x00000018   Code   RO         2507    i.HAL_GPIO_EXTI_IRQHandler  stm32f1xx_hal_gpio.o
    0x080010f0   0x000001bc   Code   RO         2508    i.HAL_GPIO_Init     stm32f1xx_hal_gpio.o
    0x080012ac   0x0000000a   Code   RO         2510    i.HAL_GPIO_ReadPin  stm32f1xx_hal_gpio.o
    0x080012b6   0x0000000a   Code   RO         2512    i.HAL_GPIO_WritePin  stm32f1xx_hal_gpio.o
    0x080012c0   0x0000000c   Code   RO         2185    i.HAL_GetTick       stm32f1xx_hal.o
    0x080012cc   0x00000010   Code   RO         2186    i.HAL_IncTick       stm32f1xx_hal.o
    0x080012dc   0x00000016   Code   RO         2187    i.HAL_Init          stm32f1xx_hal.o
    0x080012f2   0x00000022   Code   RO         2188    i.HAL_InitTick      stm32f1xx_hal.o
    0x08001314   0x00000080   Code   RO          243    i.HAL_MspInit       stm32f1xx_hal_msp.o
    0x08001394   0x00000016   Code   RO         2572    i.HAL_NVIC_DisableIRQ  stm32f1xx_hal_cortex.o
    0x080013aa   0x00000016   Code   RO         2573    i.HAL_NVIC_EnableIRQ  stm32f1xx_hal_cortex.o
    0x080013c0   0x00000040   Code   RO         2579    i.HAL_NVIC_SetPriority  stm32f1xx_hal_cortex.o
    0x08001400   0x00000024   Code   RO         2580    i.HAL_NVIC_SetPriorityGrouping  stm32f1xx_hal_cortex.o
    0x08001424   0x00000018   Code   RO         2333    i.HAL_PWR_EnableBkUpAccess  stm32f1xx_hal_pwr.o
    0x0800143c   0x0000006c   Code   RO         2876    i.HAL_RCCEx_GetPeriphCLKFreq  stm32f1xx_hal_rcc_ex.o
    0x080014a8   0x0000011c   Code   RO         2877    i.HAL_RCCEx_PeriphCLKConfig  stm32f1xx_hal_rcc_ex.o
    0x080015c4   0x00000130   Code   RO         1548    i.HAL_RCC_ClockConfig  stm32f1xx_hal_rcc.o
    0x080016f4   0x0000000c   Code   RO         1553    i.HAL_RCC_GetHCLKFreq  stm32f1xx_hal_rcc.o
    0x08001700   0x00000030   Code   RO         1556    i.HAL_RCC_GetPCLK2Freq  stm32f1xx_hal_rcc.o
    0x08001730   0x0000009c   Code   RO         1557    i.HAL_RCC_GetSysClockFreq  stm32f1xx_hal_rcc.o
    0x080017cc   0x0000057e   Code   RO         1560    i.HAL_RCC_OscConfig  stm32f1xx_hal_rcc.o
    0x08001d4a   0x00000002   Code   RO         2778    i.HAL_RTCEx_RTCEventCallback  stm32f1xx_hal_rtc_ex.o
    0x08001d4c   0x00000002   Code   RO         2779    i.HAL_RTCEx_RTCEventErrorCallback  stm32f1xx_hal_rtc_ex.o
    0x08001d4e   0x0000003c   Code   RO         2780    i.HAL_RTCEx_RTCIRQHandler  stm32f1xx_hal_rtc_ex.o
    0x08001d8a   0x00000002   Code   RO         1649    i.HAL_RTC_AlarmAEventCallback  stm32f1xx_hal_rtc.o
    0x08001d8c   0x00000034   Code   RO         1650    i.HAL_RTC_AlarmIRQHandler  stm32f1xx_hal_rtc.o
    0x08001dc0   0x000000d8   Code   RO         1656    i.HAL_RTC_GetTime   stm32f1xx_hal_rtc.o
    0x08001e98   0x000000a0   Code   RO         1657    i.HAL_RTC_Init      stm32f1xx_hal_rtc.o
    0x08001f38   0x00000068   Code   RO          245    i.HAL_RTC_MspInit   stm32f1xx_hal_msp.o
    0x08001fa0   0x000000c4   Code   RO         1663    i.HAL_RTC_SetDate   stm32f1xx_hal_rtc.o
    0x08002064   0x000000ac   Code   RO         1664    i.HAL_RTC_SetTime   stm32f1xx_hal_rtc.o
    0x08002110   0x0000003a   Code   RO         1665    i.HAL_RTC_WaitForSynchro  stm32f1xx_hal_rtc.o
    0x0800214a   0x00000018   Code   RO         2582    i.HAL_SYSTICK_CLKSourceConfig  stm32f1xx_hal_cortex.o
    0x08002162   0x00000002   PAD
    0x08002164   0x00000024   Code   RO          497    i.HAL_SYSTICK_Callback  rcc.o
    0x08002188   0x00000028   Code   RO         2584    i.HAL_SYSTICK_Config  stm32f1xx_hal_cortex.o
    0x080021b0   0x00000008   Code   RO         2585    i.HAL_SYSTICK_IRQHandler  stm32f1xx_hal_cortex.o
    0x080021b8   0x00000002   Code   RO          145    i.HardFault_Handler  stm32f1xx_it.o
    0x080021ba   0x00000002   PAD
    0x080021bc   0x00000018   Code   RO          412    i.Ignition          gpio.o
    0x080021d4   0x00000010   Code   RO         1412    i.Inc_time_of_minute  regulator.o
    0x080021e4   0x000000d6   Code   RO          289    i.Lcd_Init          display.o
    0x080022ba   0x00000002   PAD
    0x080022bc   0x00000034   Code   RO          290    i.Lcd_Pixel         display.o
    0x080022f0   0x00000090   Code   RO          291    i.Lcd_print_screen  display.o
    0x08002380   0x00000018   Code   RO          292    i.Lcd_reset         display.o
    0x08002398   0x00000032   Code   RO          293    i.Lcd_send_command  display.o
    0x080023ca   0x00000032   Code   RO          294    i.Lcd_send_data     display.o
    0x080023fc   0x00000020   Code   RO          295    i.Lcd_set_read      display.o
    0x0800241c   0x00000020   Code   RO          296    i.Lcd_set_write     display.o
    0x0800243c   0x00000084   Code   RO          297    i.Lcd_status_check  display.o
    0x080024c0   0x00000068   Code   RO          413    i.MX_ADC1_Init      gpio.o
    0x08002528   0x000000e8   Code   RO          414    i.MX_GPIO_Init      gpio.o
    0x08002610   0x00000084   Code   RO          498    i.MX_RTC_Init       rcc.o
    0x08002694   0x00000002   Code   RO          146    i.MemManage_Handler  stm32f1xx_it.o
    0x08002696   0x00000002   PAD
    0x08002698   0x00000028   Code   RO         1413    i.Minute_interval_1  regulator.o
    0x080026c0   0x00000002   Code   RO          147    i.NMI_Handler       stm32f1xx_it.o
    0x080026c2   0x00000020   Code   RO         2586    i.NVIC_SetPriority  stm32f1xx_hal_cortex.o
    0x080026e2   0x00000002   PAD
    0x080026e4   0x00000040   Code   RO          415    i.Opt_sensor        gpio.o
    0x08002724   0x00000002   Code   RO          148    i.PendSV_Handler    stm32f1xx_it.o
    0x08002726   0x00000002   PAD
    0x08002728   0x0000000c   Code   RO          149    i.RTC_Alarm_IRQHandler  stm32f1xx_it.o
    0x08002734   0x00000012   Code   RO         1666    i.RTC_Bcd2ToByte    stm32f1xx_hal_rtc.o
    0x08002746   0x00000016   Code   RO         1667    i.RTC_ByteToBcd2    stm32f1xx_hal_rtc.o
    0x0800275c   0x000000ae   Code   RO         1668    i.RTC_DateUpdate    stm32f1xx_hal_rtc.o
    0x0800280a   0x00000034   Code   RO         1669    i.RTC_EnterInitMode  stm32f1xx_hal_rtc.o
    0x0800283e   0x00000002   PAD
    0x08002840   0x00000036   Code   RO         1670    i.RTC_ExitInitMode  stm32f1xx_hal_rtc.o
    0x08002876   0x00000002   PAD
    0x08002878   0x0000000c   Code   RO          150    i.RTC_IRQHandler    stm32f1xx_it.o
    0x08002884   0x0000000e   Code   RO         1671    i.RTC_ReadAlarmCounter  stm32f1xx_hal_rtc.o
    0x08002892   0x00000020   Code   RO         1672    i.RTC_ReadTimeCounter  stm32f1xx_hal_rtc.o
    0x080028b2   0x00000056   Code   RO         1673    i.RTC_WeekDayNum    stm32f1xx_hal_rtc.o
    0x08002908   0x00000028   Code   RO         1674    i.RTC_WriteAlarmCounter  stm32f1xx_hal_rtc.o
    0x08002930   0x00000028   Code   RO         1675    i.RTC_WriteTimeCounter  stm32f1xx_hal_rtc.o
    0x08002958   0x00000060   Code   RO         1414    i.Regulator_Init    regulator.o
    0x080029b8   0x0000000c   Code   RO          416    i.Reset_keyboard    gpio.o
    0x080029c4   0x00000002   Code   RO          151    i.SVC_Handler       stm32f1xx_it.o
    0x080029c6   0x00000002   PAD
    0x080029c8   0x0000002c   Code   RO         1418    i.Set_pwr           regulator.o
    0x080029f4   0x0000000e   Code   RO          152    i.SysTick_Handler   stm32f1xx_it.o
    0x08002a02   0x00000070   Code   RO          499    i.SystemClock_Config  rcc.o
    0x08002a72   0x00000002   PAD
    0x08002a74   0x0000004c   Code   RO         1503    i.SystemInit        system_stm32f1xx.o
    0x08002ac0   0x000000b4   Code   RO          417    i.Temperature       gpio.o
    0x08002b74   0x00000100   Code   RO          619    i.UG_DrawArc        ugui.o
    0x08002c74   0x000000c4   Code   RO          623    i.UG_DrawLine       ugui.o
    0x08002d38   0x000000ae   Code   RO          626    i.UG_DrawRoundFrame  ugui.o
    0x08002de6   0x00000002   PAD
    0x08002de8   0x00000074   Code   RO          631    i.UG_FillFrame      ugui.o
    0x08002e5c   0x000000d4   Code   RO          632    i.UG_FillRoundFrame  ugui.o
    0x08002f30   0x00000020   Code   RO          633    i.UG_FillScreen     ugui.o
    0x08002f50   0x00000018   Code   RO          634    i.UG_FontSelect     ugui.o
    0x08002f68   0x00000060   Code   RO          644    i.UG_Init           ugui.o
    0x08002fc8   0x000000d4   Code   RO          645    i.UG_PutChar        ugui.o
    0x0800309c   0x00000060   Code   RO          646    i.UG_PutString      ugui.o
    0x080030fc   0x0000000c   Code   RO          648    i.UG_SetBackcolor   ugui.o
    0x08003108   0x0000000c   Code   RO          649    i.UG_SetForecolor   ugui.o
    0x08003114   0x00000034   Code   RO          500    i.Up_Time           rcc.o
    0x08003148   0x00000002   Code   RO          153    i.UsageFault_Handler  stm32f1xx_it.o
    0x0800314a   0x00000002   PAD
    0x0800314c   0x00000018   Code   RO          418    i.Valve             gpio.o
    0x08003164   0x0000000e   Code   RO         3052    i.__scatterload_copy  mc_w.l(handlers.o)
    0x08003172   0x00000002   Code   RO         3053    i.__scatterload_null  mc_w.l(handlers.o)
    0x08003174   0x0000000e   Code   RO         3054    i.__scatterload_zeroinit  mc_w.l(handlers.o)
    0x08003182   0x00000002   PAD
    0x08003184   0x0000000c   Code   RO         3034    i.__set_errno       mc_w.l(errno.o)
    0x08003190   0x00000018   Code   RO          298    i.lcdCD             display.o
    0x080031a8   0x00000018   Code   RO          299    i.lcdCE             display.o
    0x080031c0   0x000000b0   Code   RO          300    i.lcdDB             display.o
    0x08003270   0x00000018   Code   RO          302    i.lcdRD             display.o
    0x08003288   0x00000018   Code   RO          303    i.lcdRS             display.o
    0x080032a0   0x00000018   Code   RO          304    i.lcdWR             display.o
    0x080032b8   0x0000006a   Code   RO            4    i.main              main.o
    0x08003322   0x00000002   PAD
    0x08003324   0x000001c0   Code   RO          552    i.menu              interface.o
    0x080034e4   0x0000004c   Code   RO         2986    i.sqrt              m_ws.l(sqrt.o)
    0x08003530   0x00000800   Data   RO          730    .constdata          ugui.o
    0x08003d30   0x0000000c   Data   RO          731    .constdata          ugui.o
    0x08003d3c   0x00000010   Data   RO         1504    .constdata          system_stm32f1xx.o
    0x08003d4c   0x00000008   Data   RO         1505    .constdata          system_stm32f1xx.o
    0x08003d54   0x00000020   Data   RO         3050    Region$$Table       anon$$obj.o


    Execution Region RW_IRAM1 (Base: 0x20000000, Size: 0x00000d30, Max: 0x00001000, ABSOLUTE)

    Base Addr    Size         Type   Attr      Idx    E Section Name        Object

    0x20000000   0x00000001   Data   RW          420    .data               gpio.o
    0x20000001   0x00000003   PAD
    0x20000004   0x00000004   Data   RW          502    .data               rcc.o
    0x20000008   0x00000007   Data   RW          554    .data               interface.o
    0x2000000f   0x00000001   PAD
    0x20000010   0x0000000c   Data   RW          733    .data               ugui.o
    0x2000001c   0x00000024   Data   RW         1420    .data               regulator.o
    0x20000040   0x00000004   Data   RW         1506    .data               system_stm32f1xx.o
    0x20000044   0x00000004   Data   RW         2193    .data               stm32f1xx_hal.o
    0x20000048   0x00000004   Data   RW         3035    .data               mc_w.l(errno.o)
    0x2000004c   0x00000800   Zero   RW          306    .bss                display.o
    0x2000084c   0x00000030   Zero   RW          419    .bss                gpio.o
    0x2000087c   0x00000014   Zero   RW          501    .bss                rcc.o
    0x20000890   0x00000074   Zero   RW          553    .bss                interface.o
    0x20000904   0x00000028   Zero   RW         1419    .bss                regulator.o
    0x2000092c   0x00000004   PAD
    0x20000930   0x00000400   Zero   RW         1537    STACK               startup_stm32f100xb.o


==============================================================================

Image component sizes


      Code (inc. data)   RO Data    RW Data    ZI Data      Debug   Object Name

      1026         72          0          0       2048      18022   display.o
      1046        116          0          1         48       6472   gpio.o
       580        168          0          7        116       1854   interface.o
       106          0          0          0          0     298175   main.o
       332         20          0          4         20       2306   rcc.o
       320         38          0         36         40       4295   regulator.o
        36          8        288          0       1024        760   startup_stm32f100xb.o
       106         12          0          4          0       3530   stm32f1xx_hal.o
      1594         44          0          0          0       8962   stm32f1xx_hal_adc.o
         2          0          0          0          0       1061   stm32f1xx_hal_adc_ex.o
       248         14          0          0          0      27448   stm32f1xx_hal_cortex.o
       488         42          0          0          0       4226   stm32f1xx_hal_gpio.o
       312         36          0          0          0       2046   stm32f1xx_hal_msp.o
        24          4          0          0          0        503   stm32f1xx_hal_pwr.o
      1926         94          0          0          0       5125   stm32f1xx_hal_rcc.o
       392         24          0          0          0       2145   stm32f1xx_hal_rcc_ex.o
      1388         20          0          0          0      12898   stm32f1xx_hal_rtc.o
        64          0          0          0          0       2069   stm32f1xx_hal_rtc_ex.o
       104         18          0          0          0       5471   stm32f1xx_it.o
        76         16         24          4          0       1363   system_stm32f1xx.o
      1438         56       2060         12          0      21086   ugui.o

    ----------------------------------------------------------------------
     11640        802       2404         72       3300     429817   Object Totals
         0          0         32          0          0          0   (incl. Generated)
        32          0          0          4          4          0   (incl. Padding)

    ----------------------------------------------------------------------

      Code (inc. data)   RO Data    RW Data    ZI Data      Debug   Library Member Name

        76          0          0          0          0         84   sqrt.o
         0          0          0          0          0          0   entry.o
         0          0          0          0          0          0   entry10a.o
         0          0          0          0          0          0   entry11a.o
         8          4          0          0          0          0   entry2.o
         4          0          0          0          0          0   entry5.o
         0          0          0          0          0          0   entry7b.o
         0          0          0          0          0          0   entry8b.o
         8          4          0          0          0          0   entry9a.o
        12          6          0          4          0         68   errno.o
        30          0          0          0          0          0   handlers.o
        36          8          0          0          0         68   init.o
         0          0          0          0          0          0   iusefp.o
        30          0          0          0          0         68   llshl.o
        36          0          0          0          0         68   llsshr.o
        32          0          0          0          0         68   llushr.o
        56          0          0          0          0         88   d2f.o
       334          0          0          0          0        148   dadd.o
       222          0          0          0          0        100   ddiv.o
       186          0          0          0          0        176   depilogue.o
        26          0          0          0          0         76   dfltui.o
       228          0          0          0          0         96   dmul.o
       162          0          0          0          0        100   dsqrt.o
        38          0          0          0          0         68   f2d.o
       110          0          0          0          0        168   fepilogue.o
        50          0          0          0          0         68   ffixi.o

    ----------------------------------------------------------------------
      1688         22          0          4          0       1512   Library Totals
         4          0          0          0          0          0   (incl. Padding)

    ----------------------------------------------------------------------

      Code (inc. data)   RO Data    RW Data    ZI Data      Debug   Library Name

        76          0          0          0          0         84   m_ws.l
       196         22          0          4          0        340   mc_w.l
      1412          0          0          0          0       1088   mf_w.l

    ----------------------------------------------------------------------
      1688         22          0          4          0       1512   Library Totals

    ----------------------------------------------------------------------

==============================================================================


      Code (inc. data)   RO Data    RW Data    ZI Data      Debug   

     13328        824       2404         76       3300     424409   Grand Totals
     13328        824       2404         76       3300     424409   ELF Image Totals
     13328        824       2404         76          0          0   ROM Totals

==============================================================================

    Total RO  Size (Code + RO Data)                15732 (  15.36kB)
    Total RW  Size (RW Data + ZI Data)              3376 (   3.30kB)
    Total ROM Size (Code + RO Data + RW Data)      15808 (  15.44kB)

==============================================================================

